Archive member included to satisfy reference by file (symbol)

/Users/DucVoo/Documents/MCUXpressoIDE_11.0.0/workspace cpp/lpc_board_nxp_lpcxpresso_1549/Debug/liblpc_board_nxp_lpcxpresso_1549.a(board.o)
                              ./src/lab04-ex3.o (Board_LED_Set)
/Users/DucVoo/Documents/MCUXpressoIDE_11.0.0/workspace cpp/lpc_board_nxp_lpcxpresso_1549/Debug/liblpc_board_nxp_lpcxpresso_1549.a(board_sysinit.o)
                              ./src/sysinit.o (Board_SystemInit)
/Users/DucVoo/Documents/MCUXpressoIDE_11.0.0/workspace cpp/lpc_chip_15xx/Debug/liblpc_chip_15xx.a(chip_15xx.o)
                              ./src/lab04-ex3.o (SystemCoreClock)
/Users/DucVoo/Documents/MCUXpressoIDE_11.0.0/workspace cpp/lpc_chip_15xx/Debug/liblpc_chip_15xx.a(clock_15xx.o)
                              /Users/DucVoo/Documents/MCUXpressoIDE_11.0.0/workspace cpp/lpc_board_nxp_lpcxpresso_1549/Debug/liblpc_board_nxp_lpcxpresso_1549.a(board.o) (Chip_Clock_GetMainClockRate)
/Users/DucVoo/Documents/MCUXpressoIDE_11.0.0/workspace cpp/lpc_chip_15xx/Debug/liblpc_chip_15xx.a(gpio_15xx.o)
                              /Users/DucVoo/Documents/MCUXpressoIDE_11.0.0/workspace cpp/lpc_board_nxp_lpcxpresso_1549/Debug/liblpc_board_nxp_lpcxpresso_1549.a(board.o) (Chip_GPIO_Init)
/Users/DucVoo/Documents/MCUXpressoIDE_11.0.0/workspace cpp/lpc_chip_15xx/Debug/liblpc_chip_15xx.a(i2c_common_15xx.o)
                              ./src/lab04-ex3.o (Chip_I2C_Init)
/Users/DucVoo/Documents/MCUXpressoIDE_11.0.0/workspace cpp/lpc_chip_15xx/Debug/liblpc_chip_15xx.a(i2cm_15xx.o)
                              ./src/lab04-ex3.o (Chip_I2CM_SetBusSpeed)
/Users/DucVoo/Documents/MCUXpressoIDE_11.0.0/workspace cpp/lpc_chip_15xx/Debug/liblpc_chip_15xx.a(iocon_15xx.o)
                              /Users/DucVoo/Documents/MCUXpressoIDE_11.0.0/workspace cpp/lpc_board_nxp_lpcxpresso_1549/Debug/liblpc_board_nxp_lpcxpresso_1549.a(board_sysinit.o) (Chip_IOCON_SetPinMuxing)
/Users/DucVoo/Documents/MCUXpressoIDE_11.0.0/workspace cpp/lpc_chip_15xx/Debug/liblpc_chip_15xx.a(swm_15xx.o)
                              ./src/ITM_write.o (Chip_SWM_MovablePinAssign)
/Users/DucVoo/Documents/MCUXpressoIDE_11.0.0/workspace cpp/lpc_chip_15xx/Debug/liblpc_chip_15xx.a(sysctl_15xx.o)
                              /Users/DucVoo/Documents/MCUXpressoIDE_11.0.0/workspace cpp/lpc_board_nxp_lpcxpresso_1549/Debug/liblpc_board_nxp_lpcxpresso_1549.a(board_sysinit.o) (Chip_SYSCTL_AssertPeriphReset)
/Users/DucVoo/Documents/MCUXpressoIDE_11.0.0/workspace cpp/lpc_chip_15xx/Debug/liblpc_chip_15xx.a(sysinit_15xx.o)
                              /Users/DucVoo/Documents/MCUXpressoIDE_11.0.0/workspace cpp/lpc_board_nxp_lpcxpresso_1549/Debug/liblpc_board_nxp_lpcxpresso_1549.a(board_sysinit.o) (Chip_SetupXtalClocking)
/Users/DucVoo/Documents/MCUXpressoIDE_11.0.0/workspace cpp/lpc_chip_15xx/Debug/liblpc_chip_15xx.a(uart_15xx.o)
                              /Users/DucVoo/Documents/MCUXpressoIDE_11.0.0/workspace cpp/lpc_board_nxp_lpcxpresso_1549/Debug/liblpc_board_nxp_lpcxpresso_1549.a(board.o) (Chip_UART_Init)
/Users/DucVoo/Documents/MCUXpressoIDE_11.0.0/workspace cpp/lpc_chip_15xx/Debug/liblpc_chip_15xx.a(ring_buffer.o)
                              /Users/DucVoo/Documents/MCUXpressoIDE_11.0.0/workspace cpp/lpc_chip_15xx/Debug/liblpc_chip_15xx.a(uart_15xx.o) (RingBuffer_Insert)
/Applications/MCUXpressoIDE_11.0.0_2516/ide/plugins/com.nxp.mcuxpresso.tools.macosx_11.0.0.201905131304/tools/bin/../lib/gcc/arm-none-eabi/8.2.1/thumb/v7-m/nofp/libgcc.a(_aeabi_uldivmod.o)
                              /Users/DucVoo/Documents/MCUXpressoIDE_11.0.0/workspace cpp/lpc_chip_15xx/Debug/liblpc_chip_15xx.a(clock_15xx.o) (__aeabi_uldivmod)
/Applications/MCUXpressoIDE_11.0.0_2516/ide/plugins/com.nxp.mcuxpresso.tools.macosx_11.0.0.201905131304/tools/bin/../lib/gcc/arm-none-eabi/8.2.1/thumb/v7-m/nofp/libgcc.a(_udivmoddi4.o)
                              /Applications/MCUXpressoIDE_11.0.0_2516/ide/plugins/com.nxp.mcuxpresso.tools.macosx_11.0.0.201905131304/tools/bin/../lib/gcc/arm-none-eabi/8.2.1/thumb/v7-m/nofp/libgcc.a(_aeabi_uldivmod.o) (__udivmoddi4)
/Applications/MCUXpressoIDE_11.0.0_2516/ide/plugins/com.nxp.mcuxpresso.tools.macosx_11.0.0.201905131304/tools/bin/../lib/gcc/arm-none-eabi/8.2.1/thumb/v7-m/nofp/libgcc.a(_dvmd_tls.o)
                              /Applications/MCUXpressoIDE_11.0.0_2516/ide/plugins/com.nxp.mcuxpresso.tools.macosx_11.0.0.201905131304/tools/bin/../lib/gcc/arm-none-eabi/8.2.1/thumb/v7-m/nofp/libgcc.a(_aeabi_uldivmod.o) (__aeabi_ldiv0)
/Applications/MCUXpressoIDE_11.0.0_2516/ide/plugins/com.nxp.mcuxpresso.tools.macosx_11.0.0.201905131304/tools/bin/../lib/gcc/arm-none-eabi/8.2.1/../../../../arm-none-eabi/lib/thumb/v7-m/nofp/libc.a(lib_a-init.o)
                              ./src/cr_startup_lpc15xx.o (__libc_init_array)
[...]
Memory Configuration

Name             Origin             Length             Attributes
MFlash256        0x0000000000000000 0x0000000000040000 xr
Ram0_16          0x0000000002000000 0x0000000000004000 xrw
Ram1_16          0x0000000002004000 0x0000000000004000 xrw
Ram2_4           0x0000000002008000 0x0000000000001000 xrw
*default*        0x0000000000000000 0xffffffffffffffff

Linker script and memory map

LOAD ./src/DigitalIoPin.o
LOAD ./src/ITM_write.o
LOAD ./src/cr_cpp_config.o
LOAD ./src/cr_startup_lpc15xx.o
LOAD ./src/crp.o
LOAD ./src/lab04-ex3.o
LOAD ./src/printer.o
LOAD ./src/sysinit.o
LOAD /Users/DucVoo/Documents/MCUXpressoIDE_11.0.0/workspace cpp/lpc_board_nxp_lpcxpresso_1549/Debug/liblpc_board_nxp_lpcxpresso_1549.a
LOAD /Users/DucVoo/Documents/MCUXpressoIDE_11.0.0/workspace cpp/lpc_chip_15xx/Debug/liblpc_chip_15xx.a
START GROUP
LOAD /Applications/MCUXpressoIDE_11.0.0_2516/ide/plugins/com.nxp.mcuxpresso.tools.macosx_11.0.0.201905131304/tools/bin/../lib/gcc/arm-none-eabi/8.2.1/thumb/v7-m/nofp/libgcc.a
LOAD /Applications/MCUXpressoIDE_11.0.0_2516/ide/plugins/com.nxp.mcuxpresso.tools.macosx_11.0.0.201905131304/tools/bin/../lib/gcc/arm-none-eabi/8.2.1/../../../../arm-none-eabi/lib/thumb/v7-m/nofp/libc.a
LOAD /Applications/MCUXpressoIDE_11.0.0_2516/ide/plugins/com.nxp.mcuxpresso.tools.macosx_11.0.0.201905131304/tools/bin/../lib/gcc/arm-none-eabi/8.2.1/../../../../arm-none-eabi/lib/thumb/v7-m/nofp/libstdc++.a
LOAD /Applications/MCUXpressoIDE_11.0.0_2516/ide/plugins/com.nxp.mcuxpresso.tools.macosx_11.0.0.201905131304/tools/bin/../lib/gcc/arm-none-eabi/8.2.1/../../../../arm-none-eabi/lib/thumb/v7-m/nofp/libm.a
LOAD /Applications/MCUXpressoIDE_11.0.0_2516/ide/plugins/com.nxp.mcuxpresso.tools.macosx_11.0.0.201905131304/tools/bin/../lib/gcc/arm-none-eabi/8.2.1/../../../../arm-none-eabi/lib/thumb/v7-m/nofp/libcr_newlib_nohost.a
LOAD /Applications/MCUXpressoIDE_11.0.0_2516/ide/plugins/com.nxp.mcuxpresso.tools.macosx_11.0.0.201905131304/tools/bin/../lib/gcc/arm-none-eabi/8.2.1/thumb/v7-m/nofp/crti.o
LOAD /Applications/MCUXpressoIDE_11.0.0_2516/ide/plugins/com.nxp.mcuxpresso.tools.macosx_11.0.0.201905131304/tools/bin/../lib/gcc/arm-none-eabi/8.2.1/thumb/v7-m/nofp/crtn.o
LOAD /Applications/MCUXpressoIDE_11.0.0_2516/ide/plugins/com.nxp.mcuxpresso.tools.macosx_11.0.0.201905131304/tools/bin/../lib/gcc/arm-none-eabi/8.2.1/thumb/v7-m/nofp/crtbegin.o
LOAD /Applications/MCUXpressoIDE_11.0.0_2516/ide/plugins/com.nxp.mcuxpresso.tools.macosx_11.0.0.201905131304/tools/bin/../lib/gcc/arm-none-eabi/8.2.1/thumb/v7-m/nofp/crtend.o
END GROUP
                0x0000000000000000                __base_MFlash256 = 0x0
                0x0000000000000000                __base_Flash = 0x0
                0x0000000000040000                __top_MFlash256 = 0x40000
                0x0000000000040000                __top_Flash = 0x40000
                0x0000000002000000                __base_Ram0_16 = 0x2000000
                0x0000000002000000                __base_RAM = 0x2000000
                0x0000000002004000                __top_Ram0_16 = 0x2004000
                0x0000000002004000                __top_RAM = 0x2004000
                0x0000000002004000                __base_Ram1_16 = 0x2004000
                0x0000000002004000                __base_RAM2 = 0x2004000
                0x0000000002008000                __top_Ram1_16 = 0x2008000
                0x0000000002008000                __top_RAM2 = 0x2008000
                0x0000000002008000                __base_Ram2_4 = 0x2008000
                0x0000000002008000                __base_RAM3 = 0x2008000
                0x0000000002009000                __top_Ram2_4 = 0x2009000
                0x0000000002009000                __top_RAM3 = 0x2009000

.text           0x0000000000000000     0x6e80
 FILL mask 0xff
                0x0000000000000000                __vectors_start__ = ABSOLUTE (.)
 *(.isr_vector)
 .isr_vector    0x0000000000000000       0xfc ./src/cr_startup_lpc15xx.o
                0x0000000000000000                g_pfnVectors
                0x00000000000000fc                . = ALIGN (0x4)
                0x00000000000000fc                __section_table_start = .
                0x00000000000000fc                __data_section_table = .
                0x00000000000000fc        0x4 LONG 0x6e88 LOADADDR (.data)
                0x0000000000000100        0x4 LONG 0x2000000 ADDR (.data)
                0x0000000000000104        0x4 LONG 0x9ac SIZEOF (.data)
                0x0000000000000108        0x4 LONG 0x6e88 LOADADDR (.data_RAM2)
                0x000000000000010c        0x4 LONG 0x2004000 ADDR (.data_RAM2)
                0x0000000000000110        0x4 LONG 0x0 SIZEOF (.data_RAM2)
                0x0000000000000114        0x4 LONG 0x6e88 LOADADDR (.data_RAM3)
                0x0000000000000118        0x4 LONG 0x2008000 ADDR (.data_RAM3)
                0x000000000000011c        0x4 LONG 0x0 SIZEOF (.data_RAM3)
                0x0000000000000120                __data_section_table_end = .
                0x0000000000000120                __bss_section_table = .
                0x0000000000000120        0x4 LONG 0x20009ac ADDR (.bss)
                0x0000000000000124        0x4 LONG 0xa0 SIZEOF (.bss)
                0x0000000000000128        0x4 LONG 0x2004000 ADDR (.bss_RAM2)
                0x000000000000012c        0x4 LONG 0x0 SIZEOF (.bss_RAM2)
                0x0000000000000130        0x4 LONG 0x2008000 ADDR (.bss_RAM3)
                0x0000000000000134        0x4 LONG 0x0 SIZEOF (.bss_RAM3)
                0x0000000000000138                __bss_section_table_end = .
                0x0000000000000138                __section_table_end = .
 *(.after_vectors*)
 .after_vectors
                0x0000000000000138      0x140 ./src/cr_startup_lpc15xx.o
                0x0000000000000138                data_init(unsigned int, unsigned int, unsigned int)
                0x000000000000017a                bss_init(unsigned int, unsigned int)
                0x00000000000001b0                ResetISR
                0x000000000000023c                NMI_Handler
                0x0000000000000242                HardFault_Handler
                0x0000000000000248                MemManage_Handler
                0x000000000000024e                BusFault_Handler
                0x0000000000000254                UsageFault_Handler
                0x000000000000025a                SVC_Handler
                0x0000000000000260                DebugMon_Handler
                0x0000000000000266                PendSV_Handler
                0x0000000000000272                PIN_INT6_IRQHandler
                0x0000000000000272                IntDefaultHandler
                0x0000000000000272                PIN_INT4_IRQHandler
                0x0000000000000272                CAN_IRQHandler
                0x0000000000000272                RTC_ALARM_IRQHandler
                0x0000000000000272                ADC1B_IRQHandler
                0x0000000000000272                ADC1_OVR_IRQHandler
                0x0000000000000272                USBWakeup_IRQHandler
                0x0000000000000272                UART2_IRQHandler
                0x0000000000000272                PIN_INT5_IRQHandler
                0x0000000000000272                SCT1_IRQHandler
                0x0000000000000272                PIN_INT2_IRQHandler
                0x0000000000000272                USB_FIQHandler
                0x0000000000000272                SCT3_IRQHandler
                0x0000000000000272                PIN_INT7_IRQHandler
                0x0000000000000272                PIN_INT1_IRQHandler
                0x0000000000000272                USB_IRQHandler
                0x0000000000000272                BOD_IRQHandler
                0x0000000000000272                ADC0B_IRQHandler
                0x0000000000000272                ACMP0_IRQHandler
                0x0000000000000272                WDT_IRQHandler
                0x0000000000000272                PIN_INT0_IRQHandler
                0x0000000000000272                QEI_IRQHandler
                0x0000000000000272                ACMP3_IRQHandler
                0x0000000000000272                GINT0_IRQHandler
                0x0000000000000272                DAC_IRQHandler
                0x0000000000000272                SPI0_IRQHandler
                0x0000000000000272                EEPROM_IRQHandler
                0x0000000000000272                ACMP2_IRQHandler
                0x0000000000000272                ADC1A_IRQHandler
                0x0000000000000272                DMA_IRQHandler
                0x0000000000000272                PIN_INT3_IRQHandler
                0x0000000000000272                ACMP1_IRQHandler
                0x0000000000000272                ADC0A_IRQHandler
                0x0000000000000272                FMC_IRQHandler
                0x0000000000000272                GINT1_IRQHandler
                0x0000000000000272                SCT0_IRQHandler
                0x0000000000000272                ADC0_THCMP_IRQHandler
                0x0000000000000272                RIT_IRQHandler
                0x0000000000000272                I2C0_IRQHandler
                0x0000000000000272                ADC0_OVR_IRQHandler
                0x0000000000000272                ADC1_THCMP_IRQHandler
                0x0000000000000272                SCT2_IRQHandler
                0x0000000000000272                MRT_IRQHandler
                0x0000000000000272                UART1_IRQHandler
                0x0000000000000272                RTC_WAKE_IRQHandler
                0x0000000000000272                UART0_IRQHandler
                0x0000000000000272                SPI1_IRQHandler
 *(.text*)
 .text.Chip_IOCON_PinMuxSet
                0x0000000000000278       0x2c ./src/DigitalIoPin.o
 .text.Chip_GPIO_GetPinState
                0x00000000000002a4       0x34 ./src/DigitalIoPin.o
 .text.Chip_GPIO_SetPinDIROutput
                0x00000000000002d8       0x3c ./src/DigitalIoPin.o
 .text.Chip_GPIO_SetPinDIRInput
                0x0000000000000314       0x3e ./src/DigitalIoPin.o
 .text.Chip_GPIO_SetPinToggle
                0x0000000000000352       0x30 ./src/DigitalIoPin.o
 *fill*         0x0000000000000382        0x2 ff
 .text._ZN12DigitalIoPinC2Eiibbb
                0x0000000000000384       0x9c ./src/DigitalIoPin.o
                0x0000000000000384                DigitalIoPin::DigitalIoPin(int, int, bool, bool, bool)
                0x0000000000000384                DigitalIoPin::DigitalIoPin(int, int, bool, bool, bool)
 .text._ZN12DigitalIoPin4readEv
                0x0000000000000420       0x28 ./src/DigitalIoPin.o
                0x0000000000000420                DigitalIoPin::read()
 .text._ZN12DigitalIoPin6toggleEv
                0x0000000000000448       0x26 ./src/DigitalIoPin.o
                0x0000000000000448                DigitalIoPin::toggle()
 .text.Chip_SWM_MovablePortPinAssign
                0x000000000000046e       0x30 ./src/ITM_write.o
 .text.ITM_init
                0x000000000000049e       0x12 ./src/ITM_write.o
                0x000000000000049e                ITM_init
 .text.ITM_write
                0x00000000000004b0       0x7c ./src/ITM_write.o
                0x00000000000004b0                ITM_write
 .text.NVIC_DisableIRQ
                0x000000000000052c       0x38 ./src/lab04-ex3.o
 .text.NVIC_SetPriority
                0x0000000000000564       0x5c ./src/lab04-ex3.o
 .text.SysTick_Config
                0x00000000000005c0       0x44 ./src/lab04-ex3.o
 .text.Chip_IOCON_PinMuxSet
                0x0000000000000604       0x2c ./src/lab04-ex3.o
 .text.Chip_I2C_SetClockDiv
                0x0000000000000630       0x32 ./src/lab04-ex3.o
 .text.Chip_I2CM_Enable
                0x0000000000000662       0x22 ./src/lab04-ex3.o
 .text._ZStanSt12memory_orderSt23__memory_order_modifier
                0x0000000000000684       0x24 ./src/lab04-ex3.o
                0x0000000000000684                std::operator&(std::memory_order, std::__memory_order_modifier)
 .text.SysTick_Handler
                0x00000000000006a8       0x2c ./src/lab04-ex3.o
                0x00000000000006a8                SysTick_Handler
 .text._ZL15Init_I2C_PinMuxv
                0x00000000000006d4       0x30 ./src/lab04-ex3.o
 .text._ZL14setupI2CMasterv
                0x0000000000000704       0x2c ./src/lab04-ex3.o
 .text._ZL22SetupXferRecAndExecutehPhtS_t
                0x0000000000000730       0x50 ./src/lab04-ex3.o
 .text.main     0x0000000000000780      0x190 ./src/lab04-ex3.o
                0x0000000000000780                main
 .text._Z11handleEventv
                0x0000000000000910      0x10c ./src/lab04-ex3.o
                0x0000000000000910                handleEvent()
 .text._Z4showh
                0x0000000000000a1c       0x64 ./src/lab04-ex3.o
                0x0000000000000a1c                show(unsigned char)
 .text._ZNVKSt13__atomic_baseIiEcviEv
                0x0000000000000a80       0x36 ./src/lab04-ex3.o
                0x0000000000000a80                std::__atomic_base<int>::operator int() const volatile
 .text._ZNVSt13__atomic_baseIiEmmEi
                0x0000000000000ab6       0x42 ./src/lab04-ex3.o
                0x0000000000000ab6                std::__atomic_base<int>::operator--(int) volatile
 .text._Z41__static_initialization_and_destruction_0ii
                0x0000000000000af8       0x2c ./src/lab04-ex3.o
 .text._GLOBAL__sub_I_SysTick_Handler
                0x0000000000000b24       0x10 ./src/lab04-ex3.o
 .text._ZN7PrinterC2Ev
                0x0000000000000b34       0x16 ./src/printer.o
                0x0000000000000b34                Printer::Printer()
                0x0000000000000b34                Printer::Printer()
 .text._ZN7Printer5printEPKcz
                0x0000000000000b4a       0x46 ./src/printer.o
                0x0000000000000b4a                Printer::print(char const*, ...)
 .text.SystemInit
                0x0000000000000b90        0xc ./src/sysinit.o
                0x0000000000000b90                SystemInit
 .text.Chip_IOCON_PinMuxSet
                0x0000000000000b9c       0x2c /Users/DucVoo/Documents/MCUXpressoIDE_11.0.0/workspace cpp/lpc_board_nxp_lpcxpresso_1549/Debug/liblpc_board_nxp_lpcxpresso_1549.a(board.o)
 .text.Chip_SWM_MovablePortPinAssign
                0x0000000000000bc8       0x30 /Users/DucVoo/Documents/MCUXpressoIDE_11.0.0/workspace cpp/lpc_board_nxp_lpcxpresso_1549/Debug/liblpc_board_nxp_lpcxpresso_1549.a(board.o)
 .text.Chip_GPIO_SetPinState
                0x0000000000000bf8       0x36 /Users/DucVoo/Documents/MCUXpressoIDE_11.0.0/workspace cpp/lpc_board_nxp_lpcxpresso_1549/Debug/liblpc_board_nxp_lpcxpresso_1549.a(board.o)
 .text.Chip_GPIO_SetPinDIROutput
                0x0000000000000c2e       0x3c /Users/DucVoo/Documents/MCUXpressoIDE_11.0.0/workspace cpp/lpc_board_nxp_lpcxpresso_1549/Debug/liblpc_board_nxp_lpcxpresso_1549.a(board.o)
 .text.Chip_UART_Enable
                0x0000000000000c6a       0x1e /Users/DucVoo/Documents/MCUXpressoIDE_11.0.0/workspace cpp/lpc_board_nxp_lpcxpresso_1549/Debug/liblpc_board_nxp_lpcxpresso_1549.a(board.o)
 .text.Chip_UART_TXEnable
                0x0000000000000c88       0x1e /Users/DucVoo/Documents/MCUXpressoIDE_11.0.0/workspace cpp/lpc_board_nxp_lpcxpresso_1549/Debug/liblpc_board_nxp_lpcxpresso_1549.a(board.o)
 .text.Chip_UART_ConfigData
                0x0000000000000ca6       0x28 /Users/DucVoo/Documents/MCUXpressoIDE_11.0.0/workspace cpp/lpc_board_nxp_lpcxpresso_1549/Debug/liblpc_board_nxp_lpcxpresso_1549.a(board.o)
 *fill*         0x0000000000000cce        0x2 ff
 .text.Board_Debug_Init
                0x0000000000000cd0       0x70 /Users/DucVoo/Documents/MCUXpressoIDE_11.0.0/workspace cpp/lpc_board_nxp_lpcxpresso_1549/Debug/liblpc_board_nxp_lpcxpresso_1549.a(board.o)
                0x0000000000000cd0                Board_Debug_Init
 .text.Board_LED_Init
                0x0000000000000d40       0x5c /Users/DucVoo/Documents/MCUXpressoIDE_11.0.0/workspace cpp/lpc_board_nxp_lpcxpresso_1549/Debug/liblpc_board_nxp_lpcxpresso_1549.a(board.o)
 .text.Board_LED_Set
                0x0000000000000d9c       0x54 /Users/DucVoo/Documents/MCUXpressoIDE_11.0.0/workspace cpp/lpc_board_nxp_lpcxpresso_1549/Debug/liblpc_board_nxp_lpcxpresso_1549.a(board.o)
                0x0000000000000d9c                Board_LED_Set
 .text.Board_Init
                0x0000000000000df0       0x18 /Users/DucVoo/Documents/MCUXpressoIDE_11.0.0/workspace cpp/lpc_board_nxp_lpcxpresso_1549/Debug/liblpc_board_nxp_lpcxpresso_1549.a(board.o)
                0x0000000000000df0                Board_Init
 .text.Chip_SYSCTL_PeriphReset
                0x0000000000000e08       0x22 /Users/DucVoo/Documents/MCUXpressoIDE_11.0.0/workspace cpp/lpc_board_nxp_lpcxpresso_1549/Debug/liblpc_board_nxp_lpcxpresso_1549.a(board_sysinit.o)
 *fill*         0x0000000000000e2a        0x2 ff
 .text.Chip_Clock_SetUSBPLLSource
                0x0000000000000e2c       0x20 /Users/DucVoo/Documents/MCUXpressoIDE_11.0.0/workspace cpp/lpc_board_nxp_lpcxpresso_1549/Debug/liblpc_board_nxp_lpcxpresso_1549.a(board_sysinit.o)
 .text.Chip_Clock_SetupUSBPLL
                0x0000000000000e4c       0x34 /Users/DucVoo/Documents/MCUXpressoIDE_11.0.0/workspace cpp/lpc_board_nxp_lpcxpresso_1549/Debug/liblpc_board_nxp_lpcxpresso_1549.a(board_sysinit.o)
 .text.Chip_Clock_IsUSBPLLLocked
                0x0000000000000e80       0x24 /Users/DucVoo/Documents/MCUXpressoIDE_11.0.0/workspace cpp/lpc_board_nxp_lpcxpresso_1549/Debug/liblpc_board_nxp_lpcxpresso_1549.a(board_sysinit.o)
 .text.Chip_Clock_SetSysTickClockDiv
                0x0000000000000ea4       0x20 /Users/DucVoo/Documents/MCUXpressoIDE_11.0.0/workspace cpp/lpc_board_nxp_lpcxpresso_1549/Debug/liblpc_board_nxp_lpcxpresso_1549.a(board_sysinit.o)
 .text.Chip_SWM_MovablePortPinAssign
                0x0000000000000ec4       0x30 /Users/DucVoo/Documents/MCUXpressoIDE_11.0.0/workspace cpp/lpc_board_nxp_lpcxpresso_1549/Debug/liblpc_board_nxp_lpcxpresso_1549.a(board_sysinit.o)
 .text.Board_SetupMuxing
                0x0000000000000ef4       0x80 /Users/DucVoo/Documents/MCUXpressoIDE_11.0.0/workspace cpp/lpc_board_nxp_lpcxpresso_1549/Debug/liblpc_board_nxp_lpcxpresso_1549.a(board_sysinit.o)
                0x0000000000000ef4                Board_SetupMuxing
 .text.Board_SetupClocking
                0x0000000000000f74       0x3a /Users/DucVoo/Documents/MCUXpressoIDE_11.0.0/workspace cpp/lpc_board_nxp_lpcxpresso_1549/Debug/liblpc_board_nxp_lpcxpresso_1549.a(board_sysinit.o)
                0x0000000000000f74                Board_SetupClocking
 *fill*         0x0000000000000fae        0x2 ff
 .text.Board_SystemInit
                0x0000000000000fb0       0x1c /Users/DucVoo/Documents/MCUXpressoIDE_11.0.0/workspace cpp/lpc_board_nxp_lpcxpresso_1549/Debug/liblpc_board_nxp_lpcxpresso_1549.a(board_sysinit.o)
                0x0000000000000fb0                Board_SystemInit
 .text.SystemCoreClockUpdate
                0x0000000000000fcc       0x18 /Users/DucVoo/Documents/MCUXpressoIDE_11.0.0/workspace cpp/lpc_chip_15xx/Debug/liblpc_chip_15xx.a(chip_15xx.o)
                0x0000000000000fcc                SystemCoreClockUpdate
 .text.Chip_Clock_SetMain_A_ClockSource
                0x0000000000000fe4       0x20 /Users/DucVoo/Documents/MCUXpressoIDE_11.0.0/workspace cpp/lpc_chip_15xx/Debug/liblpc_chip_15xx.a(clock_15xx.o)
 .text.Chip_Clock_GetMain_A_ClockSource
                0x0000000000001004       0x18 /Users/DucVoo/Documents/MCUXpressoIDE_11.0.0/workspace cpp/lpc_chip_15xx/Debug/liblpc_chip_15xx.a(clock_15xx.o)
 .text.Chip_Clock_SetMain_B_ClockSource
                0x000000000000101c       0x20 /Users/DucVoo/Documents/MCUXpressoIDE_11.0.0/workspace cpp/lpc_chip_15xx/Debug/liblpc_chip_15xx.a(clock_15xx.o)
 .text.Chip_Clock_GetMain_B_ClockSource
                0x000000000000103c       0x18 /Users/DucVoo/Documents/MCUXpressoIDE_11.0.0/workspace cpp/lpc_chip_15xx/Debug/liblpc_chip_15xx.a(clock_15xx.o)
 .text.Chip_Clock_SetUARTFRGDivider
                0x0000000000001054       0x20 /Users/DucVoo/Documents/MCUXpressoIDE_11.0.0/workspace cpp/lpc_chip_15xx/Debug/liblpc_chip_15xx.a(clock_15xx.o)
 .text.Chip_Clock_GetUARTFRGDivider
                0x0000000000001074       0x18 /Users/DucVoo/Documents/MCUXpressoIDE_11.0.0/workspace cpp/lpc_chip_15xx/Debug/liblpc_chip_15xx.a(clock_15xx.o)
 .text.Chip_Clock_GetMainOscRate
                0x000000000000108c       0x14 /Users/DucVoo/Documents/MCUXpressoIDE_11.0.0/workspace cpp/lpc_chip_15xx/Debug/liblpc_chip_15xx.a(clock_15xx.o)
 .text.Chip_Clock_GetIntOscRate
                0x00000000000010a0       0x14 /Users/DucVoo/Documents/MCUXpressoIDE_11.0.0/workspace cpp/lpc_chip_15xx/Debug/liblpc_chip_15xx.a(clock_15xx.o)
 .text.Chip_Clock_GetRTCOscRate
                0x00000000000010b4       0x14 /Users/DucVoo/Documents/MCUXpressoIDE_11.0.0/workspace cpp/lpc_chip_15xx/Debug/liblpc_chip_15xx.a(clock_15xx.o)
 .text.Chip_Clock_GetWDTOSCRate
                0x00000000000010c8       0x14 /Users/DucVoo/Documents/MCUXpressoIDE_11.0.0/workspace cpp/lpc_chip_15xx/Debug/liblpc_chip_15xx.a(clock_15xx.o)
 .text.Chip_Clock_GetPLLFreq
                0x00000000000010dc       0x26 /Users/DucVoo/Documents/MCUXpressoIDE_11.0.0/workspace cpp/lpc_chip_15xx/Debug/liblpc_chip_15xx.a(clock_15xx.o)
 .text.Chip_Clock_GetPLLInClockRate
                0x0000000000001102       0x38 /Users/DucVoo/Documents/MCUXpressoIDE_11.0.0/workspace cpp/lpc_chip_15xx/Debug/liblpc_chip_15xx.a(clock_15xx.o)
 *fill*         0x000000000000113a        0x2 ff
 .text.Chip_Clock_GetSystemPLLInClockRate
                0x000000000000113c       0x1c /Users/DucVoo/Documents/MCUXpressoIDE_11.0.0/workspace cpp/lpc_chip_15xx/Debug/liblpc_chip_15xx.a(clock_15xx.o)
                0x000000000000113c                Chip_Clock_GetSystemPLLInClockRate
 .text.Chip_Clock_GetSystemPLLOutClockRate
                0x0000000000001158       0x24 /Users/DucVoo/Documents/MCUXpressoIDE_11.0.0/workspace cpp/lpc_chip_15xx/Debug/liblpc_chip_15xx.a(clock_15xx.o)
                0x0000000000001158                Chip_Clock_GetSystemPLLOutClockRate
 .text.Chip_Clock_GetMain_A_ClockRate
                0x000000000000117c       0x44 /Users/DucVoo/Documents/MCUXpressoIDE_11.0.0/workspace cpp/lpc_chip_15xx/Debug/liblpc_chip_15xx.a(clock_15xx.o)
                0x000000000000117c                Chip_Clock_GetMain_A_ClockRate
 .text.Chip_Clock_GetMain_B_ClockRate
                0x00000000000011c0       0x58 /Users/DucVoo/Documents/MCUXpressoIDE_11.0.0/workspace cpp/lpc_chip_15xx/Debug/liblpc_chip_15xx.a(clock_15xx.o)
                0x00000000000011c0                Chip_Clock_GetMain_B_ClockRate
 .text.Chip_Clock_SetMainClockSource
                0x0000000000001218       0x3c /Users/DucVoo/Documents/MCUXpressoIDE_11.0.0/workspace cpp/lpc_chip_15xx/Debug/liblpc_chip_15xx.a(clock_15xx.o)
                0x0000000000001218                Chip_Clock_SetMainClockSource
 .text.Chip_Clock_GetMainClockRate
                0x0000000000001254       0x28 /Users/DucVoo/Documents/MCUXpressoIDE_11.0.0/workspace cpp/lpc_chip_15xx/Debug/liblpc_chip_15xx.a(clock_15xx.o)
                0x0000000000001254                Chip_Clock_GetMainClockRate
 .text.Chip_Clock_EnablePeriphClock
                0x000000000000127c       0x58 /Users/DucVoo/Documents/MCUXpressoIDE_11.0.0/workspace cpp/lpc_chip_15xx/Debug/liblpc_chip_15xx.a(clock_15xx.o)
                0x000000000000127c                Chip_Clock_EnablePeriphClock
 .text.Chip_Clock_GetUARTBaseClockRate
                0x00000000000012d4       0x8c /Users/DucVoo/Documents/MCUXpressoIDE_11.0.0/workspace cpp/lpc_chip_15xx/Debug/liblpc_chip_15xx.a(clock_15xx.o)
                0x00000000000012d4                Chip_Clock_GetUARTBaseClockRate
 .text.Chip_Clock_SetUARTBaseClockRate
                0x0000000000001360       0xa4 /Users/DucVoo/Documents/MCUXpressoIDE_11.0.0/workspace cpp/lpc_chip_15xx/Debug/liblpc_chip_15xx.a(clock_15xx.o)
                0x0000000000001360                Chip_Clock_SetUARTBaseClockRate
 .text.Chip_Clock_GetSystemClockRate
                0x0000000000001404       0x1c /Users/DucVoo/Documents/MCUXpressoIDE_11.0.0/workspace cpp/lpc_chip_15xx/Debug/liblpc_chip_15xx.a(clock_15xx.o)
                0x0000000000001404                Chip_Clock_GetSystemClockRate
 .text.Chip_SYSCTL_PeriphReset
                0x0000000000001420       0x22 /Users/DucVoo/Documents/MCUXpressoIDE_11.0.0/workspace cpp/lpc_chip_15xx/Debug/liblpc_chip_15xx.a(gpio_15xx.o)
 .text.Chip_GPIO_Init
                0x0000000000001442       0x2e /Users/DucVoo/Documents/MCUXpressoIDE_11.0.0/workspace cpp/lpc_chip_15xx/Debug/liblpc_chip_15xx.a(gpio_15xx.o)
                0x0000000000001442                Chip_GPIO_Init
 .text.Chip_SYSCTL_PeriphReset
                0x0000000000001470       0x22 /Users/DucVoo/Documents/MCUXpressoIDE_11.0.0/workspace cpp/lpc_chip_15xx/Debug/liblpc_chip_15xx.a(i2c_common_15xx.o)
 .text.Chip_I2C_Init
                0x0000000000001492       0x1c /Users/DucVoo/Documents/MCUXpressoIDE_11.0.0/workspace cpp/lpc_chip_15xx/Debug/liblpc_chip_15xx.a(i2c_common_15xx.o)
                0x0000000000001492                Chip_I2C_Init
 .text.Chip_I2C_GetClockDiv
                0x00000000000014ae       0x1a /Users/DucVoo/Documents/MCUXpressoIDE_11.0.0/workspace cpp/lpc_chip_15xx/Debug/liblpc_chip_15xx.a(i2cm_15xx.o)
 .text.Chip_I2CM_SetDutyCycle
                0x00000000000014c8       0x34 /Users/DucVoo/Documents/MCUXpressoIDE_11.0.0/workspace cpp/lpc_chip_15xx/Debug/liblpc_chip_15xx.a(i2cm_15xx.o)
 .text.Chip_I2CM_GetStatus
                0x00000000000014fc       0x16 /Users/DucVoo/Documents/MCUXpressoIDE_11.0.0/workspace cpp/lpc_chip_15xx/Debug/liblpc_chip_15xx.a(i2cm_15xx.o)
 .text.Chip_I2CM_ClearStatus
                0x0000000000001512       0x1e /Users/DucVoo/Documents/MCUXpressoIDE_11.0.0/workspace cpp/lpc_chip_15xx/Debug/liblpc_chip_15xx.a(i2cm_15xx.o)
 .text.Chip_I2CM_IsMasterPending
                0x0000000000001530       0x24 /Users/DucVoo/Documents/MCUXpressoIDE_11.0.0/workspace cpp/lpc_chip_15xx/Debug/liblpc_chip_15xx.a(i2cm_15xx.o)
 .text.Chip_I2CM_GetMasterState
                0x0000000000001554       0x1c /Users/DucVoo/Documents/MCUXpressoIDE_11.0.0/workspace cpp/lpc_chip_15xx/Debug/liblpc_chip_15xx.a(i2cm_15xx.o)
 .text.Chip_I2CM_SendStart
                0x0000000000001570       0x18 /Users/DucVoo/Documents/MCUXpressoIDE_11.0.0/workspace cpp/lpc_chip_15xx/Debug/liblpc_chip_15xx.a(i2cm_15xx.o)
 .text.Chip_I2CM_SendStop
                0x0000000000001588       0x18 /Users/DucVoo/Documents/MCUXpressoIDE_11.0.0/workspace cpp/lpc_chip_15xx/Debug/liblpc_chip_15xx.a(i2cm_15xx.o)
 .text.Chip_I2CM_MasterContinue
                0x00000000000015a0       0x18 /Users/DucVoo/Documents/MCUXpressoIDE_11.0.0/workspace cpp/lpc_chip_15xx/Debug/liblpc_chip_15xx.a(i2cm_15xx.o)
 .text.Chip_I2CM_WriteByte
                0x00000000000015b8       0x1c /Users/DucVoo/Documents/MCUXpressoIDE_11.0.0/workspace cpp/lpc_chip_15xx/Debug/liblpc_chip_15xx.a(i2cm_15xx.o)
 .text.Chip_I2CM_SetBusSpeed
                0x00000000000015d4       0x48 /Users/DucVoo/Documents/MCUXpressoIDE_11.0.0/workspace cpp/lpc_chip_15xx/Debug/liblpc_chip_15xx.a(i2cm_15xx.o)
                0x00000000000015d4                Chip_I2CM_SetBusSpeed
 .text.Chip_I2CM_XferHandler
                0x000000000000161c      0x160 /Users/DucVoo/Documents/MCUXpressoIDE_11.0.0/workspace cpp/lpc_chip_15xx/Debug/liblpc_chip_15xx.a(i2cm_15xx.o)
                0x000000000000161c                Chip_I2CM_XferHandler
 .text.Chip_I2CM_Xfer
                0x000000000000177c       0x4c /Users/DucVoo/Documents/MCUXpressoIDE_11.0.0/workspace cpp/lpc_chip_15xx/Debug/liblpc_chip_15xx.a(i2cm_15xx.o)
                0x000000000000177c                Chip_I2CM_Xfer
 .text.Chip_I2CM_XferBlocking
                0x00000000000017c8       0x46 /Users/DucVoo/Documents/MCUXpressoIDE_11.0.0/workspace cpp/lpc_chip_15xx/Debug/liblpc_chip_15xx.a(i2cm_15xx.o)
                0x00000000000017c8                Chip_I2CM_XferBlocking
 .text.Chip_IOCON_PinMuxSet
                0x000000000000180e       0x2c /Users/DucVoo/Documents/MCUXpressoIDE_11.0.0/workspace cpp/lpc_chip_15xx/Debug/liblpc_chip_15xx.a(iocon_15xx.o)
 .text.Chip_IOCON_SetPinMuxing
                0x000000000000183a       0x4e /Users/DucVoo/Documents/MCUXpressoIDE_11.0.0/workspace cpp/lpc_chip_15xx/Debug/liblpc_chip_15xx.a(iocon_15xx.o)
                0x000000000000183a                Chip_IOCON_SetPinMuxing
 .text.Chip_SWM_MovablePinAssign
                0x0000000000001888       0x5c /Users/DucVoo/Documents/MCUXpressoIDE_11.0.0/workspace cpp/lpc_chip_15xx/Debug/liblpc_chip_15xx.a(swm_15xx.o)
                0x0000000000001888                Chip_SWM_MovablePinAssign
 .text.Chip_SWM_EnableFixedPin
                0x00000000000018e4       0x48 /Users/DucVoo/Documents/MCUXpressoIDE_11.0.0/workspace cpp/lpc_chip_15xx/Debug/liblpc_chip_15xx.a(swm_15xx.o)
                0x00000000000018e4                Chip_SWM_EnableFixedPin
 .text.Chip_SYSCTL_AssertPeriphReset
                0x000000000000192c       0x4c /Users/DucVoo/Documents/MCUXpressoIDE_11.0.0/workspace cpp/lpc_chip_15xx/Debug/liblpc_chip_15xx.a(sysctl_15xx.o)
                0x000000000000192c                Chip_SYSCTL_AssertPeriphReset
 .text.Chip_SYSCTL_DeassertPeriphReset
                0x0000000000001978       0x50 /Users/DucVoo/Documents/MCUXpressoIDE_11.0.0/workspace cpp/lpc_chip_15xx/Debug/liblpc_chip_15xx.a(sysctl_15xx.o)
                0x0000000000001978                Chip_SYSCTL_DeassertPeriphReset
 .text.Chip_SYSCTL_PowerDown
                0x00000000000019c8       0x40 /Users/DucVoo/Documents/MCUXpressoIDE_11.0.0/workspace cpp/lpc_chip_15xx/Debug/liblpc_chip_15xx.a(sysctl_15xx.o)
                0x00000000000019c8                Chip_SYSCTL_PowerDown
 .text.Chip_SYSCTL_PowerUp
                0x0000000000001a08       0x40 /Users/DucVoo/Documents/MCUXpressoIDE_11.0.0/workspace cpp/lpc_chip_15xx/Debug/liblpc_chip_15xx.a(sysctl_15xx.o)
                0x0000000000001a08                Chip_SYSCTL_PowerUp
 .text.Chip_FMC_SetFLASHAccess
                0x0000000000001a48       0x38 /Users/DucVoo/Documents/MCUXpressoIDE_11.0.0/workspace cpp/lpc_chip_15xx/Debug/liblpc_chip_15xx.a(sysinit_15xx.o)
 .text.Chip_Clock_SetSystemPLLSource
                0x0000000000001a80       0x20 /Users/DucVoo/Documents/MCUXpressoIDE_11.0.0/workspace cpp/lpc_chip_15xx/Debug/liblpc_chip_15xx.a(sysinit_15xx.o)
 .text.Chip_Clock_SetupSystemPLL
                0x0000000000001aa0       0x34 /Users/DucVoo/Documents/MCUXpressoIDE_11.0.0/workspace cpp/lpc_chip_15xx/Debug/liblpc_chip_15xx.a(sysinit_15xx.o)
 .text.Chip_Clock_IsSystemPLLLocked
                0x0000000000001ad4       0x24 /Users/DucVoo/Documents/MCUXpressoIDE_11.0.0/workspace cpp/lpc_chip_15xx/Debug/liblpc_chip_15xx.a(sysinit_15xx.o)
 .text.Chip_Clock_SetSysClockDiv
                0x0000000000001af8       0x20 /Users/DucVoo/Documents/MCUXpressoIDE_11.0.0/workspace cpp/lpc_chip_15xx/Debug/liblpc_chip_15xx.a(sysinit_15xx.o)
 .text.Chip_SetupXtalClocking
                0x0000000000001b18       0x52 /Users/DucVoo/Documents/MCUXpressoIDE_11.0.0/workspace cpp/lpc_chip_15xx/Debug/liblpc_chip_15xx.a(sysinit_15xx.o)
                0x0000000000001b18                Chip_SetupXtalClocking
 .text.Chip_SYSCTL_PeriphReset
                0x0000000000001b6a       0x22 /Users/DucVoo/Documents/MCUXpressoIDE_11.0.0/workspace cpp/lpc_chip_15xx/Debug/liblpc_chip_15xx.a(uart_15xx.o)
 .text.getUARTClockID
                0x0000000000001b8c       0x34 /Users/DucVoo/Documents/MCUXpressoIDE_11.0.0/workspace cpp/lpc_chip_15xx/Debug/liblpc_chip_15xx.a(uart_15xx.o)
 .text.Chip_UART_Init
                0x0000000000001bc0       0x4c /Users/DucVoo/Documents/MCUXpressoIDE_11.0.0/workspace cpp/lpc_chip_15xx/Debug/liblpc_chip_15xx.a(uart_15xx.o)
                0x0000000000001bc0                Chip_UART_Init
 .text.Chip_UART_SetBaud
                0x0000000000001c0c       0x2a /Users/DucVoo/Documents/MCUXpressoIDE_11.0.0/workspace cpp/lpc_chip_15xx/Debug/liblpc_chip_15xx.a(uart_15xx.o)
                0x0000000000001c0c                Chip_UART_SetBaud
 *fill*         0x0000000000001c36        0x2 ff
 .text          0x0000000000001c38       0x30 /Applications/MCUXpressoIDE_11.0.0_2516/ide/plugins/com.nxp.mcuxpresso.tools.macosx_11.0.0.201905131304/tools/bin/../lib/gcc/arm-none-eabi/8.2.1/thumb/v7-m/nofp/libgcc.a(_aeabi_uldivmod.o)
                0x0000000000001c38                __aeabi_uldivmod
 .text          0x0000000000001c68      0x2d0 /Applications/MCUXpressoIDE_11.0.0_2516/ide/plugins/com.nxp.mcuxpresso.tools.macosx_11.0.0.201905131304/tools/bin/../lib/gcc/arm-none-eabi/8.2.1/thumb/v7-m/nofp/libgcc.a(_udivmoddi4.o)
                0x0000000000001c68                __udivmoddi4
 .text          0x0000000000001f38        0x4 /Applications/MCUXpressoIDE_11.0.0_2516/ide/plugins/com.nxp.mcuxpresso.tools.macosx_11.0.0.201905131304/tools/bin/../lib/gcc/arm-none-eabi/8.2.1/thumb/v7-m/nofp/libgcc.a(_dvmd_tls.o)
                0x0000000000001f38                __aeabi_ldiv0
                0x0000000000001f38                __aeabi_idiv0
 .text.__libc_init_array
                0x0000000000001f3c       0x48 /Applications/MCUXpressoIDE_11.0.0_2516/ide/plugins/com.nxp.mcuxpresso.tools.macosx_11.0.0.201905131304/tools/bin/../lib/gcc/arm-none-eabi/8.2.1/../../../../arm-none-eabi/lib/thumb/v7-m/nofp/libc.a(lib_a-init.o)
                0x0000000000001f3c                __libc_init_array
 .text._malloc_r
                0x0000000000001f84      0x558 /Applications/MCUXpressoIDE_11.0.0_2516/ide/plugins/com.nxp.mcuxpresso.tools.macosx_11.0.0.201905131304/tools/bin/../lib/gcc/arm-none-eabi/8.2.1/../../../../arm-none-eabi/lib/thumb/v7-m/nofp/libc.a(lib_a-mallocr.o)
                0x0000000000001f84                _malloc_r
 .text          0x00000000000024dc       0xec /Applications/MCUXpressoIDE_11.0.0_2516/ide/plugins/com.nxp.mcuxpresso.tools.macosx_11.0.0.201905131304/tools/bin/../lib/gcc/arm-none-eabi/8.2.1/../../../../arm-none-eabi/lib/thumb/v7-m/nofp/libc.a(lib_a-memcpy.o)
                0x00000000000024dc                memcpy
 .text.__malloc_lock
                0x00000000000025c8        0xc /Applications/MCUXpressoIDE_11.0.0_2516/ide/plugins/com.nxp.mcuxpresso.tools.macosx_11.0.0.201905131304/tools/bin/../lib/gcc/arm-none-eabi/8.2.1/../../../../arm-none-eabi/lib/thumb/v7-m/nofp/libc.a(lib_a-mlock.o)
                0x00000000000025c8                __malloc_lock
 .text.__malloc_unlock
                0x00000000000025d4        0xc /Applications/MCUXpressoIDE_11.0.0_2516/ide/plugins/com.nxp.mcuxpresso.tools.macosx_11.0.0.201905131304/tools/bin/../lib/gcc/arm-none-eabi/8.2.1/../../../../arm-none-eabi/lib/thumb/v7-m/nofp/libc.a(lib_a-mlock.o)
                0x00000000000025d4                __malloc_unlock
 .text._sbrk_r  0x00000000000025e0       0x24 /Applications/MCUXpressoIDE_11.0.0_2516/ide/plugins/com.nxp.mcuxpresso.tools.macosx_11.0.0.201905131304/tools/bin/../lib/gcc/arm-none-eabi/8.2.1/../../../../arm-none-eabi/lib/thumb/v7-m/nofp/libc.a(lib_a-sbrkr.o)
                0x00000000000025e0                _sbrk_r
 .text._vsnprintf_r
                0x0000000000002604       0x68 /Applications/MCUXpressoIDE_11.0.0_2516/ide/plugins/com.nxp.mcuxpresso.tools.macosx_11.0.0.201905131304/tools/bin/../lib/gcc/arm-none-eabi/8.2.1/../../../../arm-none-eabi/lib/thumb/v7-m/nofp/libc.a(lib_a-vsnprintf.o)
                0x0000000000002604                _vsnprintf_r
 .text.vsnprintf
                0x000000000000266c       0x1c /Applications/MCUXpressoIDE_11.0.0_2516/ide/plugins/com.nxp.mcuxpresso.tools.macosx_11.0.0.201905131304/tools/bin/../lib/gcc/arm-none-eabi/8.2.1/../../../../arm-none-eabi/lib/thumb/v7-m/nofp/libc.a(lib_a-vsnprintf.o)
                0x000000000000266c                vsnprintf
 .text._malloc_trim_r
                0x0000000000002688       0xa0 /Applications/MCUXpressoIDE_11.0.0_2516/ide/plugins/com.nxp.mcuxpresso.tools.macosx_11.0.0.201905131304/tools/bin/../lib/gcc/arm-none-eabi/8.2.1/../../../../arm-none-eabi/lib/thumb/v7-m/nofp/libc.a(lib_a-freer.o)
                0x0000000000002688                _malloc_trim_r
 .text._free_r  0x0000000000002728      0x1ec /Applications/MCUXpressoIDE_11.0.0_2516/ide/plugins/com.nxp.mcuxpresso.tools.macosx_11.0.0.201905131304/tools/bin/../lib/gcc/arm-none-eabi/8.2.1/../../../../arm-none-eabi/lib/thumb/v7-m/nofp/libc.a(lib_a-freer.o)
                0x0000000000002728                _free_r
 .text.__retarget_lock_acquire_recursive
                0x0000000000002914        0x4 /Applications/MCUXpressoIDE_11.0.0_2516/ide/plugins/com.nxp.mcuxpresso.tools.macosx_11.0.0.201905131304/tools/bin/../lib/gcc/arm-none-eabi/8.2.1/../../../../arm-none-eabi/lib/thumb/v7-m/nofp/libc.a(lib_a-lock.o)
                0x0000000000002914                __retarget_lock_acquire_recursive
 .text.__retarget_lock_release_recursive
                0x0000000000002918        0x4 /Applications/MCUXpressoIDE_11.0.0_2516/ide/plugins/com.nxp.mcuxpresso.tools.macosx_11.0.0.201905131304/tools/bin/../lib/gcc/arm-none-eabi/8.2.1/../../../../arm-none-eabi/lib/thumb/v7-m/nofp/libc.a(lib_a-lock.o)
                0x0000000000002918                __retarget_lock_release_recursive
 .text._svfprintf_r
                0x000000000000291c     0x1a58 /Applications/MCUXpressoIDE_11.0.0_2516/ide/plugins/com.nxp.mcuxpresso.tools.macosx_11.0.0.201905131304/tools/bin/../lib/gcc/arm-none-eabi/8.2.1/../../../../arm-none-eabi/lib/thumb/v7-m/nofp/libc.a(lib_a-svfprintf.o)
                0x000000000000291c                _svfprintf_r
 .text.quorem   0x0000000000004374      0x12c /Applications/MCUXpressoIDE_11.0.0_2516/ide/plugins/com.nxp.mcuxpresso.tools.macosx_11.0.0.201905131304/tools/bin/../lib/gcc/arm-none-eabi/8.2.1/../../../../arm-none-eabi/lib/thumb/v7-m/nofp/libc.a(lib_a-dtoa.o)
 .text._dtoa_r  0x00000000000044a0      0xe6c /Applications/MCUXpressoIDE_11.0.0_2516/ide/plugins/com.nxp.mcuxpresso.tools.macosx_11.0.0.201905131304/tools/bin/../lib/gcc/arm-none-eabi/8.2.1/../../../../arm-none-eabi/lib/thumb/v7-m/nofp/libc.a(lib_a-dtoa.o)
                0x00000000000044a0                _dtoa_r
 .text._localeconv_r
                0x000000000000530c        0x8 /Applications/MCUXpressoIDE_11.0.0_2516/ide/plugins/com.nxp.mcuxpresso.tools.macosx_11.0.0.201905131304/tools/bin/../lib/gcc/arm-none-eabi/8.2.1/../../../../arm-none-eabi/lib/thumb/v7-m/nofp/libc.a(lib_a-localeconv.o)
                0x000000000000530c                _localeconv_r
 .text.memchr   0x0000000000005314       0x8c /Applications/MCUXpressoIDE_11.0.0_2516/ide/plugins/com.nxp.mcuxpresso.tools.macosx_11.0.0.201905131304/tools/bin/../lib/gcc/arm-none-eabi/8.2.1/../../../../arm-none-eabi/lib/thumb/v7-m/nofp/libc.a(lib_a-memchr-stub.o)
                0x0000000000005314                memchr
 .text._Balloc  0x00000000000053a0       0x4c /Applications/MCUXpressoIDE_11.0.0_2516/ide/plugins/com.nxp.mcuxpresso.tools.macosx_11.0.0.201905131304/tools/bin/../lib/gcc/arm-none-eabi/8.2.1/../../../../arm-none-eabi/lib/thumb/v7-m/nofp/libc.a(lib_a-mprec.o)
                0x00000000000053a0                _Balloc
 .text._Bfree   0x00000000000053ec       0x14 /Applications/MCUXpressoIDE_11.0.0_2516/ide/plugins/com.nxp.mcuxpresso.tools.macosx_11.0.0.201905131304/tools/bin/../lib/gcc/arm-none-eabi/8.2.1/../../../../arm-none-eabi/lib/thumb/v7-m/nofp/libc.a(lib_a-mprec.o)
                0x00000000000053ec                _Bfree
 .text.__multadd
                0x0000000000005400       0x8c /Applications/MCUXpressoIDE_11.0.0_2516/ide/plugins/com.nxp.mcuxpresso.tools.macosx_11.0.0.201905131304/tools/bin/../lib/gcc/arm-none-eabi/8.2.1/../../../../arm-none-eabi/lib/thumb/v7-m/nofp/libc.a(lib_a-mprec.o)
                0x0000000000005400                __multadd
 .text.__hi0bits
                0x000000000000548c       0x40 /Applications/MCUXpressoIDE_11.0.0_2516/ide/plugins/com.nxp.mcuxpresso.tools.macosx_11.0.0.201905131304/tools/bin/../lib/gcc/arm-none-eabi/8.2.1/../../../../arm-none-eabi/lib/thumb/v7-m/nofp/libc.a(lib_a-mprec.o)
                0x000000000000548c                __hi0bits
 .text.__lo0bits
                0x00000000000054cc       0x60 /Applications/MCUXpressoIDE_11.0.0_2516/ide/plugins/com.nxp.mcuxpresso.tools.macosx_11.0.0.201905131304/tools/bin/../lib/gcc/arm-none-eabi/8.2.1/../../../../arm-none-eabi/lib/thumb/v7-m/nofp/libc.a(lib_a-mprec.o)
                0x00000000000054cc                __lo0bits
 .text.__i2b    0x000000000000552c       0x14 /Applications/MCUXpressoIDE_11.0.0_2516/ide/plugins/com.nxp.mcuxpresso.tools.macosx_11.0.0.201905131304/tools/bin/../lib/gcc/arm-none-eabi/8.2.1/../../../../arm-none-eabi/lib/thumb/v7-m/nofp/libc.a(lib_a-mprec.o)
                0x000000000000552c                __i2b
 .text.__multiply
                0x0000000000005540      0x130 /Applications/MCUXpressoIDE_11.0.0_2516/ide/plugins/com.nxp.mcuxpresso.tools.macosx_11.0.0.201905131304/tools/bin/../lib/gcc/arm-none-eabi/8.2.1/../../../../arm-none-eabi/lib/thumb/v7-m/nofp/libc.a(lib_a-mprec.o)
                0x0000000000005540                __multiply
 .text.__pow5mult
                0x0000000000005670       0xa0 /Applications/MCUXpressoIDE_11.0.0_2516/ide/plugins/com.nxp.mcuxpresso.tools.macosx_11.0.0.201905131304/tools/bin/../lib/gcc/arm-none-eabi/8.2.1/../../../../arm-none-eabi/lib/thumb/v7-m/nofp/libc.a(lib_a-mprec.o)
                0x0000000000005670                __pow5mult
 .text.__lshift
                0x0000000000005710       0xb4 /Applications/MCUXpressoIDE_11.0.0_2516/ide/plugins/com.nxp.mcuxpresso.tools.macosx_11.0.0.201905131304/tools/bin/../lib/gcc/arm-none-eabi/8.2.1/../../../../arm-none-eabi/lib/thumb/v7-m/nofp/libc.a(lib_a-mprec.o)
                0x0000000000005710                __lshift
 .text.__mcmp   0x00000000000057c4       0x38 /Applications/MCUXpressoIDE_11.0.0_2516/ide/plugins/com.nxp.mcuxpresso.tools.macosx_11.0.0.201905131304/tools/bin/../lib/gcc/arm-none-eabi/8.2.1/../../../../arm-none-eabi/lib/thumb/v7-m/nofp/libc.a(lib_a-mprec.o)
                0x00000000000057c4                __mcmp
 .text.__mdiff  0x00000000000057fc      0x100 /Applications/MCUXpressoIDE_11.0.0_2516/ide/plugins/com.nxp.mcuxpresso.tools.macosx_11.0.0.201905131304/tools/bin/../lib/gcc/arm-none-eabi/8.2.1/../../../../arm-none-eabi/lib/thumb/v7-m/nofp/libc.a(lib_a-mprec.o)
                0x00000000000057fc                __mdiff
 .text.__d2b    0x00000000000058fc       0xac /Applications/MCUXpressoIDE_11.0.0_2516/ide/plugins/com.nxp.mcuxpresso.tools.macosx_11.0.0.201905131304/tools/bin/../lib/gcc/arm-none-eabi/8.2.1/../../../../arm-none-eabi/lib/thumb/v7-m/nofp/libc.a(lib_a-mprec.o)
                0x00000000000058fc                __d2b
 .text.frexp    0x00000000000059a8       0x70 /Applications/MCUXpressoIDE_11.0.0_2516/ide/plugins/com.nxp.mcuxpresso.tools.macosx_11.0.0.201905131304/tools/bin/../lib/gcc/arm-none-eabi/8.2.1/../../../../arm-none-eabi/lib/thumb/v7-m/nofp/libc.a(lib_a-s_frexp.o)
                0x00000000000059a8                frexp
 .text.strlen   0x0000000000005a18       0x5c /Applications/MCUXpressoIDE_11.0.0_2516/ide/plugins/com.nxp.mcuxpresso.tools.macosx_11.0.0.201905131304/tools/bin/../lib/gcc/arm-none-eabi/8.2.1/../../../../arm-none-eabi/lib/thumb/v7-m/nofp/libc.a(lib_a-strlen-stub.o)
                0x0000000000005a18                strlen
 .text.strncpy  0x0000000000005a74       0x74 /Applications/MCUXpressoIDE_11.0.0_2516/ide/plugins/com.nxp.mcuxpresso.tools.macosx_11.0.0.201905131304/tools/bin/../lib/gcc/arm-none-eabi/8.2.1/../../../../arm-none-eabi/lib/thumb/v7-m/nofp/libc.a(lib_a-strncpy.o)
                0x0000000000005a74                strncpy
 .text.__ssprint_r
                0x0000000000005ae8       0xf8 /Applications/MCUXpressoIDE_11.0.0_2516/ide/plugins/com.nxp.mcuxpresso.tools.macosx_11.0.0.201905131304/tools/bin/../lib/gcc/arm-none-eabi/8.2.1/../../../../arm-none-eabi/lib/thumb/v7-m/nofp/libc.a(lib_a-svfiprintf.o)
                0x0000000000005ae8                __ssprint_r
 .text._calloc_r
                0x0000000000005be0       0x60 /Applications/MCUXpressoIDE_11.0.0_2516/ide/plugins/com.nxp.mcuxpresso.tools.macosx_11.0.0.201905131304/tools/bin/../lib/gcc/arm-none-eabi/8.2.1/../../../../arm-none-eabi/lib/thumb/v7-m/nofp/libc.a(lib_a-callocr.o)
                0x0000000000005be0                _calloc_r
 .text.__ascii_mbtowc
                0x0000000000005c40       0x2c /Applications/MCUXpressoIDE_11.0.0_2516/ide/plugins/com.nxp.mcuxpresso.tools.macosx_11.0.0.201905131304/tools/bin/../lib/gcc/arm-none-eabi/8.2.1/../../../../arm-none-eabi/lib/thumb/v7-m/nofp/libc.a(lib_a-mbtowc_r.o)
                0x0000000000005c40                __ascii_mbtowc
 .text.memmove  0x0000000000005c6c       0xcc /Applications/MCUXpressoIDE_11.0.0_2516/ide/plugins/com.nxp.mcuxpresso.tools.macosx_11.0.0.201905131304/tools/bin/../lib/gcc/arm-none-eabi/8.2.1/../../../../arm-none-eabi/lib/thumb/v7-m/nofp/libc.a(lib_a-memmove.o)
                0x0000000000005c6c                memmove
 .text.memset   0x0000000000005d38       0xa0 /Applications/MCUXpressoIDE_11.0.0_2516/ide/plugins/com.nxp.mcuxpresso.tools.macosx_11.0.0.201905131304/tools/bin/../lib/gcc/arm-none-eabi/8.2.1/../../../../arm-none-eabi/lib/thumb/v7-m/nofp/libc.a(lib_a-memset.o)
                0x0000000000005d38                memset
 .text._realloc_r
                0x0000000000005dd8      0x37c /Applications/MCUXpressoIDE_11.0.0_2516/ide/plugins/com.nxp.mcuxpresso.tools.macosx_11.0.0.201905131304/tools/bin/../lib/gcc/arm-none-eabi/8.2.1/../../../../arm-none-eabi/lib/thumb/v7-m/nofp/libc.a(lib_a-reallocr.o)
                0x0000000000005dd8                _realloc_r
 .text.__ascii_wctomb
                0x0000000000006154       0x1c /Applications/MCUXpressoIDE_11.0.0_2516/ide/plugins/com.nxp.mcuxpresso.tools.macosx_11.0.0.201905131304/tools/bin/../lib/gcc/arm-none-eabi/8.2.1/../../../../arm-none-eabi/lib/thumb/v7-m/nofp/libc.a(lib_a-wctomb_r.o)
                0x0000000000006154                __ascii_wctomb
 .text._sbrk    0x0000000000006170       0x3c /Applications/MCUXpressoIDE_11.0.0_2516/ide/plugins/com.nxp.mcuxpresso.tools.macosx_11.0.0.201905131304/tools/bin/../lib/gcc/arm-none-eabi/8.2.1/../../../../arm-none-eabi/lib/thumb/v7-m/nofp/libcr_newlib_nohost.a(_cr_sbrk.o)
                0x0000000000006170                _sbrk
 .text.__check_heap_overflow
                0x00000000000061ac       0x18 /Applications/MCUXpressoIDE_11.0.0_2516/ide/plugins/com.nxp.mcuxpresso.tools.macosx_11.0.0.201905131304/tools/bin/../lib/gcc/arm-none-eabi/8.2.1/../../../../arm-none-eabi/lib/thumb/v7-m/nofp/libcr_newlib_nohost.a(_cr_check_heap.o)
                0x00000000000061ac                __check_heap_overflow
 .text          0x00000000000061c4       0x40 /Applications/MCUXpressoIDE_11.0.0_2516/ide/plugins/com.nxp.mcuxpresso.tools.macosx_11.0.0.201905131304/tools/bin/../lib/gcc/arm-none-eabi/8.2.1/thumb/v7-m/nofp/crtbegin.o
 .text          0x0000000000006204      0x378 /Applications/MCUXpressoIDE_11.0.0_2516/ide/plugins/com.nxp.mcuxpresso.tools.macosx_11.0.0.201905131304/tools/bin/../lib/gcc/arm-none-eabi/8.2.1/thumb/v7-m/nofp/libgcc.a(_arm_addsubdf3.o)
                0x0000000000006204                __aeabi_drsub
                0x000000000000620c                __subdf3
                0x000000000000620c                __aeabi_dsub
                0x0000000000006210                __aeabi_dadd
                0x0000000000006210                __adddf3
                0x0000000000006488                __aeabi_ui2d
                0x0000000000006488                __floatunsidf
                0x00000000000064a8                __floatsidf
                0x00000000000064a8                __aeabi_i2d
                0x00000000000064cc                __extendsfdf2
                0x00000000000064cc                __aeabi_f2d
                0x0000000000006510                __aeabi_ul2d
                0x0000000000006510                __floatundidf
                0x0000000000006520                __aeabi_l2d
                0x0000000000006520                __floatdidf
 .text          0x000000000000657c      0x424 /Applications/MCUXpressoIDE_11.0.0_2516/ide/plugins/com.nxp.mcuxpresso.tools.macosx_11.0.0.201905131304/tools/bin/../lib/gcc/arm-none-eabi/8.2.1/thumb/v7-m/nofp/libgcc.a(_arm_muldivdf3.o)
                0x000000000000657c                __aeabi_dmul
                0x000000000000657c                __muldf3
                0x00000000000067d0                __aeabi_ddiv
                0x00000000000067d0                __divdf3
 .text          0x00000000000069a0      0x110 /Applications/MCUXpressoIDE_11.0.0_2516/ide/plugins/com.nxp.mcuxpresso.tools.macosx_11.0.0.201905131304/tools/bin/../lib/gcc/arm-none-eabi/8.2.1/thumb/v7-m/nofp/libgcc.a(_arm_cmpdf2.o)
                0x00000000000069a0                __gedf2
                0x00000000000069a0                __gtdf2
                0x00000000000069a8                __ledf2
                0x00000000000069a8                __ltdf2
                0x00000000000069b0                __cmpdf2
                0x00000000000069b0                __eqdf2
                0x00000000000069b0                __nedf2
                0x0000000000006a2c                __aeabi_cdrcmple
                0x0000000000006a3c                __aeabi_cdcmple
                0x0000000000006a3c                __aeabi_cdcmpeq
                0x0000000000006a4c                __aeabi_dcmpeq
                0x0000000000006a60                __aeabi_dcmplt
                0x0000000000006a74                __aeabi_dcmple
                0x0000000000006a88                __aeabi_dcmpge
                0x0000000000006a9c                __aeabi_dcmpgt
 .text          0x0000000000006ab0       0x2c /Applications/MCUXpressoIDE_11.0.0_2516/ide/plugins/com.nxp.mcuxpresso.tools.macosx_11.0.0.201905131304/tools/bin/../lib/gcc/arm-none-eabi/8.2.1/thumb/v7-m/nofp/libgcc.a(_arm_unorddf2.o)
                0x0000000000006ab0                __aeabi_dcmpun
                0x0000000000006ab0                __unorddf2
 .text          0x0000000000006adc       0x50 /Applications/MCUXpressoIDE_11.0.0_2516/ide/plugins/com.nxp.mcuxpresso.tools.macosx_11.0.0.201905131304/tools/bin/../lib/gcc/arm-none-eabi/8.2.1/thumb/v7-m/nofp/libgcc.a(_arm_fixdfsi.o)
                0x0000000000006adc                __fixdfsi
                0x0000000000006adc                __aeabi_d2iz
 .text.__errno  0x0000000000006b2c        0xc /Applications/MCUXpressoIDE_11.0.0_2516/ide/plugins/com.nxp.mcuxpresso.tools.macosx_11.0.0.201905131304/tools/bin/../lib/gcc/arm-none-eabi/8.2.1/../../../../arm-none-eabi/lib/thumb/v7-m/nofp/libc.a(lib_a-errno.o)
                0x0000000000006b2c                __errno
 *(.rodata .rodata.* .constdata .constdata.*)
 .rodata        0x0000000000006b38       0x14 ./src/lab04-ex3.o
 .rodata.OscRateIn
                0x0000000000006b4c        0x4 /Users/DucVoo/Documents/MCUXpressoIDE_11.0.0/workspace cpp/lpc_board_nxp_lpcxpresso_1549/Debug/liblpc_board_nxp_lpcxpresso_1549.a(board.o)
                0x0000000000006b4c                OscRateIn
 .rodata.RTCOscRateIn
                0x0000000000006b50        0x4 /Users/DucVoo/Documents/MCUXpressoIDE_11.0.0/workspace cpp/lpc_board_nxp_lpcxpresso_1549/Debug/liblpc_board_nxp_lpcxpresso_1549.a(board.o)
                0x0000000000006b50                RTCOscRateIn
 .rodata.ledpins
                0x0000000000006b54        0x3 /Users/DucVoo/Documents/MCUXpressoIDE_11.0.0/workspace cpp/lpc_board_nxp_lpcxpresso_1549/Debug/liblpc_board_nxp_lpcxpresso_1549.a(board.o)
 *fill*         0x0000000000006b57        0x1 ff
 .rodata.ledports
                0x0000000000006b58        0x3 /Users/DucVoo/Documents/MCUXpressoIDE_11.0.0/workspace cpp/lpc_board_nxp_lpcxpresso_1549/Debug/liblpc_board_nxp_lpcxpresso_1549.a(board.o)
 *fill*         0x0000000000006b5b        0x1 ff
 .rodata.ioconSetup
                0x0000000000006b5c       0x74 /Users/DucVoo/Documents/MCUXpressoIDE_11.0.0/workspace cpp/lpc_board_nxp_lpcxpresso_1549/Debug/liblpc_board_nxp_lpcxpresso_1549.a(board_sysinit.o)
 .rodata.swmSetup
                0x0000000000006bd0        0x6 /Users/DucVoo/Documents/MCUXpressoIDE_11.0.0/workspace cpp/lpc_board_nxp_lpcxpresso_1549/Debug/liblpc_board_nxp_lpcxpresso_1549.a(board_sysinit.o)
 *fill*         0x0000000000006bd6        0x2 ff
 .rodata._svfprintf_r.str1.4
                0x0000000000006bd8       0x42 /Applications/MCUXpressoIDE_11.0.0_2516/ide/plugins/com.nxp.mcuxpresso.tools.macosx_11.0.0.201905131304/tools/bin/../lib/gcc/arm-none-eabi/8.2.1/../../../../arm-none-eabi/lib/thumb/v7-m/nofp/libc.a(lib_a-svfprintf.o)
 *fill*         0x0000000000006c1a        0x2 ff
 .rodata.blanks.7365
                0x0000000000006c1c       0x10 /Applications/MCUXpressoIDE_11.0.0_2516/ide/plugins/com.nxp.mcuxpresso.tools.macosx_11.0.0.201905131304/tools/bin/../lib/gcc/arm-none-eabi/8.2.1/../../../../arm-none-eabi/lib/thumb/v7-m/nofp/libc.a(lib_a-svfprintf.o)
 .rodata.zeroes.7366
                0x0000000000006c2c       0x10 /Applications/MCUXpressoIDE_11.0.0_2516/ide/plugins/com.nxp.mcuxpresso.tools.macosx_11.0.0.201905131304/tools/bin/../lib/gcc/arm-none-eabi/8.2.1/../../../../arm-none-eabi/lib/thumb/v7-m/nofp/libc.a(lib_a-svfprintf.o)
 .rodata._dtoa_r.str1.4
                0x0000000000006c3c        0xd /Applications/MCUXpressoIDE_11.0.0_2516/ide/plugins/com.nxp.mcuxpresso.tools.macosx_11.0.0.201905131304/tools/bin/../lib/gcc/arm-none-eabi/8.2.1/../../../../arm-none-eabi/lib/thumb/v7-m/nofp/libc.a(lib_a-dtoa.o)
                                         0x12 (size before relaxing)
 *fill*         0x0000000000006c49        0x7 ff
 .rodata.__mprec_bigtens
                0x0000000000006c50       0x28 /Applications/MCUXpressoIDE_11.0.0_2516/ide/plugins/com.nxp.mcuxpresso.tools.macosx_11.0.0.201905131304/tools/bin/../lib/gcc/arm-none-eabi/8.2.1/../../../../arm-none-eabi/lib/thumb/v7-m/nofp/libc.a(lib_a-mprec.o)
                0x0000000000006c50                __mprec_bigtens
 .rodata.__mprec_tens
                0x0000000000006c78       0xc8 /Applications/MCUXpressoIDE_11.0.0_2516/ide/plugins/com.nxp.mcuxpresso.tools.macosx_11.0.0.201905131304/tools/bin/../lib/gcc/arm-none-eabi/8.2.1/../../../../arm-none-eabi/lib/thumb/v7-m/nofp/libc.a(lib_a-mprec.o)
                0x0000000000006c78                __mprec_tens
 .rodata.p05.6135
                0x0000000000006d40        0xc /Applications/MCUXpressoIDE_11.0.0_2516/ide/plugins/com.nxp.mcuxpresso.tools.macosx_11.0.0.201905131304/tools/bin/../lib/gcc/arm-none-eabi/8.2.1/../../../../arm-none-eabi/lib/thumb/v7-m/nofp/libc.a(lib_a-mprec.o)
 .rodata._setlocale_r.str1.4
                0x0000000000006d4c        0xa /Applications/MCUXpressoIDE_11.0.0_2516/ide/plugins/com.nxp.mcuxpresso.tools.macosx_11.0.0.201905131304/tools/bin/../lib/gcc/arm-none-eabi/8.2.1/../../../../arm-none-eabi/lib/thumb/v7-m/nofp/libc.a(lib_a-locale.o)
                                          0xd (size before relaxing)
 *fill*         0x0000000000006d56        0x2 ff
 .rodata.str1.4
                0x0000000000006d58        0x4 /Applications/MCUXpressoIDE_11.0.0_2516/ide/plugins/com.nxp.mcuxpresso.tools.macosx_11.0.0.201905131304/tools/bin/../lib/gcc/arm-none-eabi/8.2.1/../../../../arm-none-eabi/lib/thumb/v7-m/nofp/libc.a(lib_a-locale.o)
                                          0x2 (size before relaxing)
 .rodata._ctype_
                0x0000000000006d5c      0x101 /Applications/MCUXpressoIDE_11.0.0_2516/ide/plugins/com.nxp.mcuxpresso.tools.macosx_11.0.0.201905131304/tools/bin/../lib/gcc/arm-none-eabi/8.2.1/../../../../arm-none-eabi/lib/thumb/v7-m/nofp/libc.a(lib_a-ctype_.o)
                0x0000000000006d5c                _ctype_
                0x0000000000006e60                . = ALIGN (0x4)
 *fill*         0x0000000000006e5d        0x3 ff
                0x0000000000006e60                . = ALIGN (0x4)
 *(.init)
 .init          0x0000000000006e60        0x4 /Applications/MCUXpressoIDE_11.0.0_2516/ide/plugins/com.nxp.mcuxpresso.tools.macosx_11.0.0.201905131304/tools/bin/../lib/gcc/arm-none-eabi/8.2.1/thumb/v7-m/nofp/crti.o
                0x0000000000006e60                _init
 .init          0x0000000000006e64        0x8 /Applications/MCUXpressoIDE_11.0.0_2516/ide/plugins/com.nxp.mcuxpresso.tools.macosx_11.0.0.201905131304/tools/bin/../lib/gcc/arm-none-eabi/8.2.1/thumb/v7-m/nofp/crtn.o
                0x0000000000006e6c                . = ALIGN (0x4)
                0x0000000000006e6c                __preinit_array_start = .
 *(.preinit_array)
                0x0000000000006e6c                __preinit_array_end = .
                0x0000000000006e6c                . = ALIGN (0x4)
                0x0000000000006e6c                __init_array_start = .
 *(SORT_BY_NAME(.init_array.*))
 *(.init_array)
 .init_array    0x0000000000006e6c        0x4 ./src/lab04-ex3.o
 .init_array    0x0000000000006e70        0x4 /Applications/MCUXpressoIDE_11.0.0_2516/ide/plugins/com.nxp.mcuxpresso.tools.macosx_11.0.0.201905131304/tools/bin/../lib/gcc/arm-none-eabi/8.2.1/thumb/v7-m/nofp/crtbegin.o
                0x0000000000006e74                __init_array_end = .
 *(.fini)
 .fini          0x0000000000006e74        0x4 /Applications/MCUXpressoIDE_11.0.0_2516/ide/plugins/com.nxp.mcuxpresso.tools.macosx_11.0.0.201905131304/tools/bin/../lib/gcc/arm-none-eabi/8.2.1/thumb/v7-m/nofp/crti.o
                0x0000000000006e74                _fini
 .fini          0x0000000000006e78        0x8 /Applications/MCUXpressoIDE_11.0.0_2516/ide/plugins/com.nxp.mcuxpresso.tools.macosx_11.0.0.201905131304/tools/bin/../lib/gcc/arm-none-eabi/8.2.1/thumb/v7-m/nofp/crtn.o
                0x0000000000006e80                . = ALIGN (0x4)
 *crtbegin.o(.ctors)
 *(EXCLUDE_FILE(*crtend.o) .ctors)
 *(SORT_BY_NAME(.ctors.*))
 *crtend.o(.ctors)
                0x0000000000006e80                . = ALIGN (0x4)
 *crtbegin.o(.dtors)
 *(EXCLUDE_FILE(*crtend.o) .dtors)
 *(SORT_BY_NAME(.dtors.*))
 *crtend.o(.dtors)
                0x0000000000006e80                . = ALIGN (0x4)

.glue_7         0x0000000000006e80        0x0
 .glue_7        0x0000000000006e80        0x0 linker stubs

.glue_7t        0x0000000000006e80        0x0
 .glue_7t       0x0000000000006e80        0x0 linker stubs

.vfp11_veneer   0x0000000000006e80        0x0
 .vfp11_veneer  0x0000000000006e80        0x0 linker stubs

.v4_bx          0x0000000000006e80        0x0
 .v4_bx         0x0000000000006e80        0x0 linker stubs

.iplt           0x0000000000006e80        0x0
 .iplt          0x0000000000006e80        0x0 ./src/DigitalIoPin.o

.ARM.extab
 *(.ARM.extab* .gnu.linkonce.armextab.*)
                0x0000000000006e80                __exidx_start = .

.ARM.exidx      0x0000000000006e80        0x8
 *(.ARM.exidx* .gnu.linkonce.armexidx.*)
 .ARM.exidx     0x0000000000006e80        0x8 /Applications/MCUXpressoIDE_11.0.0_2516/ide/plugins/com.nxp.mcuxpresso.tools.macosx_11.0.0.201905131304/tools/bin/../lib/gcc/arm-none-eabi/8.2.1/thumb/v7-m/nofp/libgcc.a(_udivmoddi4.o)
                0x0000000000006e88                __exidx_end = .
                0x0000000000006e88                _etext = .

.rel.dyn        0x0000000000006e88        0x0
 .rel.iplt      0x0000000000006e88        0x0 ./src/DigitalIoPin.o

.eh_frame       0x0000000000006e88        0x0
 .eh_frame      0x0000000000006e88        0x0 /Applications/MCUXpressoIDE_11.0.0_2516/ide/plugins/com.nxp.mcuxpresso.tools.macosx_11.0.0.201905131304/tools/bin/../lib/gcc/arm-none-eabi/8.2.1/thumb/v7-m/nofp/crtbegin.o

.data_RAM2      0x0000000002004000        0x0 load address 0x0000000000006e88
 FILL mask 0xff
                [!provide]                        PROVIDE (__start_data_RAM2 = .)
 *(.ramfunc.$RAM2)
 *(.ramfunc.$Ram1_16)
 *(.data.$RAM2)
 *(.data.$Ram1_16)
 *(.data.$RAM2.*)
 *(.data.$Ram1_16.*)
                0x0000000002004000                . = ALIGN (0x4)
                [!provide]                        PROVIDE (__end_data_RAM2 = .)

.data_RAM3      0x0000000002008000        0x0 load address 0x0000000000006e88
 FILL mask 0xff
                [!provide]                        PROVIDE (__start_data_RAM3 = .)
 *(.ramfunc.$RAM3)
 *(.ramfunc.$Ram2_4)
 *(.data.$RAM3)
 *(.data.$Ram2_4)
 *(.data.$RAM3.*)
 *(.data.$Ram2_4.*)
                0x0000000002008000                . = ALIGN (0x4)
                [!provide]                        PROVIDE (__end_data_RAM3 = .)

.uninit_RESERVED
                0x0000000002000000        0x0
                0x0000000002000000                . = ALIGN (0x4)
 *(.bss.$RESERVED*)
                0x0000000002000000                . = ALIGN (0x4)
                0x0000000002000000                _end_uninit_RESERVED = .

.data           0x0000000002000000      0x9ac load address 0x0000000000006e88
 FILL mask 0xff
                0x0000000002000000                _data = .
 *(vtable)
 *(.ramfunc*)
 *(.data*)
 .data.__malloc_av_
                0x0000000002000000      0x408 /Applications/MCUXpressoIDE_11.0.0_2516/ide/plugins/com.nxp.mcuxpresso.tools.macosx_11.0.0.201905131304/tools/bin/../lib/gcc/arm-none-eabi/8.2.1/../../../../arm-none-eabi/lib/thumb/v7-m/nofp/libc.a(lib_a-mallocr.o)
                0x0000000002000000                __malloc_av_
 .data.__malloc_sbrk_base
                0x0000000002000408        0x4 /Applications/MCUXpressoIDE_11.0.0_2516/ide/plugins/com.nxp.mcuxpresso.tools.macosx_11.0.0.201905131304/tools/bin/../lib/gcc/arm-none-eabi/8.2.1/../../../../arm-none-eabi/lib/thumb/v7-m/nofp/libc.a(lib_a-mallocr.o)
                0x0000000002000408                __malloc_sbrk_base
 .data.__malloc_trim_threshold
                0x000000000200040c        0x4 /Applications/MCUXpressoIDE_11.0.0_2516/ide/plugins/com.nxp.mcuxpresso.tools.macosx_11.0.0.201905131304/tools/bin/../lib/gcc/arm-none-eabi/8.2.1/../../../../arm-none-eabi/lib/thumb/v7-m/nofp/libc.a(lib_a-mallocr.o)
                0x000000000200040c                __malloc_trim_threshold
 .data._impure_ptr
                0x0000000002000410        0x4 /Applications/MCUXpressoIDE_11.0.0_2516/ide/plugins/com.nxp.mcuxpresso.tools.macosx_11.0.0.201905131304/tools/bin/../lib/gcc/arm-none-eabi/8.2.1/../../../../arm-none-eabi/lib/thumb/v7-m/nofp/libc.a(lib_a-impure.o)
                0x0000000002000410                _impure_ptr
 *fill*         0x0000000002000414        0x4 ff
 .data.impure_data
                0x0000000002000418      0x428 /Applications/MCUXpressoIDE_11.0.0_2516/ide/plugins/com.nxp.mcuxpresso.tools.macosx_11.0.0.201905131304/tools/bin/../lib/gcc/arm-none-eabi/8.2.1/../../../../arm-none-eabi/lib/thumb/v7-m/nofp/libc.a(lib_a-impure.o)
 .data.__global_locale
                0x0000000002000840      0x16c /Applications/MCUXpressoIDE_11.0.0_2516/ide/plugins/com.nxp.mcuxpresso.tools.macosx_11.0.0.201905131304/tools/bin/../lib/gcc/arm-none-eabi/8.2.1/../../../../arm-none-eabi/lib/thumb/v7-m/nofp/libc.a(lib_a-locale.o)
                0x0000000002000840                __global_locale
                0x00000000020009ac                . = ALIGN (0x4)
                0x00000000020009ac                _edata = .

.igot.plt       0x00000000020009ac        0x0 load address 0x0000000000007834
 .igot.plt      0x00000000020009ac        0x0 ./src/DigitalIoPin.o

.bss_RAM2       0x0000000002004000        0x0
                0x0000000002004000                . = ALIGN (0x4)
                [!provide]                        PROVIDE (__start_bss_RAM2 = .)
 *(.bss.$RAM2)
 *(.bss.$Ram1_16)
 *(.bss.$RAM2.*)
 *(.bss.$Ram1_16.*)
                0x0000000002004000                . = ALIGN ((. != 0x0)?0x4:0x1)
                [!provide]                        PROVIDE (__end_bss_RAM2 = .)

.bss_RAM3       0x0000000002008000        0x0
                0x0000000002008000                . = ALIGN (0x4)
                [!provide]                        PROVIDE (__start_bss_RAM3 = .)
 *(.bss.$RAM3)
 *(.bss.$Ram2_4)
 *(.bss.$RAM3.*)
 *(.bss.$Ram2_4.*)
                0x0000000002008000                . = ALIGN ((. != 0x0)?0x4:0x1)
                [!provide]                        PROVIDE (__end_bss_RAM3 = .)

.bss            0x00000000020009ac       0xa0
                0x00000000020009ac                . = ALIGN (0x4)
                0x00000000020009ac                _bss = .
 *(.bss*)
 .bss._ZL7printer
                0x00000000020009ac        0x1 ./src/lab04-ex3.o
 *fill*         0x00000000020009ad        0x3 
 .bss._ZL11i2cmXferRec
                0x00000000020009b0       0x10 ./src/lab04-ex3.o
 .bss._ZL7counter
                0x00000000020009c0        0x4 ./src/lab04-ex3.o
 .bss._ZL12currentState
                0x00000000020009c4        0x1 ./src/lab04-ex3.o
 *fill*         0x00000000020009c5        0x3 
 .bss._ZL8substate
                0x00000000020009c8        0x4 ./src/lab04-ex3.o
 .bss.__malloc_current_mallinfo
                0x00000000020009cc       0x28 /Applications/MCUXpressoIDE_11.0.0_2516/ide/plugins/com.nxp.mcuxpresso.tools.macosx_11.0.0.201905131304/tools/bin/../lib/gcc/arm-none-eabi/8.2.1/../../../../arm-none-eabi/lib/thumb/v7-m/nofp/libc.a(lib_a-mallocr.o)
                0x00000000020009cc                __malloc_current_mallinfo
 .bss.__malloc_max_sbrked_mem
                0x00000000020009f4        0x4 /Applications/MCUXpressoIDE_11.0.0_2516/ide/plugins/com.nxp.mcuxpresso.tools.macosx_11.0.0.201905131304/tools/bin/../lib/gcc/arm-none-eabi/8.2.1/../../../../arm-none-eabi/lib/thumb/v7-m/nofp/libc.a(lib_a-mallocr.o)
                0x00000000020009f4                __malloc_max_sbrked_mem
 .bss.__malloc_max_total_mem
                0x00000000020009f8        0x4 /Applications/MCUXpressoIDE_11.0.0_2516/ide/plugins/com.nxp.mcuxpresso.tools.macosx_11.0.0.201905131304/tools/bin/../lib/gcc/arm-none-eabi/8.2.1/../../../../arm-none-eabi/lib/thumb/v7-m/nofp/libc.a(lib_a-mallocr.o)
                0x00000000020009f8                __malloc_max_total_mem
 .bss.__malloc_top_pad
                0x00000000020009fc        0x4 /Applications/MCUXpressoIDE_11.0.0_2516/ide/plugins/com.nxp.mcuxpresso.tools.macosx_11.0.0.201905131304/tools/bin/../lib/gcc/arm-none-eabi/8.2.1/../../../../arm-none-eabi/lib/thumb/v7-m/nofp/libc.a(lib_a-mallocr.o)
                0x00000000020009fc                __malloc_top_pad
 .bss.__end_of_heap
                0x0000000002000a00        0x4 /Applications/MCUXpressoIDE_11.0.0_2516/ide/plugins/com.nxp.mcuxpresso.tools.macosx_11.0.0.201905131304/tools/bin/../lib/gcc/arm-none-eabi/8.2.1/../../../../arm-none-eabi/lib/thumb/v7-m/nofp/libcr_newlib_nohost.a(_cr_sbrk.o)
                0x0000000002000a00                __end_of_heap
 .bss           0x0000000002000a04       0x1c /Applications/MCUXpressoIDE_11.0.0_2516/ide/plugins/com.nxp.mcuxpresso.tools.macosx_11.0.0.201905131304/tools/bin/../lib/gcc/arm-none-eabi/8.2.1/thumb/v7-m/nofp/crtbegin.o
 *(COMMON)
 COMMON         0x0000000002000a20        0x4 /Users/DucVoo/Documents/MCUXpressoIDE_11.0.0/workspace cpp/lpc_chip_15xx/Debug/liblpc_chip_15xx.a(chip_15xx.o)
                0x0000000002000a20                SystemCoreClock
 COMMON         0x0000000002000a24       0x21 /Applications/MCUXpressoIDE_11.0.0_2516/ide/plugins/com.nxp.mcuxpresso.tools.macosx_11.0.0.201905131304/tools/bin/../lib/gcc/arm-none-eabi/8.2.1/../../../../arm-none-eabi/lib/thumb/v7-m/nofp/libc.a(lib_a-lock.o)
                0x0000000002000a24                __lock___atexit_recursive_mutex
                0x0000000002000a28                __lock___arc4random_mutex
                0x0000000002000a2c                __lock___env_recursive_mutex
                0x0000000002000a30                __lock___sinit_recursive_mutex
                0x0000000002000a34                __lock___malloc_recursive_mutex
                0x0000000002000a38                __lock___at_quick_exit_mutex
                0x0000000002000a3c                __lock___dd_hash_mutex
                0x0000000002000a40                __lock___tz_mutex
                0x0000000002000a44                __lock___sfp_recursive_mutex
 *fill*         0x0000000002000a45        0x3 
 COMMON         0x0000000002000a48        0x4 /Applications/MCUXpressoIDE_11.0.0_2516/ide/plugins/com.nxp.mcuxpresso.tools.macosx_11.0.0.201905131304/tools/bin/../lib/gcc/arm-none-eabi/8.2.1/../../../../arm-none-eabi/lib/thumb/v7-m/nofp/libc.a(lib_a-reent.o)
                0x0000000002000a48                errno
                0x0000000002000a4c                . = ALIGN (0x4)
                0x0000000002000a4c                _ebss = .
                [!provide]                        PROVIDE (end = .)

.noinit_RAM2    0x0000000002004000        0x0
                0x0000000002004000                . = ALIGN (0x4)
 *(.noinit.$RAM2)
 *(.noinit.$Ram1_16)
 *(.noinit.$RAM2.*)
 *(.noinit.$Ram1_16.*)
                0x0000000002004000                . = ALIGN (0x4)

.noinit_RAM3    0x0000000002008000        0x0
                0x0000000002008000                . = ALIGN (0x4)
 *(.noinit.$RAM3)
 *(.noinit.$Ram2_4)
 *(.noinit.$RAM3.*)
 *(.noinit.$Ram2_4.*)
                0x0000000002008000                . = ALIGN (0x4)

.noinit         0x0000000002000a4c        0x0
                0x0000000002000a4c                . = ALIGN (0x4)
                0x0000000002000a4c                _noinit = .
 *(.noinit*)
                0x0000000002000a4c                . = ALIGN (0x4)
                0x0000000002000a4c                _end_noinit = .
                0x0000000002000a4c                PROVIDE (_pvHeapStart = DEFINED (__user_heap_base)?__user_heap_base:.)
                0x0000000002004000                PROVIDE (_vStackTop = DEFINED (__user_stack_top)?__user_stack_top:(__top_Ram0_16 - 0x0))
                0xfffffffffdffb2e2                PROVIDE (__valid_user_code_checksum = (0x0 - ((((((_vStackTop + (ResetISR + 0x1)) + (NMI_Handler + 0x1)) + (HardFault_Handler + 0x1)) + (DEFINED (MemManage_Handler)?MemManage_Handler:0x0 + 0x1)) + (DEFINED (BusFault_Handler)?BusFault_Handler:0x0 + 0x1)) + (DEFINED (UsageFault_Handler)?UsageFault_Handler:0x0 + 0x1))))
                0x0000000000000000                _image_start = LOADADDR (.text)
                0x0000000000007834                _image_end = (LOADADDR (.data) + SIZEOF (.data))
                0x0000000000007834                _image_size = (_image_end - _image_start)
OUTPUT(lab04.axf elf32-littlearm)

.debug_info     0x0000000000000000     0xc4ac
 .debug_info    0x0000000000000000      0xf1f ./src/DigitalIoPin.o
 .debug_info    0x0000000000000f1f      0x3c9 ./src/ITM_write.o
 .debug_info    0x00000000000012e8      0x2a0 ./src/cr_startup_lpc15xx.o
 .debug_info    0x0000000000001588     0x262a ./src/lab04-ex3.o
 .debug_info    0x0000000000003bb2      0xba9 ./src/printer.o
 .debug_info    0x000000000000475b      0x9fc ./src/sysinit.o
 .debug_info    0x0000000000005157      0xca8 /Users/DucVoo/Documents/MCUXpressoIDE_11.0.0/workspace cpp/lpc_board_nxp_lpcxpresso_1549/Debug/liblpc_board_nxp_lpcxpresso_1549.a(board.o)
 .debug_info    0x0000000000005dff      0xe7d /Users/DucVoo/Documents/MCUXpressoIDE_11.0.0/workspace cpp/lpc_board_nxp_lpcxpresso_1549/Debug/liblpc_board_nxp_lpcxpresso_1549.a(board_sysinit.o)
 .debug_info    0x0000000000006c7c      0xa58 /Users/DucVoo/Documents/MCUXpressoIDE_11.0.0/workspace cpp/lpc_chip_15xx/Debug/liblpc_chip_15xx.a(chip_15xx.o)
 .debug_info    0x00000000000076d4      0xe4e /Users/DucVoo/Documents/MCUXpressoIDE_11.0.0/workspace cpp/lpc_chip_15xx/Debug/liblpc_chip_15xx.a(clock_15xx.o)
 .debug_info    0x0000000000008522      0x6e5 /Users/DucVoo/Documents/MCUXpressoIDE_11.0.0/workspace cpp/lpc_chip_15xx/Debug/liblpc_chip_15xx.a(gpio_15xx.o)
 .debug_info    0x0000000000008c07      0x4e4 /Users/DucVoo/Documents/MCUXpressoIDE_11.0.0/workspace cpp/lpc_chip_15xx/Debug/liblpc_chip_15xx.a(i2c_common_15xx.o)
 .debug_info    0x00000000000090eb      0x628 /Users/DucVoo/Documents/MCUXpressoIDE_11.0.0/workspace cpp/lpc_chip_15xx/Debug/liblpc_chip_15xx.a(i2cm_15xx.o)
 .debug_info    0x0000000000009713      0x2b0 /Users/DucVoo/Documents/MCUXpressoIDE_11.0.0/workspace cpp/lpc_chip_15xx/Debug/liblpc_chip_15xx.a(iocon_15xx.o)
 .debug_info    0x00000000000099c3      0x6af /Users/DucVoo/Documents/MCUXpressoIDE_11.0.0/workspace cpp/lpc_chip_15xx/Debug/liblpc_chip_15xx.a(swm_15xx.o)
 .debug_info    0x000000000000a072      0x816 /Users/DucVoo/Documents/MCUXpressoIDE_11.0.0/workspace cpp/lpc_chip_15xx/Debug/liblpc_chip_15xx.a(sysctl_15xx.o)
 .debug_info    0x000000000000a888      0x7d9 /Users/DucVoo/Documents/MCUXpressoIDE_11.0.0/workspace cpp/lpc_chip_15xx/Debug/liblpc_chip_15xx.a(sysinit_15xx.o)
 .debug_info    0x000000000000b061      0x9e2 /Users/DucVoo/Documents/MCUXpressoIDE_11.0.0/workspace cpp/lpc_chip_15xx/Debug/liblpc_chip_15xx.a(uart_15xx.o)
 .debug_info    0x000000000000ba43      0x9f8 /Applications/MCUXpressoIDE_11.0.0_2516/ide/plugins/com.nxp.mcuxpresso.tools.macosx_11.0.0.201905131304/tools/bin/../lib/gcc/arm-none-eabi/8.2.1/../../../../arm-none-eabi/lib/thumb/v7-m/nofp/libcr_newlib_nohost.a(_cr_sbrk.o)
 .debug_info    0x000000000000c43b       0x71 /Applications/MCUXpressoIDE_11.0.0_2516/ide/plugins/com.nxp.mcuxpresso.tools.macosx_11.0.0.201905131304/tools/bin/../lib/gcc/arm-none-eabi/8.2.1/../../../../arm-none-eabi/lib/thumb/v7-m/nofp/libcr_newlib_nohost.a(_cr_check_heap.o)

.debug_abbrev   0x0000000000000000     0x2a3e
 .debug_abbrev  0x0000000000000000      0x333 ./src/DigitalIoPin.o
 .debug_abbrev  0x0000000000000333      0x14c ./src/ITM_write.o
 .debug_abbrev  0x000000000000047f      0x11a ./src/cr_startup_lpc15xx.o
 .debug_abbrev  0x0000000000000599      0x699 ./src/lab04-ex3.o
 .debug_abbrev  0x0000000000000c32      0x2bb ./src/printer.o
 .debug_abbrev  0x0000000000000eed      0x1d9 ./src/sysinit.o
 .debug_abbrev  0x00000000000010c6      0x26e /Users/DucVoo/Documents/MCUXpressoIDE_11.0.0/workspace cpp/lpc_board_nxp_lpcxpresso_1549/Debug/liblpc_board_nxp_lpcxpresso_1549.a(board.o)
 .debug_abbrev  0x0000000000001334      0x27e /Users/DucVoo/Documents/MCUXpressoIDE_11.0.0/workspace cpp/lpc_board_nxp_lpcxpresso_1549/Debug/liblpc_board_nxp_lpcxpresso_1549.a(board_sysinit.o)
 .debug_abbrev  0x00000000000015b2      0x1ff /Users/DucVoo/Documents/MCUXpressoIDE_11.0.0/workspace cpp/lpc_chip_15xx/Debug/liblpc_chip_15xx.a(chip_15xx.o)
 .debug_abbrev  0x00000000000017b1      0x2fd /Users/DucVoo/Documents/MCUXpressoIDE_11.0.0/workspace cpp/lpc_chip_15xx/Debug/liblpc_chip_15xx.a(clock_15xx.o)
 .debug_abbrev  0x0000000000001aae      0x1b6 /Users/DucVoo/Documents/MCUXpressoIDE_11.0.0/workspace cpp/lpc_chip_15xx/Debug/liblpc_chip_15xx.a(gpio_15xx.o)
 .debug_abbrev  0x0000000000001c64      0x13e /Users/DucVoo/Documents/MCUXpressoIDE_11.0.0/workspace cpp/lpc_chip_15xx/Debug/liblpc_chip_15xx.a(i2c_common_15xx.o)
 .debug_abbrev  0x0000000000001da2      0x185 /Users/DucVoo/Documents/MCUXpressoIDE_11.0.0/workspace cpp/lpc_chip_15xx/Debug/liblpc_chip_15xx.a(i2cm_15xx.o)
 .debug_abbrev  0x0000000000001f27      0x16c /Users/DucVoo/Documents/MCUXpressoIDE_11.0.0/workspace cpp/lpc_chip_15xx/Debug/liblpc_chip_15xx.a(iocon_15xx.o)
 .debug_abbrev  0x0000000000002093      0x198 /Users/DucVoo/Documents/MCUXpressoIDE_11.0.0/workspace cpp/lpc_chip_15xx/Debug/liblpc_chip_15xx.a(swm_15xx.o)
 .debug_abbrev  0x000000000000222b      0x169 /Users/DucVoo/Documents/MCUXpressoIDE_11.0.0/workspace cpp/lpc_chip_15xx/Debug/liblpc_chip_15xx.a(sysctl_15xx.o)
 .debug_abbrev  0x0000000000002394      0x1c5 /Users/DucVoo/Documents/MCUXpressoIDE_11.0.0/workspace cpp/lpc_chip_15xx/Debug/liblpc_chip_15xx.a(sysinit_15xx.o)
 .debug_abbrev  0x0000000000002559      0x230 /Users/DucVoo/Documents/MCUXpressoIDE_11.0.0/workspace cpp/lpc_chip_15xx/Debug/liblpc_chip_15xx.a(uart_15xx.o)
 .debug_abbrev  0x0000000000002789      0x24a /Applications/MCUXpressoIDE_11.0.0_2516/ide/plugins/com.nxp.mcuxpresso.tools.macosx_11.0.0.201905131304/tools/bin/../lib/gcc/arm-none-eabi/8.2.1/../../../../arm-none-eabi/lib/thumb/v7-m/nofp/libcr_newlib_nohost.a(_cr_sbrk.o)
 .debug_abbrev  0x00000000000029d3       0x6b /Applications/MCUXpressoIDE_11.0.0_2516/ide/plugins/com.nxp.mcuxpresso.tools.macosx_11.0.0.201905131304/tools/bin/../lib/gcc/arm-none-eabi/8.2.1/../../../../arm-none-eabi/lib/thumb/v7-m/nofp/libcr_newlib_nohost.a(_cr_check_heap.o)

.debug_aranges  0x0000000000000000      0x808
 .debug_aranges
                0x0000000000000000       0x68 ./src/DigitalIoPin.o
 .debug_aranges
                0x0000000000000068       0x30 ./src/ITM_write.o
 .debug_aranges
                0x0000000000000098       0x80 ./src/cr_startup_lpc15xx.o
 .debug_aranges
                0x0000000000000118       0xb8 ./src/lab04-ex3.o
 .debug_aranges
                0x00000000000001d0       0x30 ./src/printer.o
 .debug_aranges
                0x0000000000000200       0x20 ./src/sysinit.o
 .debug_aranges
                0x0000000000000220       0xd0 /Users/DucVoo/Documents/MCUXpressoIDE_11.0.0/workspace cpp/lpc_board_nxp_lpcxpresso_1549/Debug/liblpc_board_nxp_lpcxpresso_1549.a(board.o)
 .debug_aranges
                0x00000000000002f0       0x60 /Users/DucVoo/Documents/MCUXpressoIDE_11.0.0/workspace cpp/lpc_board_nxp_lpcxpresso_1549/Debug/liblpc_board_nxp_lpcxpresso_1549.a(board_sysinit.o)
 .debug_aranges
                0x0000000000000350       0x50 /Users/DucVoo/Documents/MCUXpressoIDE_11.0.0/workspace cpp/lpc_chip_15xx/Debug/liblpc_chip_15xx.a(chip_15xx.o)
 .debug_aranges
                0x00000000000003a0      0x128 /Users/DucVoo/Documents/MCUXpressoIDE_11.0.0/workspace cpp/lpc_chip_15xx/Debug/liblpc_chip_15xx.a(clock_15xx.o)
 .debug_aranges
                0x00000000000004c8       0x70 /Users/DucVoo/Documents/MCUXpressoIDE_11.0.0/workspace cpp/lpc_chip_15xx/Debug/liblpc_chip_15xx.a(gpio_15xx.o)
 .debug_aranges
                0x0000000000000538       0x30 /Users/DucVoo/Documents/MCUXpressoIDE_11.0.0/workspace cpp/lpc_chip_15xx/Debug/liblpc_chip_15xx.a(i2c_common_15xx.o)
 .debug_aranges
                0x0000000000000568       0x88 /Users/DucVoo/Documents/MCUXpressoIDE_11.0.0/workspace cpp/lpc_chip_15xx/Debug/liblpc_chip_15xx.a(i2cm_15xx.o)
 .debug_aranges
                0x00000000000005f0       0x28 /Users/DucVoo/Documents/MCUXpressoIDE_11.0.0/workspace cpp/lpc_chip_15xx/Debug/liblpc_chip_15xx.a(iocon_15xx.o)
 .debug_aranges
                0x0000000000000618       0x40 /Users/DucVoo/Documents/MCUXpressoIDE_11.0.0/workspace cpp/lpc_chip_15xx/Debug/liblpc_chip_15xx.a(swm_15xx.o)
 .debug_aranges
                0x0000000000000658       0x50 /Users/DucVoo/Documents/MCUXpressoIDE_11.0.0/workspace cpp/lpc_chip_15xx/Debug/liblpc_chip_15xx.a(sysctl_15xx.o)
 .debug_aranges
                0x00000000000006a8       0x58 /Users/DucVoo/Documents/MCUXpressoIDE_11.0.0/workspace cpp/lpc_chip_15xx/Debug/liblpc_chip_15xx.a(sysinit_15xx.o)
 .debug_aranges
                0x0000000000000700       0xc8 /Users/DucVoo/Documents/MCUXpressoIDE_11.0.0/workspace cpp/lpc_chip_15xx/Debug/liblpc_chip_15xx.a(uart_15xx.o)
 .debug_aranges
                0x00000000000007c8       0x20 /Applications/MCUXpressoIDE_11.0.0_2516/ide/plugins/com.nxp.mcuxpresso.tools.macosx_11.0.0.201905131304/tools/bin/../lib/gcc/arm-none-eabi/8.2.1/../../../../arm-none-eabi/lib/thumb/v7-m/nofp/libcr_newlib_nohost.a(_cr_sbrk.o)
 .debug_aranges
                0x00000000000007e8       0x20 /Applications/MCUXpressoIDE_11.0.0_2516/ide/plugins/com.nxp.mcuxpresso.tools.macosx_11.0.0.201905131304/tools/bin/../lib/gcc/arm-none-eabi/8.2.1/../../../../arm-none-eabi/lib/thumb/v7-m/nofp/libcr_newlib_nohost.a(_cr_check_heap.o)

.debug_ranges   0x0000000000000000      0x6c8
 .debug_ranges  0x0000000000000000       0x58 ./src/DigitalIoPin.o
 .debug_ranges  0x0000000000000058       0x20 ./src/ITM_write.o
 .debug_ranges  0x0000000000000078       0x70 ./src/cr_startup_lpc15xx.o
 .debug_ranges  0x00000000000000e8       0xa8 ./src/lab04-ex3.o
 .debug_ranges  0x0000000000000190       0x20 ./src/printer.o
 .debug_ranges  0x00000000000001b0       0x10 ./src/sysinit.o
 .debug_ranges  0x00000000000001c0       0xc0 /Users/DucVoo/Documents/MCUXpressoIDE_11.0.0/workspace cpp/lpc_board_nxp_lpcxpresso_1549/Debug/liblpc_board_nxp_lpcxpresso_1549.a(board.o)
 .debug_ranges  0x0000000000000280       0x50 /Users/DucVoo/Documents/MCUXpressoIDE_11.0.0/workspace cpp/lpc_board_nxp_lpcxpresso_1549/Debug/liblpc_board_nxp_lpcxpresso_1549.a(board_sysinit.o)
 .debug_ranges  0x00000000000002d0       0x40 /Users/DucVoo/Documents/MCUXpressoIDE_11.0.0/workspace cpp/lpc_chip_15xx/Debug/liblpc_chip_15xx.a(chip_15xx.o)
 .debug_ranges  0x0000000000000310      0x118 /Users/DucVoo/Documents/MCUXpressoIDE_11.0.0/workspace cpp/lpc_chip_15xx/Debug/liblpc_chip_15xx.a(clock_15xx.o)
 .debug_ranges  0x0000000000000428       0x60 /Users/DucVoo/Documents/MCUXpressoIDE_11.0.0/workspace cpp/lpc_chip_15xx/Debug/liblpc_chip_15xx.a(gpio_15xx.o)
 .debug_ranges  0x0000000000000488       0x20 /Users/DucVoo/Documents/MCUXpressoIDE_11.0.0/workspace cpp/lpc_chip_15xx/Debug/liblpc_chip_15xx.a(i2c_common_15xx.o)
 .debug_ranges  0x00000000000004a8       0x78 /Users/DucVoo/Documents/MCUXpressoIDE_11.0.0/workspace cpp/lpc_chip_15xx/Debug/liblpc_chip_15xx.a(i2cm_15xx.o)
 .debug_ranges  0x0000000000000520       0x18 /Users/DucVoo/Documents/MCUXpressoIDE_11.0.0/workspace cpp/lpc_chip_15xx/Debug/liblpc_chip_15xx.a(iocon_15xx.o)
 .debug_ranges  0x0000000000000538       0x30 /Users/DucVoo/Documents/MCUXpressoIDE_11.0.0/workspace cpp/lpc_chip_15xx/Debug/liblpc_chip_15xx.a(swm_15xx.o)
 .debug_ranges  0x0000000000000568       0x40 /Users/DucVoo/Documents/MCUXpressoIDE_11.0.0/workspace cpp/lpc_chip_15xx/Debug/liblpc_chip_15xx.a(sysctl_15xx.o)
 .debug_ranges  0x00000000000005a8       0x48 /Users/DucVoo/Documents/MCUXpressoIDE_11.0.0/workspace cpp/lpc_chip_15xx/Debug/liblpc_chip_15xx.a(sysinit_15xx.o)
 .debug_ranges  0x00000000000005f0       0xb8 /Users/DucVoo/Documents/MCUXpressoIDE_11.0.0/workspace cpp/lpc_chip_15xx/Debug/liblpc_chip_15xx.a(uart_15xx.o)
 .debug_ranges  0x00000000000006a8       0x10 /Applications/MCUXpressoIDE_11.0.0_2516/ide/plugins/com.nxp.mcuxpresso.tools.macosx_11.0.0.201905131304/tools/bin/../lib/gcc/arm-none-eabi/8.2.1/../../../../arm-none-eabi/lib/thumb/v7-m/nofp/libcr_newlib_nohost.a(_cr_sbrk.o)
 .debug_ranges  0x00000000000006b8       0x10 /Applications/MCUXpressoIDE_11.0.0_2516/ide/plugins/com.nxp.mcuxpresso.tools.macosx_11.0.0.201905131304/tools/bin/../lib/gcc/arm-none-eabi/8.2.1/../../../../arm-none-eabi/lib/thumb/v7-m/nofp/libcr_newlib_nohost.a(_cr_check_heap.o)

.debug_macro    0x0000000000000000     0x9a68
 .debug_macro   0x0000000000000000      0x3ec ./src/DigitalIoPin.o
 .debug_macro   0x00000000000003ec      0xb80 ./src/DigitalIoPin.o
 .debug_macro   0x0000000000000f6c       0x1c ./src/DigitalIoPin.o
 .debug_macro   0x0000000000000f88       0x22 ./src/DigitalIoPin.o
 .debug_macro   0x0000000000000faa       0x8e ./src/DigitalIoPin.o
 .debug_macro   0x0000000000001038       0x51 ./src/DigitalIoPin.o
 .debug_macro   0x0000000000001089       0xef ./src/DigitalIoPin.o
 .debug_macro   0x0000000000001178       0x6a ./src/DigitalIoPin.o
 .debug_macro   0x00000000000011e2      0x1df ./src/DigitalIoPin.o
 .debug_macro   0x00000000000013c1       0x16 ./src/DigitalIoPin.o
 .debug_macro   0x00000000000013d7       0x7b ./src/DigitalIoPin.o
 .debug_macro   0x0000000000001452       0x10 ./src/DigitalIoPin.o
 .debug_macro   0x0000000000001462       0x2d ./src/DigitalIoPin.o
 .debug_macro   0x000000000000148f       0x3a ./src/DigitalIoPin.o
 .debug_macro   0x00000000000014c9       0x2d ./src/DigitalIoPin.o
 .debug_macro   0x00000000000014f6      0xa7d ./src/DigitalIoPin.o
 .debug_macro   0x0000000000001f73      0x1b4 ./src/DigitalIoPin.o
 .debug_macro   0x0000000000002127       0xca ./src/DigitalIoPin.o
 .debug_macro   0x00000000000021f1       0x18 ./src/DigitalIoPin.o
 .debug_macro   0x0000000000002209       0xb2 ./src/DigitalIoPin.o
 .debug_macro   0x00000000000022bb       0x70 ./src/DigitalIoPin.o
 .debug_macro   0x000000000000232b       0x46 ./src/DigitalIoPin.o
 .debug_macro   0x0000000000002371       0xd0 ./src/DigitalIoPin.o
 .debug_macro   0x0000000000002441       0x40 ./src/DigitalIoPin.o
 .debug_macro   0x0000000000002481      0x233 ./src/DigitalIoPin.o
 .debug_macro   0x00000000000026b4       0x16 ./src/DigitalIoPin.o
 .debug_macro   0x00000000000026ca       0x88 ./src/DigitalIoPin.o
 .debug_macro   0x0000000000002752       0x34 ./src/DigitalIoPin.o
 .debug_macro   0x0000000000002786       0x6a ./src/DigitalIoPin.o
 .debug_macro   0x00000000000027f0       0x40 ./src/DigitalIoPin.o
 .debug_macro   0x0000000000002830       0x1c ./src/DigitalIoPin.o
 .debug_macro   0x000000000000284c       0x16 ./src/DigitalIoPin.o
 .debug_macro   0x0000000000002862      0x10c ./src/DigitalIoPin.o
 .debug_macro   0x000000000000296e      0x2a9 ./src/DigitalIoPin.o
 .debug_macro   0x0000000000002c17       0x76 ./src/DigitalIoPin.o
 .debug_macro   0x0000000000002c8d       0x22 ./src/DigitalIoPin.o
 .debug_macro   0x0000000000002caf      0x152 ./src/DigitalIoPin.o
 .debug_macro   0x0000000000002e01       0x82 ./src/DigitalIoPin.o
 .debug_macro   0x0000000000002e83       0xe6 ./src/DigitalIoPin.o
 .debug_macro   0x0000000000002f69       0x3a ./src/DigitalIoPin.o
 .debug_macro   0x0000000000002fa3       0x34 ./src/DigitalIoPin.o
 .debug_macro   0x0000000000002fd7       0x10 ./src/DigitalIoPin.o
 .debug_macro   0x0000000000002fe7       0x76 ./src/DigitalIoPin.o
 .debug_macro   0x000000000000305d       0x58 ./src/DigitalIoPin.o
 .debug_macro   0x00000000000030b5      0x2ca ./src/DigitalIoPin.o
 .debug_macro   0x000000000000337f      0x22b ./src/DigitalIoPin.o
 .debug_macro   0x00000000000035aa       0x2e ./src/DigitalIoPin.o
 .debug_macro   0x00000000000035d8       0x34 ./src/DigitalIoPin.o
 .debug_macro   0x000000000000360c       0x5e ./src/DigitalIoPin.o
 .debug_macro   0x000000000000366a       0x18 ./src/DigitalIoPin.o
 .debug_macro   0x0000000000003682       0x35 ./src/DigitalIoPin.o
 .debug_macro   0x00000000000036b7       0x34 ./src/DigitalIoPin.o
 .debug_macro   0x00000000000036eb       0x16 ./src/DigitalIoPin.o
 .debug_macro   0x0000000000003701       0x97 ./src/DigitalIoPin.o
 .debug_macro   0x0000000000003798      0x35c ./src/DigitalIoPin.o
 .debug_macro   0x0000000000003af4      0x104 ./src/DigitalIoPin.o
 .debug_macro   0x0000000000003bf8       0x10 ./src/DigitalIoPin.o
 .debug_macro   0x0000000000003c08       0x58 ./src/DigitalIoPin.o
 .debug_macro   0x0000000000003c60       0x1f ./src/DigitalIoPin.o
 .debug_macro   0x0000000000003c7f       0x43 ./src/DigitalIoPin.o
 .debug_macro   0x0000000000003cc2       0x20 ./src/DigitalIoPin.o
 .debug_macro   0x0000000000003ce2      0x18e ./src/DigitalIoPin.o
 .debug_macro   0x0000000000003e70       0x10 ./src/DigitalIoPin.o
 .debug_macro   0x0000000000003e80       0x1c ./src/DigitalIoPin.o
 .debug_macro   0x0000000000003e9c       0x52 ./src/DigitalIoPin.o
 .debug_macro   0x0000000000003eee       0x40 ./src/DigitalIoPin.o
 .debug_macro   0x0000000000003f2e       0x10 ./src/DigitalIoPin.o
 .debug_macro   0x0000000000003f3e       0x40 ./src/DigitalIoPin.o
 .debug_macro   0x0000000000003f7e       0xd7 ./src/DigitalIoPin.o
 .debug_macro   0x0000000000004055       0x1c ./src/DigitalIoPin.o
 .debug_macro   0x0000000000004071       0x3d ./src/DigitalIoPin.o
 .debug_macro   0x00000000000040ae       0x16 ./src/DigitalIoPin.o
 .debug_macro   0x00000000000040c4      0x137 ./src/DigitalIoPin.o
 .debug_macro   0x00000000000041fb       0x20 ./src/DigitalIoPin.o
 .debug_macro   0x000000000000421b      0x2a0 ./src/ITM_write.o
 .debug_macro   0x00000000000044bb      0xaae ./src/ITM_write.o
 .debug_macro   0x0000000000004f69       0x56 ./src/ITM_write.o
 .debug_macro   0x0000000000004fbf       0x22 ./src/ITM_write.o
 .debug_macro   0x0000000000004fe1      0xa7d ./src/ITM_write.o
 .debug_macro   0x0000000000005a5e       0x23 ./src/cr_startup_lpc15xx.o
 .debug_macro   0x0000000000005a81      0x490 ./src/lab04-ex3.o
 .debug_macro   0x0000000000005f11       0x46 ./src/lab04-ex3.o
 .debug_macro   0x0000000000005f57       0x17 ./src/lab04-ex3.o
 .debug_macro   0x0000000000005f6e       0x28 ./src/lab04-ex3.o
 .debug_macro   0x0000000000005f96       0x41 ./src/lab04-ex3.o
 .debug_macro   0x0000000000005fd7       0x12 ./src/lab04-ex3.o
 .debug_macro   0x0000000000005fe9      0x1d5 ./src/printer.o
 .debug_macro   0x00000000000061be       0x4c ./src/printer.o
 .debug_macro   0x000000000000620a      0x376 ./src/sysinit.o
 .debug_macro   0x0000000000006580       0x34 ./src/sysinit.o
 .debug_macro   0x00000000000065b4       0x97 ./src/sysinit.o
 .debug_macro   0x000000000000664b      0x339 ./src/sysinit.o
 .debug_macro   0x0000000000006984       0xfd ./src/sysinit.o
 .debug_macro   0x0000000000006a81       0x43 ./src/sysinit.o
 .debug_macro   0x0000000000006ac4       0xb6 ./src/sysinit.o
 .debug_macro   0x0000000000006b7a      0x129 ./src/sysinit.o
 .debug_macro   0x0000000000006ca3      0x284 /Users/DucVoo/Documents/MCUXpressoIDE_11.0.0/workspace cpp/lpc_board_nxp_lpcxpresso_1549/Debug/liblpc_board_nxp_lpcxpresso_1549.a(board.o)
 .debug_macro   0x0000000000006f27      0xa9c /Users/DucVoo/Documents/MCUXpressoIDE_11.0.0/workspace cpp/lpc_board_nxp_lpcxpresso_1549/Debug/liblpc_board_nxp_lpcxpresso_1549.a(board.o)
 .debug_macro   0x00000000000079c3       0x10 /Users/DucVoo/Documents/MCUXpressoIDE_11.0.0/workspace cpp/lpc_board_nxp_lpcxpresso_1549/Debug/liblpc_board_nxp_lpcxpresso_1549.a(board.o)
 .debug_macro   0x00000000000079d3      0x12e /Users/DucVoo/Documents/MCUXpressoIDE_11.0.0/workspace cpp/lpc_board_nxp_lpcxpresso_1549/Debug/liblpc_board_nxp_lpcxpresso_1549.a(board.o)
 .debug_macro   0x0000000000007b01      0x5b3 /Users/DucVoo/Documents/MCUXpressoIDE_11.0.0/workspace cpp/lpc_board_nxp_lpcxpresso_1549/Debug/liblpc_board_nxp_lpcxpresso_1549.a(board.o)
 .debug_macro   0x00000000000080b4       0x22 /Users/DucVoo/Documents/MCUXpressoIDE_11.0.0/workspace cpp/lpc_board_nxp_lpcxpresso_1549/Debug/liblpc_board_nxp_lpcxpresso_1549.a(board.o)
 .debug_macro   0x00000000000080d6       0x9a /Users/DucVoo/Documents/MCUXpressoIDE_11.0.0/workspace cpp/lpc_board_nxp_lpcxpresso_1549/Debug/liblpc_board_nxp_lpcxpresso_1549.a(board.o)
 .debug_macro   0x0000000000008170       0x12 /Users/DucVoo/Documents/MCUXpressoIDE_11.0.0/workspace cpp/lpc_board_nxp_lpcxpresso_1549/Debug/liblpc_board_nxp_lpcxpresso_1549.a(board.o)
 .debug_macro   0x0000000000008182      0x288 /Users/DucVoo/Documents/MCUXpressoIDE_11.0.0/workspace cpp/lpc_board_nxp_lpcxpresso_1549/Debug/liblpc_board_nxp_lpcxpresso_1549.a(board_sysinit.o)
 .debug_macro   0x000000000000840a      0x239 /Users/DucVoo/Documents/MCUXpressoIDE_11.0.0/workspace cpp/lpc_chip_15xx/Debug/liblpc_chip_15xx.a(chip_15xx.o)
 .debug_macro   0x0000000000008643      0x239 /Users/DucVoo/Documents/MCUXpressoIDE_11.0.0/workspace cpp/lpc_chip_15xx/Debug/liblpc_chip_15xx.a(clock_15xx.o)
 .debug_macro   0x000000000000887c      0x239 /Users/DucVoo/Documents/MCUXpressoIDE_11.0.0/workspace cpp/lpc_chip_15xx/Debug/liblpc_chip_15xx.a(gpio_15xx.o)
 .debug_macro   0x0000000000008ab5      0x239 /Users/DucVoo/Documents/MCUXpressoIDE_11.0.0/workspace cpp/lpc_chip_15xx/Debug/liblpc_chip_15xx.a(i2c_common_15xx.o)
 .debug_macro   0x0000000000008cee      0x239 /Users/DucVoo/Documents/MCUXpressoIDE_11.0.0/workspace cpp/lpc_chip_15xx/Debug/liblpc_chip_15xx.a(i2cm_15xx.o)
 .debug_macro   0x0000000000008f27      0x239 /Users/DucVoo/Documents/MCUXpressoIDE_11.0.0/workspace cpp/lpc_chip_15xx/Debug/liblpc_chip_15xx.a(iocon_15xx.o)
 .debug_macro   0x0000000000009160      0x245 /Users/DucVoo/Documents/MCUXpressoIDE_11.0.0/workspace cpp/lpc_chip_15xx/Debug/liblpc_chip_15xx.a(swm_15xx.o)
 .debug_macro   0x00000000000093a5      0x251 /Users/DucVoo/Documents/MCUXpressoIDE_11.0.0/workspace cpp/lpc_chip_15xx/Debug/liblpc_chip_15xx.a(sysctl_15xx.o)
 .debug_macro   0x00000000000095f6      0x239 /Users/DucVoo/Documents/MCUXpressoIDE_11.0.0/workspace cpp/lpc_chip_15xx/Debug/liblpc_chip_15xx.a(sysinit_15xx.o)
 .debug_macro   0x000000000000982f      0x239 /Users/DucVoo/Documents/MCUXpressoIDE_11.0.0/workspace cpp/lpc_chip_15xx/Debug/liblpc_chip_15xx.a(uart_15xx.o)

.debug_line     0x0000000000000000     0x7c7b
 .debug_line    0x0000000000000000      0x94e ./src/DigitalIoPin.o
 .debug_line    0x000000000000094e      0x6a4 ./src/ITM_write.o
 .debug_line    0x0000000000000ff2      0x172 ./src/cr_startup_lpc15xx.o
 .debug_line    0x0000000000001164      0xdfe ./src/lab04-ex3.o
 .debug_line    0x0000000000001f62      0x44e ./src/printer.o
 .debug_line    0x00000000000023b0      0x743 ./src/sysinit.o
 .debug_line    0x0000000000002af3      0x86b /Users/DucVoo/Documents/MCUXpressoIDE_11.0.0/workspace cpp/lpc_board_nxp_lpcxpresso_1549/Debug/liblpc_board_nxp_lpcxpresso_1549.a(board.o)
 .debug_line    0x000000000000335e      0x6ab /Users/DucVoo/Documents/MCUXpressoIDE_11.0.0/workspace cpp/lpc_board_nxp_lpcxpresso_1549/Debug/liblpc_board_nxp_lpcxpresso_1549.a(board_sysinit.o)
 .debug_line    0x0000000000003a09      0x5a0 /Users/DucVoo/Documents/MCUXpressoIDE_11.0.0/workspace cpp/lpc_chip_15xx/Debug/liblpc_chip_15xx.a(chip_15xx.o)
 .debug_line    0x0000000000003fa9      0x9c5 /Users/DucVoo/Documents/MCUXpressoIDE_11.0.0/workspace cpp/lpc_chip_15xx/Debug/liblpc_chip_15xx.a(clock_15xx.o)
 .debug_line    0x000000000000496e      0x616 /Users/DucVoo/Documents/MCUXpressoIDE_11.0.0/workspace cpp/lpc_chip_15xx/Debug/liblpc_chip_15xx.a(gpio_15xx.o)
 .debug_line    0x0000000000004f84      0x4f8 /Users/DucVoo/Documents/MCUXpressoIDE_11.0.0/workspace cpp/lpc_chip_15xx/Debug/liblpc_chip_15xx.a(i2c_common_15xx.o)
 .debug_line    0x000000000000547c      0x73a /Users/DucVoo/Documents/MCUXpressoIDE_11.0.0/workspace cpp/lpc_chip_15xx/Debug/liblpc_chip_15xx.a(i2cm_15xx.o)
 .debug_line    0x0000000000005bb6      0x51d /Users/DucVoo/Documents/MCUXpressoIDE_11.0.0/workspace cpp/lpc_chip_15xx/Debug/liblpc_chip_15xx.a(iocon_15xx.o)
 .debug_line    0x00000000000060d3      0x588 /Users/DucVoo/Documents/MCUXpressoIDE_11.0.0/workspace cpp/lpc_chip_15xx/Debug/liblpc_chip_15xx.a(swm_15xx.o)
 .debug_line    0x000000000000665b      0x5dd /Users/DucVoo/Documents/MCUXpressoIDE_11.0.0/workspace cpp/lpc_chip_15xx/Debug/liblpc_chip_15xx.a(sysctl_15xx.o)
 .debug_line    0x0000000000006c38      0x5e3 /Users/DucVoo/Documents/MCUXpressoIDE_11.0.0/workspace cpp/lpc_chip_15xx/Debug/liblpc_chip_15xx.a(sysinit_15xx.o)
 .debug_line    0x000000000000721b      0x808 /Users/DucVoo/Documents/MCUXpressoIDE_11.0.0/workspace cpp/lpc_chip_15xx/Debug/liblpc_chip_15xx.a(uart_15xx.o)