PropertyEdit.h:13:2:PropertyEdit::PropertyEdit()	16	static
PropertyEdit.h:14:10:PropertyEdit::~PropertyEdit()	16	static
PropertyEdit.h:14:10:virtual PropertyEdit::~PropertyEdit()	16	static
gthr-default.h:229:1:int __gthread_key_delete(__gthread_key_t)	16	static
DecimalEdit.cpp:11:1:DecimalEdit::DecimalEdit(LiquidCrystal*, std::__cxx11::string, float, float, float)	24	static
DecimalEdit.cpp:18:1:DecimalEdit::~DecimalEdit()	16	static
DecimalEdit.cpp:18:1:virtual DecimalEdit::~DecimalEdit()	16	static
DecimalEdit.cpp:22:6:virtual void DecimalEdit::increment()	16	static
DecimalEdit.cpp:30:6:virtual void DecimalEdit::decrement()	16	static
DecimalEdit.cpp:38:6:virtual void DecimalEdit::accept()	16	static
DecimalEdit.cpp:44:6:virtual void DecimalEdit::cancel()	16	static
DecimalEdit.cpp:49:6:virtual void DecimalEdit::setFocus(bool)	16	static
DecimalEdit.cpp:54:6:virtual bool DecimalEdit::getFocus()	16	static
DecimalEdit.cpp:59:6:virtual void DecimalEdit::display()	56	static
DecimalEdit.cpp:77:6:void DecimalEdit::save()	16	static
DecimalEdit.cpp:84:7:float DecimalEdit::getValue()	16	static
DecimalEdit.cpp:89:7:float DecimalEdit::getEdit()	16	static
DecimalEdit.cpp:93:7:float DecimalEdit::getUpper()	16	static
DecimalEdit.cpp:97:7:float DecimalEdit::getLower()	16	static
DecimalEdit.cpp:101:13:std::__cxx11::string DecimalEdit::getTitle() const	16	static
DecimalEdit.cpp:105:6:void DecimalEdit::setValue(float)	16	static
