PropertyEdit.h:13:2:PropertyEdit::PropertyEdit()	16	static
PropertyEdit.h:14:10:PropertyEdit::~PropertyEdit()	16	static
PropertyEdit.h:14:10:virtual PropertyEdit::~PropertyEdit()	16	static
gthr-default.h:229:1:int __gthread_key_delete(__gthread_key_t)	16	static
IntegerEdit.cpp:11:1:IntegerEdit::IntegerEdit(LiquidCrystal*, std::__cxx11::string, int, int)	24	static
IntegerEdit.cpp:20:1:IntegerEdit::IntegerEdit(LiquidCrystal*, std::__cxx11::string, int, int, int)	24	static
IntegerEdit.cpp:28:1:IntegerEdit::~IntegerEdit()	16	static
IntegerEdit.cpp:28:1:virtual IntegerEdit::~IntegerEdit()	16	static
IntegerEdit.cpp:32:6:virtual void IntegerEdit::increment()	16	static
IntegerEdit.cpp:40:6:virtual void IntegerEdit::decrement()	16	static
IntegerEdit.cpp:48:6:virtual void IntegerEdit::accept()	16	static
IntegerEdit.cpp:54:6:virtual void IntegerEdit::cancel()	16	static
IntegerEdit.cpp:59:6:virtual void IntegerEdit::setFocus(bool)	16	static
IntegerEdit.cpp:64:6:virtual bool IntegerEdit::getFocus()	16	static
IntegerEdit.cpp:69:6:virtual void IntegerEdit::display()	40	static
IntegerEdit.cpp:87:6:void IntegerEdit::save()	16	static
IntegerEdit.cpp:105:5:int IntegerEdit::getValue()	16	static
IntegerEdit.cpp:110:5:int IntegerEdit::getEdit()	16	static
IntegerEdit.cpp:114:5:int IntegerEdit::getUpper()	16	static
IntegerEdit.cpp:118:5:int IntegerEdit::getLower()	16	static
IntegerEdit.cpp:122:13:std::__cxx11::string IntegerEdit::getTitle() const	16	static
IntegerEdit.cpp:126:6:void IntegerEdit::setValue(int)	16	static
