gthr-default.h:229:1:int __gthread_key_delete(__gthread_key_t)	16	static
core_cm3.h:1323:22:void NVIC_EnableIRQ(IRQn_Type)	16	static
core_cm3.h:1375:22:void NVIC_ClearPendingIRQ(IRQn_Type)	16	static
core_cm3.h:1405:22:void NVIC_SetPriority(IRQn_Type, uint32_t)	16	static
core_cm3.h:1532:26:uint32_t SysTick_Config(uint32_t)	16	static
sysctl_15xx.h:185:20:void Chip_SYSCTL_PeriphReset(CHIP_SYSCTL_PERIPH_RESET_T)	16	static
clock_15xx.h:500:20:void Chip_Clock_SetSysTickClockDiv(uint32_t)	16	static
pinint_15xx.h:101:20:void Chip_PININT_SetPinModeEdge(LPC_PIN_INT_T*, uint32_t)	16	static
pinint_15xx.h:171:20:void Chip_PININT_EnableIntLow(LPC_PIN_INT_T*, uint32_t)	16	static
pinint_15xx.h:245:20:void Chip_PININT_ClearIntStatus(LPC_PIN_INT_T*, uint32_t)	16	static
inmux_15xx.h:221:20:void Chip_INMUX_PinIntSel(uint8_t, uint8_t, uint8_t)	16	static
lab07-ex1.cpp:42:10:void SysTick_Handler()	8	static
lab07-ex1.cpp:57:10:void PIN_INT0_IRQHandler()	8	static
lab07-ex1.cpp:63:10:void PIN_INT1_IRQHandler()	8	static
lab07-ex1.cpp:69:10:void PIN_INT2_IRQHandler()	8	static
lab07-ex1.cpp:76:6:void Sleep(int)	16	static
lab07-ex1.cpp:171:17:main()::<lambda()>	112	static
lab07-ex1.cpp:171:17:static void main()::<lambda()>::_FUN()	8	static
lab07-ex1.cpp:171:17:main()::<lambda()>::operator void (*)()() const	16	static
lab07-ex1.cpp:85:5:int main()	240	static
lab07-ex1.cpp:206:1:void __static_initialization_and_destruction_0(int, int)	16	static
lab07-ex1.cpp:206:1:cpp)	8	static
