Archive member included to satisfy reference by file (symbol)

/Users/DucVoo/Documents/MCUXpressoIDE_11.0.0/workspace cpp/lpc_board_nxp_lpcxpresso_1549/Debug/liblpc_board_nxp_lpcxpresso_1549.a(board.o)
                              ./src/lab02-ex3.o (Board_Init)
/Users/DucVoo/Documents/MCUXpressoIDE_11.0.0/workspace cpp/lpc_board_nxp_lpcxpresso_1549/Debug/liblpc_board_nxp_lpcxpresso_1549.a(board_sysinit.o)
                              ./src/sysinit.o (Board_SystemInit)
/Users/DucVoo/Documents/MCUXpressoIDE_11.0.0/workspace cpp/lpc_chip_15xx/Debug/liblpc_chip_15xx.a(clock_15xx.o)
                              /Users/DucVoo/Documents/MCUXpressoIDE_11.0.0/workspace cpp/lpc_board_nxp_lpcxpresso_1549/Debug/liblpc_board_nxp_lpcxpresso_1549.a(board.o) (Chip_Clock_GetMainClockRate)
/Users/DucVoo/Documents/MCUXpressoIDE_11.0.0/workspace cpp/lpc_chip_15xx/Debug/liblpc_chip_15xx.a(gpio_15xx.o)
                              /Users/DucVoo/Documents/MCUXpressoIDE_11.0.0/workspace cpp/lpc_board_nxp_lpcxpresso_1549/Debug/liblpc_board_nxp_lpcxpresso_1549.a(board.o) (Chip_GPIO_Init)
/Users/DucVoo/Documents/MCUXpressoIDE_11.0.0/workspace cpp/lpc_chip_15xx/Debug/liblpc_chip_15xx.a(iocon_15xx.o)
                              /Users/DucVoo/Documents/MCUXpressoIDE_11.0.0/workspace cpp/lpc_board_nxp_lpcxpresso_1549/Debug/liblpc_board_nxp_lpcxpresso_1549.a(board_sysinit.o) (Chip_IOCON_SetPinMuxing)
/Users/DucVoo/Documents/MCUXpressoIDE_11.0.0/workspace cpp/lpc_chip_15xx/Debug/liblpc_chip_15xx.a(swm_15xx.o)
                              ./src/ITM_write.o (Chip_SWM_MovablePinAssign)
/Users/DucVoo/Documents/MCUXpressoIDE_11.0.0/workspace cpp/lpc_chip_15xx/Debug/liblpc_chip_15xx.a(sysctl_15xx.o)
                              /Users/DucVoo/Documents/MCUXpressoIDE_11.0.0/workspace cpp/lpc_board_nxp_lpcxpresso_1549/Debug/liblpc_board_nxp_lpcxpresso_1549.a(board_sysinit.o) (Chip_SYSCTL_AssertPeriphReset)
/Users/DucVoo/Documents/MCUXpressoIDE_11.0.0/workspace cpp/lpc_chip_15xx/Debug/liblpc_chip_15xx.a(sysinit_15xx.o)
                              /Users/DucVoo/Documents/MCUXpressoIDE_11.0.0/workspace cpp/lpc_board_nxp_lpcxpresso_1549/Debug/liblpc_board_nxp_lpcxpresso_1549.a(board_sysinit.o) (Chip_SetupXtalClocking)
/Users/DucVoo/Documents/MCUXpressoIDE_11.0.0/workspace cpp/lpc_chip_15xx/Debug/liblpc_chip_15xx.a(uart_15xx.o)
                              /Users/DucVoo/Documents/MCUXpressoIDE_11.0.0/workspace cpp/lpc_board_nxp_lpcxpresso_1549/Debug/liblpc_board_nxp_lpcxpresso_1549.a(board.o) (Chip_UART_Init)
/Users/DucVoo/Documents/MCUXpressoIDE_11.0.0/workspace cpp/lpc_chip_15xx/Debug/liblpc_chip_15xx.a(ring_buffer.o)
                              /Users/DucVoo/Documents/MCUXpressoIDE_11.0.0/workspace cpp/lpc_chip_15xx/Debug/liblpc_chip_15xx.a(uart_15xx.o) (RingBuffer_Insert)
/Applications/MCUXpressoIDE_11.0.0_2516/ide/plugins/com.nxp.mcuxpresso.tools.macosx_11.0.0.201905131304/tools/bin/../lib/gcc/arm-none-eabi/8.2.1/thumb/v7-m/nofp/libgcc.a(_arm_addsubdf3.o)
                              ./src/lab02-ex3.o (__aeabi_f2d)
/Applications/MCUXpressoIDE_11.0.0_2516/ide/plugins/com.nxp.mcuxpresso.tools.macosx_11.0.0.201905131304/tools/bin/../lib/gcc/arm-none-eabi/8.2.1/thumb/v7-m/nofp/libgcc.a(_arm_addsubsf3.o)
                              ./src/lab02-ex3.o (__aeabi_fadd)
/Applications/MCUXpressoIDE_11.0.0_2516/ide/plugins/com.nxp.mcuxpresso.tools.macosx_11.0.0.201905131304/tools/bin/../lib/gcc/arm-none-eabi/8.2.1/thumb/v7-m/nofp/libgcc.a(_arm_muldivsf3.o)
                              ./src/lab02-ex3.o (__aeabi_fmul)
/Applications/MCUXpressoIDE_11.0.0_2516/ide/plugins/com.nxp.mcuxpresso.tools.macosx_11.0.0.201905131304/tools/bin/../lib/gcc/arm-none-eabi/8.2.1/thumb/v7-m/nofp/libgcc.a(_aeabi_uldivmod.o)
                              /Users/DucVoo/Documents/MCUXpressoIDE_11.0.0/workspace cpp/lpc_chip_15xx/Debug/liblpc_chip_15xx.a(clock_15xx.o) (__aeabi_uldivmod)
/Applications/MCUXpressoIDE_11.0.0_2516/ide/plugins/com.nxp.mcuxpresso.tools.macosx_11.0.0.201905131304/tools/bin/../lib/gcc/arm-none-eabi/8.2.1/thumb/v7-m/nofp/libgcc.a(_udivmoddi4.o)
                              /Applications/MCUXpressoIDE_11.0.0_2516/ide/plugins/com.nxp.mcuxpresso.tools.macosx_11.0.0.201905131304/tools/bin/../lib/gcc/arm-none-eabi/8.2.1/thumb/v7-m/nofp/libgcc.a(_aeabi_uldivmod.o) (__udivmoddi4)
/Applications/MCUXpressoIDE_11.0.0_2516/ide/plugins/com.nxp.mcuxpresso.tools.macosx_11.0.0.201905131304/tools/bin/../lib/gcc/arm-none-eabi/8.2.1/thumb/v7-m/nofp/libgcc.a(_dvmd_tls.o)
                              /Applications/MCUXpressoIDE_11.0.0_2516/ide/plugins/com.nxp.mcuxpresso.tools.macosx_11.0.0.201905131304/tools/bin/../lib/gcc/arm-none-eabi/8.2.1/thumb/v7-m/nofp/libgcc.a(_aeabi_uldivmod.o) (__aeabi_ldiv0)
/Applications/MCUXpressoIDE_11.0.0_2516/ide/plugins/com.nxp.mcuxpresso.tools.macosx_11.0.0.201905131304/tools/bin/../lib/gcc/arm-none-eabi/8.2.1/../../../../arm-none-eabi/lib/thumb/v7-m/nofp/libc.a(lib_a-init.o)
[...]
Memory Configuration

Name             Origin             Length             Attributes
MFlash256        0x0000000000000000 0x0000000000040000 xr
Ram0_16          0x0000000002000000 0x0000000000004000 xrw
Ram1_16          0x0000000002004000 0x0000000000004000 xrw
Ram2_4           0x0000000002008000 0x0000000000001000 xrw
*default*        0x0000000000000000 0xffffffffffffffff

Linker script and memory map

LOAD ./src/DigitalIoPin.o
LOAD ./src/ITM_write.o
LOAD ./src/cr_cpp_config.o
LOAD ./src/cr_startup_lpc15xx.o
LOAD ./src/crp.o
LOAD ./src/io.o
LOAD ./src/lab02-ex3.o
LOAD ./src/menu.o
LOAD ./src/printer.o
LOAD ./src/sysinit.o
LOAD /Users/DucVoo/Documents/MCUXpressoIDE_11.0.0/workspace cpp/lpc_board_nxp_lpcxpresso_1549/Debug/liblpc_board_nxp_lpcxpresso_1549.a
LOAD /Users/DucVoo/Documents/MCUXpressoIDE_11.0.0/workspace cpp/lpc_chip_15xx/Debug/liblpc_chip_15xx.a
START GROUP
LOAD /Applications/MCUXpressoIDE_11.0.0_2516/ide/plugins/com.nxp.mcuxpresso.tools.macosx_11.0.0.201905131304/tools/bin/../lib/gcc/arm-none-eabi/8.2.1/thumb/v7-m/nofp/libgcc.a
LOAD /Applications/MCUXpressoIDE_11.0.0_2516/ide/plugins/com.nxp.mcuxpresso.tools.macosx_11.0.0.201905131304/tools/bin/../lib/gcc/arm-none-eabi/8.2.1/../../../../arm-none-eabi/lib/thumb/v7-m/nofp/libc.a
LOAD /Applications/MCUXpressoIDE_11.0.0_2516/ide/plugins/com.nxp.mcuxpresso.tools.macosx_11.0.0.201905131304/tools/bin/../lib/gcc/arm-none-eabi/8.2.1/../../../../arm-none-eabi/lib/thumb/v7-m/nofp/libstdc++.a
LOAD /Applications/MCUXpressoIDE_11.0.0_2516/ide/plugins/com.nxp.mcuxpresso.tools.macosx_11.0.0.201905131304/tools/bin/../lib/gcc/arm-none-eabi/8.2.1/../../../../arm-none-eabi/lib/thumb/v7-m/nofp/libm.a
LOAD /Applications/MCUXpressoIDE_11.0.0_2516/ide/plugins/com.nxp.mcuxpresso.tools.macosx_11.0.0.201905131304/tools/bin/../lib/gcc/arm-none-eabi/8.2.1/../../../../arm-none-eabi/lib/thumb/v7-m/nofp/libcr_newlib_nohost.a
LOAD /Applications/MCUXpressoIDE_11.0.0_2516/ide/plugins/com.nxp.mcuxpresso.tools.macosx_11.0.0.201905131304/tools/bin/../lib/gcc/arm-none-eabi/8.2.1/thumb/v7-m/nofp/crti.o
LOAD /Applications/MCUXpressoIDE_11.0.0_2516/ide/plugins/com.nxp.mcuxpresso.tools.macosx_11.0.0.201905131304/tools/bin/../lib/gcc/arm-none-eabi/8.2.1/thumb/v7-m/nofp/crtn.o
LOAD /Applications/MCUXpressoIDE_11.0.0_2516/ide/plugins/com.nxp.mcuxpresso.tools.macosx_11.0.0.201905131304/tools/bin/../lib/gcc/arm-none-eabi/8.2.1/thumb/v7-m/nofp/crtbegin.o
LOAD /Applications/MCUXpressoIDE_11.0.0_2516/ide/plugins/com.nxp.mcuxpresso.tools.macosx_11.0.0.201905131304/tools/bin/../lib/gcc/arm-none-eabi/8.2.1/thumb/v7-m/nofp/crtend.o
END GROUP
                0x0000000000000000                __base_MFlash256 = 0x0
                0x0000000000000000                __base_Flash = 0x0
                0x0000000000040000                __top_MFlash256 = 0x40000
                0x0000000000040000                __top_Flash = 0x40000
                0x0000000002000000                __base_Ram0_16 = 0x2000000
                0x0000000002000000                __base_RAM = 0x2000000
                0x0000000002004000                __top_Ram0_16 = 0x2004000
                0x0000000002004000                __top_RAM = 0x2004000
                0x0000000002004000                __base_Ram1_16 = 0x2004000
                0x0000000002004000                __base_RAM2 = 0x2004000
                0x0000000002008000                __top_Ram1_16 = 0x2008000
                0x0000000002008000                __top_RAM2 = 0x2008000
                0x0000000002008000                __base_Ram2_4 = 0x2008000
                0x0000000002008000                __base_RAM3 = 0x2008000
                0x0000000002009000                __top_Ram2_4 = 0x2009000
                0x0000000002009000                __top_RAM3 = 0x2009000

.text           0x0000000000000000     0x7428
 FILL mask 0xff
                0x0000000000000000                __vectors_start__ = ABSOLUTE (.)
 *(.isr_vector)
 .isr_vector    0x0000000000000000       0xfc ./src/cr_startup_lpc15xx.o
                0x0000000000000000                g_pfnVectors
                0x00000000000000fc                . = ALIGN (0x4)
                0x00000000000000fc                __section_table_start = .
                0x00000000000000fc                __data_section_table = .
                0x00000000000000fc        0x4 LONG 0x7430 LOADADDR (.data)
                0x0000000000000100        0x4 LONG 0x2000000 ADDR (.data)
                0x0000000000000104        0x4 LONG 0x9ac SIZEOF (.data)
                0x0000000000000108        0x4 LONG 0x7430 LOADADDR (.data_RAM2)
                0x000000000000010c        0x4 LONG 0x2004000 ADDR (.data_RAM2)
                0x0000000000000110        0x4 LONG 0x0 SIZEOF (.data_RAM2)
                0x0000000000000114        0x4 LONG 0x7430 LOADADDR (.data_RAM3)
                0x0000000000000118        0x4 LONG 0x2008000 ADDR (.data_RAM3)
                0x000000000000011c        0x4 LONG 0x0 SIZEOF (.data_RAM3)
                0x0000000000000120                __data_section_table_end = .
                0x0000000000000120                __bss_section_table = .
                0x0000000000000120        0x4 LONG 0x20009ac ADDR (.bss)
                0x0000000000000124        0x4 LONG 0x80 SIZEOF (.bss)
                0x0000000000000128        0x4 LONG 0x2004000 ADDR (.bss_RAM2)
                0x000000000000012c        0x4 LONG 0x0 SIZEOF (.bss_RAM2)
                0x0000000000000130        0x4 LONG 0x2008000 ADDR (.bss_RAM3)
                0x0000000000000134        0x4 LONG 0x0 SIZEOF (.bss_RAM3)
                0x0000000000000138                __bss_section_table_end = .
                0x0000000000000138                __section_table_end = .
 *(.after_vectors*)
 .after_vectors
                0x0000000000000138      0x140 ./src/cr_startup_lpc15xx.o
                0x0000000000000138                data_init(unsigned int, unsigned int, unsigned int)
                0x000000000000017a                bss_init(unsigned int, unsigned int)
                0x00000000000001b0                ResetISR
                0x000000000000023c                NMI_Handler
                0x0000000000000242                HardFault_Handler
                0x0000000000000248                MemManage_Handler
                0x000000000000024e                BusFault_Handler
                0x0000000000000254                UsageFault_Handler
                0x000000000000025a                SVC_Handler
                0x0000000000000260                DebugMon_Handler
                0x0000000000000266                PendSV_Handler
                0x0000000000000272                PIN_INT6_IRQHandler
                0x0000000000000272                IntDefaultHandler
                0x0000000000000272                PIN_INT4_IRQHandler
                0x0000000000000272                CAN_IRQHandler
                0x0000000000000272                RTC_ALARM_IRQHandler
                0x0000000000000272                ADC1B_IRQHandler
                0x0000000000000272                ADC1_OVR_IRQHandler
                0x0000000000000272                USBWakeup_IRQHandler
                0x0000000000000272                UART2_IRQHandler
                0x0000000000000272                PIN_INT5_IRQHandler
                0x0000000000000272                SCT1_IRQHandler
                0x0000000000000272                PIN_INT2_IRQHandler
                0x0000000000000272                USB_FIQHandler
                0x0000000000000272                SCT3_IRQHandler
                0x0000000000000272                PIN_INT7_IRQHandler
                0x0000000000000272                PIN_INT1_IRQHandler
                0x0000000000000272                USB_IRQHandler
                0x0000000000000272                BOD_IRQHandler
                0x0000000000000272                ADC0B_IRQHandler
                0x0000000000000272                ACMP0_IRQHandler
                0x0000000000000272                WDT_IRQHandler
                0x0000000000000272                PIN_INT0_IRQHandler
                0x0000000000000272                QEI_IRQHandler
                0x0000000000000272                ACMP3_IRQHandler
                0x0000000000000272                GINT0_IRQHandler
                0x0000000000000272                DAC_IRQHandler
                0x0000000000000272                SPI0_IRQHandler
                0x0000000000000272                EEPROM_IRQHandler
                0x0000000000000272                ACMP2_IRQHandler
                0x0000000000000272                ADC1A_IRQHandler
                0x0000000000000272                DMA_IRQHandler
                0x0000000000000272                PIN_INT3_IRQHandler
                0x0000000000000272                ACMP1_IRQHandler
                0x0000000000000272                ADC0A_IRQHandler
                0x0000000000000272                FMC_IRQHandler
                0x0000000000000272                GINT1_IRQHandler
                0x0000000000000272                SCT0_IRQHandler
                0x0000000000000272                ADC0_THCMP_IRQHandler
                0x0000000000000272                RIT_IRQHandler
                0x0000000000000272                I2C0_IRQHandler
                0x0000000000000272                ADC0_OVR_IRQHandler
                0x0000000000000272                ADC1_THCMP_IRQHandler
                0x0000000000000272                SCT2_IRQHandler
                0x0000000000000272                MRT_IRQHandler
                0x0000000000000272                UART1_IRQHandler
                0x0000000000000272                RTC_WAKE_IRQHandler
                0x0000000000000272                UART0_IRQHandler
                0x0000000000000272                SPI1_IRQHandler
 *(.text*)
 .text.Chip_IOCON_PinMuxSet
                0x0000000000000278       0x2c ./src/DigitalIoPin.o
 .text.Chip_GPIO_GetPinState
                0x00000000000002a4       0x34 ./src/DigitalIoPin.o
 .text.Chip_GPIO_SetPinDIROutput
                0x00000000000002d8       0x3c ./src/DigitalIoPin.o
 .text.Chip_GPIO_SetPinDIRInput
                0x0000000000000314       0x3e ./src/DigitalIoPin.o
 .text._ZStanSt12memory_orderSt23__memory_order_modifier
                0x0000000000000352       0x24 ./src/DigitalIoPin.o
                0x0000000000000352                std::operator&(std::memory_order, std::__memory_order_modifier)
 *fill*         0x0000000000000376        0x2 ff
 .text.SysTick_Handler
                0x0000000000000378       0x2c ./src/DigitalIoPin.o
                0x0000000000000378                SysTick_Handler
 .text._Z5Sleepi
                0x00000000000003a4       0x38 ./src/DigitalIoPin.o
                0x00000000000003a4                Sleep(int)
 .text._ZN12DigitalIoPinC2Eiibbb
                0x00000000000003dc       0x9c ./src/DigitalIoPin.o
                0x00000000000003dc                DigitalIoPin::DigitalIoPin(int, int, bool, bool, bool)
                0x00000000000003dc                DigitalIoPin::DigitalIoPin(int, int, bool, bool, bool)
 .text._ZN12DigitalIoPin4readEv
                0x0000000000000478       0x28 ./src/DigitalIoPin.o
                0x0000000000000478                DigitalIoPin::read()
 .text._ZNVKSt13__atomic_baseIiEcviEv
                0x00000000000004a0       0x36 ./src/DigitalIoPin.o
                0x00000000000004a0                std::__atomic_base<int>::operator int() const volatile
 .text._ZNVSt13__atomic_baseIiEmmEi
                0x00000000000004d6       0x42 ./src/DigitalIoPin.o
                0x00000000000004d6                std::__atomic_base<int>::operator--(int) volatile
 .text._ZNVSt13__atomic_baseIiEaSEi
                0x0000000000000518       0x3e ./src/DigitalIoPin.o
                0x0000000000000518                std::__atomic_base<int>::operator=(int) volatile
 .text._Z41__static_initialization_and_destruction_0ii
                0x0000000000000556       0x14 ./src/DigitalIoPin.o
 .text._GLOBAL__sub_I_SysTick_Handler
                0x000000000000056a       0x10 ./src/DigitalIoPin.o
 .text.Chip_SWM_MovablePortPinAssign
                0x000000000000057a       0x30 ./src/ITM_write.o
 .text.ITM_init
                0x00000000000005aa       0x12 ./src/ITM_write.o
                0x00000000000005aa                ITM_init
 .text.ITM_write
                0x00000000000005bc       0x7c ./src/ITM_write.o
                0x00000000000005bc                ITM_write
 .text.NVIC_SetPriority
                0x0000000000000638       0x5c ./src/lab02-ex3.o
 .text.SysTick_Config
                0x0000000000000694       0x44 ./src/lab02-ex3.o
 .text.Chip_Clock_SetSysTickClockDiv
                0x00000000000006d8       0x20 ./src/lab02-ex3.o
 .text._Z7comparePKvS0_
                0x00000000000006f8       0x1e ./src/lab02-ex3.o
                0x00000000000006f8                compare(void const*, void const*)
 .text._ZN7PrinterC2Ev
                0x0000000000000716       0x16 ./src/lab02-ex3.o
                0x0000000000000716                Printer::Printer()
                0x0000000000000716                Printer::Printer()
 .text._ZN7Printer5printEPKcz
                0x000000000000072c       0x4a ./src/lab02-ex3.o
                0x000000000000072c                Printer::print(char const*, ...)
 *fill*         0x0000000000000776        0x2 ff
 .text.main     0x0000000000000778      0x294 ./src/lab02-ex3.o
                0x0000000000000778                main
 .text.SystemInit
                0x0000000000000a0c        0xc ./src/sysinit.o
                0x0000000000000a0c                SystemInit
 .text.Chip_IOCON_PinMuxSet
                0x0000000000000a18       0x2c /Users/DucVoo/Documents/MCUXpressoIDE_11.0.0/workspace cpp/lpc_board_nxp_lpcxpresso_1549/Debug/liblpc_board_nxp_lpcxpresso_1549.a(board.o)
 .text.Chip_SWM_MovablePortPinAssign
                0x0000000000000a44       0x30 /Users/DucVoo/Documents/MCUXpressoIDE_11.0.0/workspace cpp/lpc_board_nxp_lpcxpresso_1549/Debug/liblpc_board_nxp_lpcxpresso_1549.a(board.o)
 .text.Chip_GPIO_SetPinState
                0x0000000000000a74       0x36 /Users/DucVoo/Documents/MCUXpressoIDE_11.0.0/workspace cpp/lpc_board_nxp_lpcxpresso_1549/Debug/liblpc_board_nxp_lpcxpresso_1549.a(board.o)
 .text.Chip_GPIO_SetPinDIROutput
                0x0000000000000aaa       0x3c /Users/DucVoo/Documents/MCUXpressoIDE_11.0.0/workspace cpp/lpc_board_nxp_lpcxpresso_1549/Debug/liblpc_board_nxp_lpcxpresso_1549.a(board.o)
 .text.Chip_UART_Enable
                0x0000000000000ae6       0x1e /Users/DucVoo/Documents/MCUXpressoIDE_11.0.0/workspace cpp/lpc_board_nxp_lpcxpresso_1549/Debug/liblpc_board_nxp_lpcxpresso_1549.a(board.o)
 .text.Chip_UART_TXEnable
                0x0000000000000b04       0x1e /Users/DucVoo/Documents/MCUXpressoIDE_11.0.0/workspace cpp/lpc_board_nxp_lpcxpresso_1549/Debug/liblpc_board_nxp_lpcxpresso_1549.a(board.o)
 .text.Chip_UART_ConfigData
                0x0000000000000b22       0x28 /Users/DucVoo/Documents/MCUXpressoIDE_11.0.0/workspace cpp/lpc_board_nxp_lpcxpresso_1549/Debug/liblpc_board_nxp_lpcxpresso_1549.a(board.o)
 *fill*         0x0000000000000b4a        0x2 ff
 .text.Board_Debug_Init
                0x0000000000000b4c       0x70 /Users/DucVoo/Documents/MCUXpressoIDE_11.0.0/workspace cpp/lpc_board_nxp_lpcxpresso_1549/Debug/liblpc_board_nxp_lpcxpresso_1549.a(board.o)
                0x0000000000000b4c                Board_Debug_Init
 .text.Board_LED_Init
                0x0000000000000bbc       0x5c /Users/DucVoo/Documents/MCUXpressoIDE_11.0.0/workspace cpp/lpc_board_nxp_lpcxpresso_1549/Debug/liblpc_board_nxp_lpcxpresso_1549.a(board.o)
 .text.Board_Init
                0x0000000000000c18       0x18 /Users/DucVoo/Documents/MCUXpressoIDE_11.0.0/workspace cpp/lpc_board_nxp_lpcxpresso_1549/Debug/liblpc_board_nxp_lpcxpresso_1549.a(board.o)
                0x0000000000000c18                Board_Init
 .text.Chip_SYSCTL_PeriphReset
                0x0000000000000c30       0x22 /Users/DucVoo/Documents/MCUXpressoIDE_11.0.0/workspace cpp/lpc_board_nxp_lpcxpresso_1549/Debug/liblpc_board_nxp_lpcxpresso_1549.a(board_sysinit.o)
 *fill*         0x0000000000000c52        0x2 ff
 .text.Chip_Clock_SetUSBPLLSource
                0x0000000000000c54       0x20 /Users/DucVoo/Documents/MCUXpressoIDE_11.0.0/workspace cpp/lpc_board_nxp_lpcxpresso_1549/Debug/liblpc_board_nxp_lpcxpresso_1549.a(board_sysinit.o)
 .text.Chip_Clock_SetupUSBPLL
                0x0000000000000c74       0x34 /Users/DucVoo/Documents/MCUXpressoIDE_11.0.0/workspace cpp/lpc_board_nxp_lpcxpresso_1549/Debug/liblpc_board_nxp_lpcxpresso_1549.a(board_sysinit.o)
 .text.Chip_Clock_IsUSBPLLLocked
                0x0000000000000ca8       0x24 /Users/DucVoo/Documents/MCUXpressoIDE_11.0.0/workspace cpp/lpc_board_nxp_lpcxpresso_1549/Debug/liblpc_board_nxp_lpcxpresso_1549.a(board_sysinit.o)
 .text.Chip_Clock_SetSysTickClockDiv
                0x0000000000000ccc       0x20 /Users/DucVoo/Documents/MCUXpressoIDE_11.0.0/workspace cpp/lpc_board_nxp_lpcxpresso_1549/Debug/liblpc_board_nxp_lpcxpresso_1549.a(board_sysinit.o)
 .text.Chip_SWM_MovablePortPinAssign
                0x0000000000000cec       0x30 /Users/DucVoo/Documents/MCUXpressoIDE_11.0.0/workspace cpp/lpc_board_nxp_lpcxpresso_1549/Debug/liblpc_board_nxp_lpcxpresso_1549.a(board_sysinit.o)
 .text.Board_SetupMuxing
                0x0000000000000d1c       0x80 /Users/DucVoo/Documents/MCUXpressoIDE_11.0.0/workspace cpp/lpc_board_nxp_lpcxpresso_1549/Debug/liblpc_board_nxp_lpcxpresso_1549.a(board_sysinit.o)
                0x0000000000000d1c                Board_SetupMuxing
 .text.Board_SetupClocking
                0x0000000000000d9c       0x3a /Users/DucVoo/Documents/MCUXpressoIDE_11.0.0/workspace cpp/lpc_board_nxp_lpcxpresso_1549/Debug/liblpc_board_nxp_lpcxpresso_1549.a(board_sysinit.o)
                0x0000000000000d9c                Board_SetupClocking
 *fill*         0x0000000000000dd6        0x2 ff
 .text.Board_SystemInit
                0x0000000000000dd8       0x1c /Users/DucVoo/Documents/MCUXpressoIDE_11.0.0/workspace cpp/lpc_board_nxp_lpcxpresso_1549/Debug/liblpc_board_nxp_lpcxpresso_1549.a(board_sysinit.o)
                0x0000000000000dd8                Board_SystemInit
 .text.Chip_Clock_SetMain_A_ClockSource
                0x0000000000000df4       0x20 /Users/DucVoo/Documents/MCUXpressoIDE_11.0.0/workspace cpp/lpc_chip_15xx/Debug/liblpc_chip_15xx.a(clock_15xx.o)
 .text.Chip_Clock_GetMain_A_ClockSource
                0x0000000000000e14       0x18 /Users/DucVoo/Documents/MCUXpressoIDE_11.0.0/workspace cpp/lpc_chip_15xx/Debug/liblpc_chip_15xx.a(clock_15xx.o)
 .text.Chip_Clock_SetMain_B_ClockSource
                0x0000000000000e2c       0x20 /Users/DucVoo/Documents/MCUXpressoIDE_11.0.0/workspace cpp/lpc_chip_15xx/Debug/liblpc_chip_15xx.a(clock_15xx.o)
 .text.Chip_Clock_GetMain_B_ClockSource
                0x0000000000000e4c       0x18 /Users/DucVoo/Documents/MCUXpressoIDE_11.0.0/workspace cpp/lpc_chip_15xx/Debug/liblpc_chip_15xx.a(clock_15xx.o)
 .text.Chip_Clock_GetSysTickClockDiv
                0x0000000000000e64       0x18 /Users/DucVoo/Documents/MCUXpressoIDE_11.0.0/workspace cpp/lpc_chip_15xx/Debug/liblpc_chip_15xx.a(clock_15xx.o)
 .text.Chip_Clock_SetUARTFRGDivider
                0x0000000000000e7c       0x20 /Users/DucVoo/Documents/MCUXpressoIDE_11.0.0/workspace cpp/lpc_chip_15xx/Debug/liblpc_chip_15xx.a(clock_15xx.o)
 .text.Chip_Clock_GetUARTFRGDivider
                0x0000000000000e9c       0x18 /Users/DucVoo/Documents/MCUXpressoIDE_11.0.0/workspace cpp/lpc_chip_15xx/Debug/liblpc_chip_15xx.a(clock_15xx.o)
 .text.Chip_Clock_GetMainOscRate
                0x0000000000000eb4       0x14 /Users/DucVoo/Documents/MCUXpressoIDE_11.0.0/workspace cpp/lpc_chip_15xx/Debug/liblpc_chip_15xx.a(clock_15xx.o)
 .text.Chip_Clock_GetIntOscRate
                0x0000000000000ec8       0x14 /Users/DucVoo/Documents/MCUXpressoIDE_11.0.0/workspace cpp/lpc_chip_15xx/Debug/liblpc_chip_15xx.a(clock_15xx.o)
 .text.Chip_Clock_GetRTCOscRate
                0x0000000000000edc       0x14 /Users/DucVoo/Documents/MCUXpressoIDE_11.0.0/workspace cpp/lpc_chip_15xx/Debug/liblpc_chip_15xx.a(clock_15xx.o)
 .text.Chip_Clock_GetWDTOSCRate
                0x0000000000000ef0       0x14 /Users/DucVoo/Documents/MCUXpressoIDE_11.0.0/workspace cpp/lpc_chip_15xx/Debug/liblpc_chip_15xx.a(clock_15xx.o)
 .text.Chip_Clock_GetPLLFreq
                0x0000000000000f04       0x26 /Users/DucVoo/Documents/MCUXpressoIDE_11.0.0/workspace cpp/lpc_chip_15xx/Debug/liblpc_chip_15xx.a(clock_15xx.o)
 .text.Chip_Clock_GetPLLInClockRate
                0x0000000000000f2a       0x38 /Users/DucVoo/Documents/MCUXpressoIDE_11.0.0/workspace cpp/lpc_chip_15xx/Debug/liblpc_chip_15xx.a(clock_15xx.o)
 *fill*         0x0000000000000f62        0x2 ff
 .text.Chip_Clock_GetSystemPLLInClockRate
                0x0000000000000f64       0x1c /Users/DucVoo/Documents/MCUXpressoIDE_11.0.0/workspace cpp/lpc_chip_15xx/Debug/liblpc_chip_15xx.a(clock_15xx.o)
                0x0000000000000f64                Chip_Clock_GetSystemPLLInClockRate
 .text.Chip_Clock_GetSystemPLLOutClockRate
                0x0000000000000f80       0x24 /Users/DucVoo/Documents/MCUXpressoIDE_11.0.0/workspace cpp/lpc_chip_15xx/Debug/liblpc_chip_15xx.a(clock_15xx.o)
                0x0000000000000f80                Chip_Clock_GetSystemPLLOutClockRate
 .text.Chip_Clock_GetMain_A_ClockRate
                0x0000000000000fa4       0x44 /Users/DucVoo/Documents/MCUXpressoIDE_11.0.0/workspace cpp/lpc_chip_15xx/Debug/liblpc_chip_15xx.a(clock_15xx.o)
                0x0000000000000fa4                Chip_Clock_GetMain_A_ClockRate
 .text.Chip_Clock_GetMain_B_ClockRate
                0x0000000000000fe8       0x58 /Users/DucVoo/Documents/MCUXpressoIDE_11.0.0/workspace cpp/lpc_chip_15xx/Debug/liblpc_chip_15xx.a(clock_15xx.o)
                0x0000000000000fe8                Chip_Clock_GetMain_B_ClockRate
 .text.Chip_Clock_SetMainClockSource
                0x0000000000001040       0x3c /Users/DucVoo/Documents/MCUXpressoIDE_11.0.0/workspace cpp/lpc_chip_15xx/Debug/liblpc_chip_15xx.a(clock_15xx.o)
                0x0000000000001040                Chip_Clock_SetMainClockSource
 .text.Chip_Clock_GetMainClockRate
                0x000000000000107c       0x28 /Users/DucVoo/Documents/MCUXpressoIDE_11.0.0/workspace cpp/lpc_chip_15xx/Debug/liblpc_chip_15xx.a(clock_15xx.o)
                0x000000000000107c                Chip_Clock_GetMainClockRate
 .text.Chip_Clock_EnablePeriphClock
                0x00000000000010a4       0x58 /Users/DucVoo/Documents/MCUXpressoIDE_11.0.0/workspace cpp/lpc_chip_15xx/Debug/liblpc_chip_15xx.a(clock_15xx.o)
                0x00000000000010a4                Chip_Clock_EnablePeriphClock
 .text.Chip_Clock_GetSysTickClockRate
                0x00000000000010fc       0x30 /Users/DucVoo/Documents/MCUXpressoIDE_11.0.0/workspace cpp/lpc_chip_15xx/Debug/liblpc_chip_15xx.a(clock_15xx.o)
                0x00000000000010fc                Chip_Clock_GetSysTickClockRate
 .text.Chip_Clock_GetUARTBaseClockRate
                0x000000000000112c       0x8c /Users/DucVoo/Documents/MCUXpressoIDE_11.0.0/workspace cpp/lpc_chip_15xx/Debug/liblpc_chip_15xx.a(clock_15xx.o)
                0x000000000000112c                Chip_Clock_GetUARTBaseClockRate
 .text.Chip_Clock_SetUARTBaseClockRate
                0x00000000000011b8       0xa4 /Users/DucVoo/Documents/MCUXpressoIDE_11.0.0/workspace cpp/lpc_chip_15xx/Debug/liblpc_chip_15xx.a(clock_15xx.o)
                0x00000000000011b8                Chip_Clock_SetUARTBaseClockRate
 .text.Chip_SYSCTL_PeriphReset
                0x000000000000125c       0x22 /Users/DucVoo/Documents/MCUXpressoIDE_11.0.0/workspace cpp/lpc_chip_15xx/Debug/liblpc_chip_15xx.a(gpio_15xx.o)
 .text.Chip_GPIO_Init
                0x000000000000127e       0x2e /Users/DucVoo/Documents/MCUXpressoIDE_11.0.0/workspace cpp/lpc_chip_15xx/Debug/liblpc_chip_15xx.a(gpio_15xx.o)
                0x000000000000127e                Chip_GPIO_Init
 .text.Chip_IOCON_PinMuxSet
                0x00000000000012ac       0x2c /Users/DucVoo/Documents/MCUXpressoIDE_11.0.0/workspace cpp/lpc_chip_15xx/Debug/liblpc_chip_15xx.a(iocon_15xx.o)
 .text.Chip_IOCON_SetPinMuxing
                0x00000000000012d8       0x4e /Users/DucVoo/Documents/MCUXpressoIDE_11.0.0/workspace cpp/lpc_chip_15xx/Debug/liblpc_chip_15xx.a(iocon_15xx.o)
                0x00000000000012d8                Chip_IOCON_SetPinMuxing
 *fill*         0x0000000000001326        0x2 ff
 .text.Chip_SWM_MovablePinAssign
                0x0000000000001328       0x5c /Users/DucVoo/Documents/MCUXpressoIDE_11.0.0/workspace cpp/lpc_chip_15xx/Debug/liblpc_chip_15xx.a(swm_15xx.o)
                0x0000000000001328                Chip_SWM_MovablePinAssign
 .text.Chip_SYSCTL_AssertPeriphReset
                0x0000000000001384       0x4c /Users/DucVoo/Documents/MCUXpressoIDE_11.0.0/workspace cpp/lpc_chip_15xx/Debug/liblpc_chip_15xx.a(sysctl_15xx.o)
                0x0000000000001384                Chip_SYSCTL_AssertPeriphReset
 .text.Chip_SYSCTL_DeassertPeriphReset
                0x00000000000013d0       0x50 /Users/DucVoo/Documents/MCUXpressoIDE_11.0.0/workspace cpp/lpc_chip_15xx/Debug/liblpc_chip_15xx.a(sysctl_15xx.o)
                0x00000000000013d0                Chip_SYSCTL_DeassertPeriphReset
 .text.Chip_SYSCTL_PowerDown
                0x0000000000001420       0x40 /Users/DucVoo/Documents/MCUXpressoIDE_11.0.0/workspace cpp/lpc_chip_15xx/Debug/liblpc_chip_15xx.a(sysctl_15xx.o)
                0x0000000000001420                Chip_SYSCTL_PowerDown
 .text.Chip_SYSCTL_PowerUp
                0x0000000000001460       0x40 /Users/DucVoo/Documents/MCUXpressoIDE_11.0.0/workspace cpp/lpc_chip_15xx/Debug/liblpc_chip_15xx.a(sysctl_15xx.o)
                0x0000000000001460                Chip_SYSCTL_PowerUp
 .text.Chip_FMC_SetFLASHAccess
                0x00000000000014a0       0x38 /Users/DucVoo/Documents/MCUXpressoIDE_11.0.0/workspace cpp/lpc_chip_15xx/Debug/liblpc_chip_15xx.a(sysinit_15xx.o)
 .text.Chip_Clock_SetSystemPLLSource
                0x00000000000014d8       0x20 /Users/DucVoo/Documents/MCUXpressoIDE_11.0.0/workspace cpp/lpc_chip_15xx/Debug/liblpc_chip_15xx.a(sysinit_15xx.o)
 .text.Chip_Clock_SetupSystemPLL
                0x00000000000014f8       0x34 /Users/DucVoo/Documents/MCUXpressoIDE_11.0.0/workspace cpp/lpc_chip_15xx/Debug/liblpc_chip_15xx.a(sysinit_15xx.o)
 .text.Chip_Clock_IsSystemPLLLocked
                0x000000000000152c       0x24 /Users/DucVoo/Documents/MCUXpressoIDE_11.0.0/workspace cpp/lpc_chip_15xx/Debug/liblpc_chip_15xx.a(sysinit_15xx.o)
 .text.Chip_Clock_SetSysClockDiv
                0x0000000000001550       0x20 /Users/DucVoo/Documents/MCUXpressoIDE_11.0.0/workspace cpp/lpc_chip_15xx/Debug/liblpc_chip_15xx.a(sysinit_15xx.o)
 .text.Chip_SetupXtalClocking
                0x0000000000001570       0x52 /Users/DucVoo/Documents/MCUXpressoIDE_11.0.0/workspace cpp/lpc_chip_15xx/Debug/liblpc_chip_15xx.a(sysinit_15xx.o)
                0x0000000000001570                Chip_SetupXtalClocking
 .text.Chip_SYSCTL_PeriphReset
                0x00000000000015c2       0x22 /Users/DucVoo/Documents/MCUXpressoIDE_11.0.0/workspace cpp/lpc_chip_15xx/Debug/liblpc_chip_15xx.a(uart_15xx.o)
 .text.getUARTClockID
                0x00000000000015e4       0x34 /Users/DucVoo/Documents/MCUXpressoIDE_11.0.0/workspace cpp/lpc_chip_15xx/Debug/liblpc_chip_15xx.a(uart_15xx.o)
 .text.Chip_UART_Init
                0x0000000000001618       0x4c /Users/DucVoo/Documents/MCUXpressoIDE_11.0.0/workspace cpp/lpc_chip_15xx/Debug/liblpc_chip_15xx.a(uart_15xx.o)
                0x0000000000001618                Chip_UART_Init
 .text.Chip_UART_SetBaud
                0x0000000000001664       0x2a /Users/DucVoo/Documents/MCUXpressoIDE_11.0.0/workspace cpp/lpc_chip_15xx/Debug/liblpc_chip_15xx.a(uart_15xx.o)
                0x0000000000001664                Chip_UART_SetBaud
 *fill*         0x000000000000168e        0x2 ff
 .text          0x0000000000001690      0x378 /Applications/MCUXpressoIDE_11.0.0_2516/ide/plugins/com.nxp.mcuxpresso.tools.macosx_11.0.0.201905131304/tools/bin/../lib/gcc/arm-none-eabi/8.2.1/thumb/v7-m/nofp/libgcc.a(_arm_addsubdf3.o)
                0x0000000000001690                __aeabi_drsub
                0x0000000000001698                __subdf3
                0x0000000000001698                __aeabi_dsub
                0x000000000000169c                __aeabi_dadd
                0x000000000000169c                __adddf3
                0x0000000000001914                __aeabi_ui2d
                0x0000000000001914                __floatunsidf
                0x0000000000001934                __floatsidf
                0x0000000000001934                __aeabi_i2d
                0x0000000000001958                __extendsfdf2
                0x0000000000001958                __aeabi_f2d
                0x000000000000199c                __aeabi_ul2d
                0x000000000000199c                __floatundidf
                0x00000000000019ac                __aeabi_l2d
                0x00000000000019ac                __floatdidf
 .text          0x0000000000001a08      0x21c /Applications/MCUXpressoIDE_11.0.0_2516/ide/plugins/com.nxp.mcuxpresso.tools.macosx_11.0.0.201905131304/tools/bin/../lib/gcc/arm-none-eabi/8.2.1/thumb/v7-m/nofp/libgcc.a(_arm_addsubsf3.o)
                0x0000000000001a08                __aeabi_frsub
                0x0000000000001a10                __aeabi_fsub
                0x0000000000001a10                __subsf3
                0x0000000000001a14                __aeabi_fadd
                0x0000000000001a14                __addsf3
                0x0000000000001b74                __aeabi_ui2f
                0x0000000000001b74                __floatunsisf
                0x0000000000001b7c                __floatsisf
                0x0000000000001b7c                __aeabi_i2f
                0x0000000000001b98                __aeabi_ul2f
                0x0000000000001b98                __floatundisf
                0x0000000000001ba8                __aeabi_l2f
                0x0000000000001ba8                __floatdisf
 .text          0x0000000000001c24      0x2a0 /Applications/MCUXpressoIDE_11.0.0_2516/ide/plugins/com.nxp.mcuxpresso.tools.macosx_11.0.0.201905131304/tools/bin/../lib/gcc/arm-none-eabi/8.2.1/thumb/v7-m/nofp/libgcc.a(_arm_muldivsf3.o)
                0x0000000000001c24                __mulsf3
                0x0000000000001c24                __aeabi_fmul
                0x0000000000001d8c                __divsf3
                0x0000000000001d8c                __aeabi_fdiv
 .text          0x0000000000001ec4       0x30 /Applications/MCUXpressoIDE_11.0.0_2516/ide/plugins/com.nxp.mcuxpresso.tools.macosx_11.0.0.201905131304/tools/bin/../lib/gcc/arm-none-eabi/8.2.1/thumb/v7-m/nofp/libgcc.a(_aeabi_uldivmod.o)
                0x0000000000001ec4                __aeabi_uldivmod
 .text          0x0000000000001ef4      0x2d0 /Applications/MCUXpressoIDE_11.0.0_2516/ide/plugins/com.nxp.mcuxpresso.tools.macosx_11.0.0.201905131304/tools/bin/../lib/gcc/arm-none-eabi/8.2.1/thumb/v7-m/nofp/libgcc.a(_udivmoddi4.o)
                0x0000000000001ef4                __udivmoddi4
 .text          0x00000000000021c4        0x4 /Applications/MCUXpressoIDE_11.0.0_2516/ide/plugins/com.nxp.mcuxpresso.tools.macosx_11.0.0.201905131304/tools/bin/../lib/gcc/arm-none-eabi/8.2.1/thumb/v7-m/nofp/libgcc.a(_dvmd_tls.o)
                0x00000000000021c4                __aeabi_ldiv0
                0x00000000000021c4                __aeabi_idiv0
 .text.__libc_init_array
                0x00000000000021c8       0x48 /Applications/MCUXpressoIDE_11.0.0_2516/ide/plugins/com.nxp.mcuxpresso.tools.macosx_11.0.0.201905131304/tools/bin/../lib/gcc/arm-none-eabi/8.2.1/../../../../arm-none-eabi/lib/thumb/v7-m/nofp/libc.a(lib_a-init.o)
                0x00000000000021c8                __libc_init_array
 .text._malloc_r
                0x0000000000002210      0x558 /Applications/MCUXpressoIDE_11.0.0_2516/ide/plugins/com.nxp.mcuxpresso.tools.macosx_11.0.0.201905131304/tools/bin/../lib/gcc/arm-none-eabi/8.2.1/../../../../arm-none-eabi/lib/thumb/v7-m/nofp/libc.a(lib_a-mallocr.o)
                0x0000000000002210                _malloc_r
 .text          0x0000000000002768       0xec /Applications/MCUXpressoIDE_11.0.0_2516/ide/plugins/com.nxp.mcuxpresso.tools.macosx_11.0.0.201905131304/tools/bin/../lib/gcc/arm-none-eabi/8.2.1/../../../../arm-none-eabi/lib/thumb/v7-m/nofp/libc.a(lib_a-memcpy.o)
                0x0000000000002768                memcpy
 .text.memset   0x0000000000002854       0xa0 /Applications/MCUXpressoIDE_11.0.0_2516/ide/plugins/com.nxp.mcuxpresso.tools.macosx_11.0.0.201905131304/tools/bin/../lib/gcc/arm-none-eabi/8.2.1/../../../../arm-none-eabi/lib/thumb/v7-m/nofp/libc.a(lib_a-memset.o)
                0x0000000000002854                memset
 .text.__malloc_lock
                0x00000000000028f4        0xc /Applications/MCUXpressoIDE_11.0.0_2516/ide/plugins/com.nxp.mcuxpresso.tools.macosx_11.0.0.201905131304/tools/bin/../lib/gcc/arm-none-eabi/8.2.1/../../../../arm-none-eabi/lib/thumb/v7-m/nofp/libc.a(lib_a-mlock.o)
                0x00000000000028f4                __malloc_lock
 .text.__malloc_unlock
                0x0000000000002900        0xc /Applications/MCUXpressoIDE_11.0.0_2516/ide/plugins/com.nxp.mcuxpresso.tools.macosx_11.0.0.201905131304/tools/bin/../lib/gcc/arm-none-eabi/8.2.1/../../../../arm-none-eabi/lib/thumb/v7-m/nofp/libc.a(lib_a-mlock.o)
                0x0000000000002900                __malloc_unlock
 .text.qsort    0x000000000000290c      0x5c0 /Applications/MCUXpressoIDE_11.0.0_2516/ide/plugins/com.nxp.mcuxpresso.tools.macosx_11.0.0.201905131304/tools/bin/../lib/gcc/arm-none-eabi/8.2.1/../../../../arm-none-eabi/lib/thumb/v7-m/nofp/libc.a(lib_a-qsort.o)
                0x000000000000290c                qsort
 .text._sbrk_r  0x0000000000002ecc       0x24 /Applications/MCUXpressoIDE_11.0.0_2516/ide/plugins/com.nxp.mcuxpresso.tools.macosx_11.0.0.201905131304/tools/bin/../lib/gcc/arm-none-eabi/8.2.1/../../../../arm-none-eabi/lib/thumb/v7-m/nofp/libc.a(lib_a-sbrkr.o)
                0x0000000000002ecc                _sbrk_r
 .text.snprintf
                0x0000000000002ef0       0x88 /Applications/MCUXpressoIDE_11.0.0_2516/ide/plugins/com.nxp.mcuxpresso.tools.macosx_11.0.0.201905131304/tools/bin/../lib/gcc/arm-none-eabi/8.2.1/../../../../arm-none-eabi/lib/thumb/v7-m/nofp/libc.a(lib_a-snprintf.o)
                0x0000000000002ef0                snprintf
 .text._svfprintf_r
                0x0000000000002f78     0x1a58 /Applications/MCUXpressoIDE_11.0.0_2516/ide/plugins/com.nxp.mcuxpresso.tools.macosx_11.0.0.201905131304/tools/bin/../lib/gcc/arm-none-eabi/8.2.1/../../../../arm-none-eabi/lib/thumb/v7-m/nofp/libc.a(lib_a-svfprintf.o)
                0x0000000000002f78                _svfprintf_r
 .text._vsnprintf_r
                0x00000000000049d0       0x68 /Applications/MCUXpressoIDE_11.0.0_2516/ide/plugins/com.nxp.mcuxpresso.tools.macosx_11.0.0.201905131304/tools/bin/../lib/gcc/arm-none-eabi/8.2.1/../../../../arm-none-eabi/lib/thumb/v7-m/nofp/libc.a(lib_a-vsnprintf.o)
                0x00000000000049d0                _vsnprintf_r
 .text.vsnprintf
                0x0000000000004a38       0x1c /Applications/MCUXpressoIDE_11.0.0_2516/ide/plugins/com.nxp.mcuxpresso.tools.macosx_11.0.0.201905131304/tools/bin/../lib/gcc/arm-none-eabi/8.2.1/../../../../arm-none-eabi/lib/thumb/v7-m/nofp/libc.a(lib_a-vsnprintf.o)
                0x0000000000004a38                vsnprintf
 .text.quorem   0x0000000000004a54      0x12c /Applications/MCUXpressoIDE_11.0.0_2516/ide/plugins/com.nxp.mcuxpresso.tools.macosx_11.0.0.201905131304/tools/bin/../lib/gcc/arm-none-eabi/8.2.1/../../../../arm-none-eabi/lib/thumb/v7-m/nofp/libc.a(lib_a-dtoa.o)
 .text._dtoa_r  0x0000000000004b80      0xe6c /Applications/MCUXpressoIDE_11.0.0_2516/ide/plugins/com.nxp.mcuxpresso.tools.macosx_11.0.0.201905131304/tools/bin/../lib/gcc/arm-none-eabi/8.2.1/../../../../arm-none-eabi/lib/thumb/v7-m/nofp/libc.a(lib_a-dtoa.o)
                0x0000000000004b80                _dtoa_r
 .text._malloc_trim_r
                0x00000000000059ec       0xa0 /Applications/MCUXpressoIDE_11.0.0_2516/ide/plugins/com.nxp.mcuxpresso.tools.macosx_11.0.0.201905131304/tools/bin/../lib/gcc/arm-none-eabi/8.2.1/../../../../arm-none-eabi/lib/thumb/v7-m/nofp/libc.a(lib_a-freer.o)
                0x00000000000059ec                _malloc_trim_r
 .text._free_r  0x0000000000005a8c      0x1ec /Applications/MCUXpressoIDE_11.0.0_2516/ide/plugins/com.nxp.mcuxpresso.tools.macosx_11.0.0.201905131304/tools/bin/../lib/gcc/arm-none-eabi/8.2.1/../../../../arm-none-eabi/lib/thumb/v7-m/nofp/libc.a(lib_a-freer.o)
                0x0000000000005a8c                _free_r
 .text._localeconv_r
                0x0000000000005c78        0x8 /Applications/MCUXpressoIDE_11.0.0_2516/ide/plugins/com.nxp.mcuxpresso.tools.macosx_11.0.0.201905131304/tools/bin/../lib/gcc/arm-none-eabi/8.2.1/../../../../arm-none-eabi/lib/thumb/v7-m/nofp/libc.a(lib_a-localeconv.o)
                0x0000000000005c78                _localeconv_r
 .text.__retarget_lock_acquire_recursive
                0x0000000000005c80        0x4 /Applications/MCUXpressoIDE_11.0.0_2516/ide/plugins/com.nxp.mcuxpresso.tools.macosx_11.0.0.201905131304/tools/bin/../lib/gcc/arm-none-eabi/8.2.1/../../../../arm-none-eabi/lib/thumb/v7-m/nofp/libc.a(lib_a-lock.o)
                0x0000000000005c80                __retarget_lock_acquire_recursive
 .text.__retarget_lock_release_recursive
                0x0000000000005c84        0x4 /Applications/MCUXpressoIDE_11.0.0_2516/ide/plugins/com.nxp.mcuxpresso.tools.macosx_11.0.0.201905131304/tools/bin/../lib/gcc/arm-none-eabi/8.2.1/../../../../arm-none-eabi/lib/thumb/v7-m/nofp/libc.a(lib_a-lock.o)
                0x0000000000005c84                __retarget_lock_release_recursive
 .text.memchr   0x0000000000005c88       0x8c /Applications/MCUXpressoIDE_11.0.0_2516/ide/plugins/com.nxp.mcuxpresso.tools.macosx_11.0.0.201905131304/tools/bin/../lib/gcc/arm-none-eabi/8.2.1/../../../../arm-none-eabi/lib/thumb/v7-m/nofp/libc.a(lib_a-memchr-stub.o)
                0x0000000000005c88                memchr
 .text._Balloc  0x0000000000005d14       0x4c /Applications/MCUXpressoIDE_11.0.0_2516/ide/plugins/com.nxp.mcuxpresso.tools.macosx_11.0.0.201905131304/tools/bin/../lib/gcc/arm-none-eabi/8.2.1/../../../../arm-none-eabi/lib/thumb/v7-m/nofp/libc.a(lib_a-mprec.o)
                0x0000000000005d14                _Balloc
 .text._Bfree   0x0000000000005d60       0x14 /Applications/MCUXpressoIDE_11.0.0_2516/ide/plugins/com.nxp.mcuxpresso.tools.macosx_11.0.0.201905131304/tools/bin/../lib/gcc/arm-none-eabi/8.2.1/../../../../arm-none-eabi/lib/thumb/v7-m/nofp/libc.a(lib_a-mprec.o)
                0x0000000000005d60                _Bfree
 .text.__multadd
                0x0000000000005d74       0x8c /Applications/MCUXpressoIDE_11.0.0_2516/ide/plugins/com.nxp.mcuxpresso.tools.macosx_11.0.0.201905131304/tools/bin/../lib/gcc/arm-none-eabi/8.2.1/../../../../arm-none-eabi/lib/thumb/v7-m/nofp/libc.a(lib_a-mprec.o)
                0x0000000000005d74                __multadd
 .text.__hi0bits
                0x0000000000005e00       0x40 /Applications/MCUXpressoIDE_11.0.0_2516/ide/plugins/com.nxp.mcuxpresso.tools.macosx_11.0.0.201905131304/tools/bin/../lib/gcc/arm-none-eabi/8.2.1/../../../../arm-none-eabi/lib/thumb/v7-m/nofp/libc.a(lib_a-mprec.o)
                0x0000000000005e00                __hi0bits
 .text.__lo0bits
                0x0000000000005e40       0x60 /Applications/MCUXpressoIDE_11.0.0_2516/ide/plugins/com.nxp.mcuxpresso.tools.macosx_11.0.0.201905131304/tools/bin/../lib/gcc/arm-none-eabi/8.2.1/../../../../arm-none-eabi/lib/thumb/v7-m/nofp/libc.a(lib_a-mprec.o)
                0x0000000000005e40                __lo0bits
 .text.__i2b    0x0000000000005ea0       0x14 /Applications/MCUXpressoIDE_11.0.0_2516/ide/plugins/com.nxp.mcuxpresso.tools.macosx_11.0.0.201905131304/tools/bin/../lib/gcc/arm-none-eabi/8.2.1/../../../../arm-none-eabi/lib/thumb/v7-m/nofp/libc.a(lib_a-mprec.o)
                0x0000000000005ea0                __i2b
 .text.__multiply
                0x0000000000005eb4      0x130 /Applications/MCUXpressoIDE_11.0.0_2516/ide/plugins/com.nxp.mcuxpresso.tools.macosx_11.0.0.201905131304/tools/bin/../lib/gcc/arm-none-eabi/8.2.1/../../../../arm-none-eabi/lib/thumb/v7-m/nofp/libc.a(lib_a-mprec.o)
                0x0000000000005eb4                __multiply
 .text.__pow5mult
                0x0000000000005fe4       0xa0 /Applications/MCUXpressoIDE_11.0.0_2516/ide/plugins/com.nxp.mcuxpresso.tools.macosx_11.0.0.201905131304/tools/bin/../lib/gcc/arm-none-eabi/8.2.1/../../../../arm-none-eabi/lib/thumb/v7-m/nofp/libc.a(lib_a-mprec.o)
                0x0000000000005fe4                __pow5mult
 .text.__lshift
                0x0000000000006084       0xb4 /Applications/MCUXpressoIDE_11.0.0_2516/ide/plugins/com.nxp.mcuxpresso.tools.macosx_11.0.0.201905131304/tools/bin/../lib/gcc/arm-none-eabi/8.2.1/../../../../arm-none-eabi/lib/thumb/v7-m/nofp/libc.a(lib_a-mprec.o)
                0x0000000000006084                __lshift
 .text.__mcmp   0x0000000000006138       0x38 /Applications/MCUXpressoIDE_11.0.0_2516/ide/plugins/com.nxp.mcuxpresso.tools.macosx_11.0.0.201905131304/tools/bin/../lib/gcc/arm-none-eabi/8.2.1/../../../../arm-none-eabi/lib/thumb/v7-m/nofp/libc.a(lib_a-mprec.o)
                0x0000000000006138                __mcmp
 .text.__mdiff  0x0000000000006170      0x100 /Applications/MCUXpressoIDE_11.0.0_2516/ide/plugins/com.nxp.mcuxpresso.tools.macosx_11.0.0.201905131304/tools/bin/../lib/gcc/arm-none-eabi/8.2.1/../../../../arm-none-eabi/lib/thumb/v7-m/nofp/libc.a(lib_a-mprec.o)
                0x0000000000006170                __mdiff
 .text.__d2b    0x0000000000006270       0xac /Applications/MCUXpressoIDE_11.0.0_2516/ide/plugins/com.nxp.mcuxpresso.tools.macosx_11.0.0.201905131304/tools/bin/../lib/gcc/arm-none-eabi/8.2.1/../../../../arm-none-eabi/lib/thumb/v7-m/nofp/libc.a(lib_a-mprec.o)
                0x0000000000006270                __d2b
 .text.frexp    0x000000000000631c       0x70 /Applications/MCUXpressoIDE_11.0.0_2516/ide/plugins/com.nxp.mcuxpresso.tools.macosx_11.0.0.201905131304/tools/bin/../lib/gcc/arm-none-eabi/8.2.1/../../../../arm-none-eabi/lib/thumb/v7-m/nofp/libc.a(lib_a-s_frexp.o)
                0x000000000000631c                frexp
 .text.strlen   0x000000000000638c       0x5c /Applications/MCUXpressoIDE_11.0.0_2516/ide/plugins/com.nxp.mcuxpresso.tools.macosx_11.0.0.201905131304/tools/bin/../lib/gcc/arm-none-eabi/8.2.1/../../../../arm-none-eabi/lib/thumb/v7-m/nofp/libc.a(lib_a-strlen-stub.o)
                0x000000000000638c                strlen
 .text.strncpy  0x00000000000063e8       0x74 /Applications/MCUXpressoIDE_11.0.0_2516/ide/plugins/com.nxp.mcuxpresso.tools.macosx_11.0.0.201905131304/tools/bin/../lib/gcc/arm-none-eabi/8.2.1/../../../../arm-none-eabi/lib/thumb/v7-m/nofp/libc.a(lib_a-strncpy.o)
                0x00000000000063e8                strncpy
 .text.__ssprint_r
                0x000000000000645c       0xf8 /Applications/MCUXpressoIDE_11.0.0_2516/ide/plugins/com.nxp.mcuxpresso.tools.macosx_11.0.0.201905131304/tools/bin/../lib/gcc/arm-none-eabi/8.2.1/../../../../arm-none-eabi/lib/thumb/v7-m/nofp/libc.a(lib_a-svfiprintf.o)
                0x000000000000645c                __ssprint_r
 .text._calloc_r
                0x0000000000006554       0x60 /Applications/MCUXpressoIDE_11.0.0_2516/ide/plugins/com.nxp.mcuxpresso.tools.macosx_11.0.0.201905131304/tools/bin/../lib/gcc/arm-none-eabi/8.2.1/../../../../arm-none-eabi/lib/thumb/v7-m/nofp/libc.a(lib_a-callocr.o)
                0x0000000000006554                _calloc_r
 .text.__ascii_mbtowc
                0x00000000000065b4       0x2c /Applications/MCUXpressoIDE_11.0.0_2516/ide/plugins/com.nxp.mcuxpresso.tools.macosx_11.0.0.201905131304/tools/bin/../lib/gcc/arm-none-eabi/8.2.1/../../../../arm-none-eabi/lib/thumb/v7-m/nofp/libc.a(lib_a-mbtowc_r.o)
                0x00000000000065b4                __ascii_mbtowc
 .text.memmove  0x00000000000065e0       0xcc /Applications/MCUXpressoIDE_11.0.0_2516/ide/plugins/com.nxp.mcuxpresso.tools.macosx_11.0.0.201905131304/tools/bin/../lib/gcc/arm-none-eabi/8.2.1/../../../../arm-none-eabi/lib/thumb/v7-m/nofp/libc.a(lib_a-memmove.o)
                0x00000000000065e0                memmove
 .text._realloc_r
                0x00000000000066ac      0x37c /Applications/MCUXpressoIDE_11.0.0_2516/ide/plugins/com.nxp.mcuxpresso.tools.macosx_11.0.0.201905131304/tools/bin/../lib/gcc/arm-none-eabi/8.2.1/../../../../arm-none-eabi/lib/thumb/v7-m/nofp/libc.a(lib_a-reallocr.o)
                0x00000000000066ac                _realloc_r
 .text.__ascii_wctomb
                0x0000000000006a28       0x1c /Applications/MCUXpressoIDE_11.0.0_2516/ide/plugins/com.nxp.mcuxpresso.tools.macosx_11.0.0.201905131304/tools/bin/../lib/gcc/arm-none-eabi/8.2.1/../../../../arm-none-eabi/lib/thumb/v7-m/nofp/libc.a(lib_a-wctomb_r.o)
                0x0000000000006a28                __ascii_wctomb
 .text._sbrk    0x0000000000006a44       0x3c /Applications/MCUXpressoIDE_11.0.0_2516/ide/plugins/com.nxp.mcuxpresso.tools.macosx_11.0.0.201905131304/tools/bin/../lib/gcc/arm-none-eabi/8.2.1/../../../../arm-none-eabi/lib/thumb/v7-m/nofp/libcr_newlib_nohost.a(_cr_sbrk.o)
                0x0000000000006a44                _sbrk
 .text.__check_heap_overflow
                0x0000000000006a80       0x18 /Applications/MCUXpressoIDE_11.0.0_2516/ide/plugins/com.nxp.mcuxpresso.tools.macosx_11.0.0.201905131304/tools/bin/../lib/gcc/arm-none-eabi/8.2.1/../../../../arm-none-eabi/lib/thumb/v7-m/nofp/libcr_newlib_nohost.a(_cr_check_heap.o)
                0x0000000000006a80                __check_heap_overflow
 .text          0x0000000000006a98       0x40 /Applications/MCUXpressoIDE_11.0.0_2516/ide/plugins/com.nxp.mcuxpresso.tools.macosx_11.0.0.201905131304/tools/bin/../lib/gcc/arm-none-eabi/8.2.1/thumb/v7-m/nofp/crtbegin.o
 .text          0x0000000000006ad8      0x424 /Applications/MCUXpressoIDE_11.0.0_2516/ide/plugins/com.nxp.mcuxpresso.tools.macosx_11.0.0.201905131304/tools/bin/../lib/gcc/arm-none-eabi/8.2.1/thumb/v7-m/nofp/libgcc.a(_arm_muldivdf3.o)
                0x0000000000006ad8                __aeabi_dmul
                0x0000000000006ad8                __muldf3
                0x0000000000006d2c                __aeabi_ddiv
                0x0000000000006d2c                __divdf3
 .text          0x0000000000006efc      0x110 /Applications/MCUXpressoIDE_11.0.0_2516/ide/plugins/com.nxp.mcuxpresso.tools.macosx_11.0.0.201905131304/tools/bin/../lib/gcc/arm-none-eabi/8.2.1/thumb/v7-m/nofp/libgcc.a(_arm_cmpdf2.o)
                0x0000000000006efc                __gedf2
                0x0000000000006efc                __gtdf2
                0x0000000000006f04                __ledf2
                0x0000000000006f04                __ltdf2
                0x0000000000006f0c                __cmpdf2
                0x0000000000006f0c                __eqdf2
                0x0000000000006f0c                __nedf2
                0x0000000000006f88                __aeabi_cdrcmple
                0x0000000000006f98                __aeabi_cdcmple
                0x0000000000006f98                __aeabi_cdcmpeq
                0x0000000000006fa8                __aeabi_dcmpeq
                0x0000000000006fbc                __aeabi_dcmplt
                0x0000000000006fd0                __aeabi_dcmple
                0x0000000000006fe4                __aeabi_dcmpge
                0x0000000000006ff8                __aeabi_dcmpgt
 .text          0x000000000000700c       0x2c /Applications/MCUXpressoIDE_11.0.0_2516/ide/plugins/com.nxp.mcuxpresso.tools.macosx_11.0.0.201905131304/tools/bin/../lib/gcc/arm-none-eabi/8.2.1/thumb/v7-m/nofp/libgcc.a(_arm_unorddf2.o)
                0x000000000000700c                __aeabi_dcmpun
                0x000000000000700c                __unorddf2
 .text          0x0000000000007038       0x50 /Applications/MCUXpressoIDE_11.0.0_2516/ide/plugins/com.nxp.mcuxpresso.tools.macosx_11.0.0.201905131304/tools/bin/../lib/gcc/arm-none-eabi/8.2.1/thumb/v7-m/nofp/libgcc.a(_arm_fixdfsi.o)
                0x0000000000007038                __fixdfsi
                0x0000000000007038                __aeabi_d2iz
 .text.__errno  0x0000000000007088        0xc /Applications/MCUXpressoIDE_11.0.0_2516/ide/plugins/com.nxp.mcuxpresso.tools.macosx_11.0.0.201905131304/tools/bin/../lib/gcc/arm-none-eabi/8.2.1/../../../../arm-none-eabi/lib/thumb/v7-m/nofp/libc.a(lib_a-errno.o)
                0x0000000000007088                __errno
 *(.rodata .rodata.* .constdata .constdata.*)
 .rodata        0x0000000000007094       0x5e ./src/lab02-ex3.o
 *fill*         0x00000000000070f2        0x2 ff
 .rodata.OscRateIn
                0x00000000000070f4        0x4 /Users/DucVoo/Documents/MCUXpressoIDE_11.0.0/workspace cpp/lpc_board_nxp_lpcxpresso_1549/Debug/liblpc_board_nxp_lpcxpresso_1549.a(board.o)
                0x00000000000070f4                OscRateIn
 .rodata.RTCOscRateIn
                0x00000000000070f8        0x4 /Users/DucVoo/Documents/MCUXpressoIDE_11.0.0/workspace cpp/lpc_board_nxp_lpcxpresso_1549/Debug/liblpc_board_nxp_lpcxpresso_1549.a(board.o)
                0x00000000000070f8                RTCOscRateIn
 .rodata.ledpins
                0x00000000000070fc        0x3 /Users/DucVoo/Documents/MCUXpressoIDE_11.0.0/workspace cpp/lpc_board_nxp_lpcxpresso_1549/Debug/liblpc_board_nxp_lpcxpresso_1549.a(board.o)
 *fill*         0x00000000000070ff        0x1 ff
 .rodata.ledports
                0x0000000000007100        0x3 /Users/DucVoo/Documents/MCUXpressoIDE_11.0.0/workspace cpp/lpc_board_nxp_lpcxpresso_1549/Debug/liblpc_board_nxp_lpcxpresso_1549.a(board.o)
 *fill*         0x0000000000007103        0x1 ff
 .rodata.ioconSetup
                0x0000000000007104       0x74 /Users/DucVoo/Documents/MCUXpressoIDE_11.0.0/workspace cpp/lpc_board_nxp_lpcxpresso_1549/Debug/liblpc_board_nxp_lpcxpresso_1549.a(board_sysinit.o)
 .rodata.swmSetup
                0x0000000000007178        0x6 /Users/DucVoo/Documents/MCUXpressoIDE_11.0.0/workspace cpp/lpc_board_nxp_lpcxpresso_1549/Debug/liblpc_board_nxp_lpcxpresso_1549.a(board_sysinit.o)
 *fill*         0x000000000000717e        0x2 ff
 .rodata._svfprintf_r.str1.4
                0x0000000000007180       0x42 /Applications/MCUXpressoIDE_11.0.0_2516/ide/plugins/com.nxp.mcuxpresso.tools.macosx_11.0.0.201905131304/tools/bin/../lib/gcc/arm-none-eabi/8.2.1/../../../../arm-none-eabi/lib/thumb/v7-m/nofp/libc.a(lib_a-svfprintf.o)
 *fill*         0x00000000000071c2        0x2 ff
 .rodata.blanks.7365
                0x00000000000071c4       0x10 /Applications/MCUXpressoIDE_11.0.0_2516/ide/plugins/com.nxp.mcuxpresso.tools.macosx_11.0.0.201905131304/tools/bin/../lib/gcc/arm-none-eabi/8.2.1/../../../../arm-none-eabi/lib/thumb/v7-m/nofp/libc.a(lib_a-svfprintf.o)
 .rodata.zeroes.7366
                0x00000000000071d4       0x10 /Applications/MCUXpressoIDE_11.0.0_2516/ide/plugins/com.nxp.mcuxpresso.tools.macosx_11.0.0.201905131304/tools/bin/../lib/gcc/arm-none-eabi/8.2.1/../../../../arm-none-eabi/lib/thumb/v7-m/nofp/libc.a(lib_a-svfprintf.o)
 .rodata._dtoa_r.str1.4
                0x00000000000071e4        0xd /Applications/MCUXpressoIDE_11.0.0_2516/ide/plugins/com.nxp.mcuxpresso.tools.macosx_11.0.0.201905131304/tools/bin/../lib/gcc/arm-none-eabi/8.2.1/../../../../arm-none-eabi/lib/thumb/v7-m/nofp/libc.a(lib_a-dtoa.o)
                                         0x12 (size before relaxing)
 *fill*         0x00000000000071f1        0x7 ff
 .rodata.__mprec_bigtens
                0x00000000000071f8       0x28 /Applications/MCUXpressoIDE_11.0.0_2516/ide/plugins/com.nxp.mcuxpresso.tools.macosx_11.0.0.201905131304/tools/bin/../lib/gcc/arm-none-eabi/8.2.1/../../../../arm-none-eabi/lib/thumb/v7-m/nofp/libc.a(lib_a-mprec.o)
                0x00000000000071f8                __mprec_bigtens
 .rodata.__mprec_tens
                0x0000000000007220       0xc8 /Applications/MCUXpressoIDE_11.0.0_2516/ide/plugins/com.nxp.mcuxpresso.tools.macosx_11.0.0.201905131304/tools/bin/../lib/gcc/arm-none-eabi/8.2.1/../../../../arm-none-eabi/lib/thumb/v7-m/nofp/libc.a(lib_a-mprec.o)
                0x0000000000007220                __mprec_tens
 .rodata.p05.6135
                0x00000000000072e8        0xc /Applications/MCUXpressoIDE_11.0.0_2516/ide/plugins/com.nxp.mcuxpresso.tools.macosx_11.0.0.201905131304/tools/bin/../lib/gcc/arm-none-eabi/8.2.1/../../../../arm-none-eabi/lib/thumb/v7-m/nofp/libc.a(lib_a-mprec.o)
 .rodata._setlocale_r.str1.4
                0x00000000000072f4        0xa /Applications/MCUXpressoIDE_11.0.0_2516/ide/plugins/com.nxp.mcuxpresso.tools.macosx_11.0.0.201905131304/tools/bin/../lib/gcc/arm-none-eabi/8.2.1/../../../../arm-none-eabi/lib/thumb/v7-m/nofp/libc.a(lib_a-locale.o)
                                          0xd (size before relaxing)
 *fill*         0x00000000000072fe        0x2 ff
 .rodata.str1.4
                0x0000000000007300        0x4 /Applications/MCUXpressoIDE_11.0.0_2516/ide/plugins/com.nxp.mcuxpresso.tools.macosx_11.0.0.201905131304/tools/bin/../lib/gcc/arm-none-eabi/8.2.1/../../../../arm-none-eabi/lib/thumb/v7-m/nofp/libc.a(lib_a-locale.o)
                                          0x2 (size before relaxing)
 .rodata._ctype_
                0x0000000000007304      0x101 /Applications/MCUXpressoIDE_11.0.0_2516/ide/plugins/com.nxp.mcuxpresso.tools.macosx_11.0.0.201905131304/tools/bin/../lib/gcc/arm-none-eabi/8.2.1/../../../../arm-none-eabi/lib/thumb/v7-m/nofp/libc.a(lib_a-ctype_.o)
                0x0000000000007304                _ctype_
                0x0000000000007408                . = ALIGN (0x4)
 *fill*         0x0000000000007405        0x3 ff
                0x0000000000007408                . = ALIGN (0x4)
 *(.init)
 .init          0x0000000000007408        0x4 /Applications/MCUXpressoIDE_11.0.0_2516/ide/plugins/com.nxp.mcuxpresso.tools.macosx_11.0.0.201905131304/tools/bin/../lib/gcc/arm-none-eabi/8.2.1/thumb/v7-m/nofp/crti.o
                0x0000000000007408                _init
 .init          0x000000000000740c        0x8 /Applications/MCUXpressoIDE_11.0.0_2516/ide/plugins/com.nxp.mcuxpresso.tools.macosx_11.0.0.201905131304/tools/bin/../lib/gcc/arm-none-eabi/8.2.1/thumb/v7-m/nofp/crtn.o
                0x0000000000007414                . = ALIGN (0x4)
                0x0000000000007414                __preinit_array_start = .
 *(.preinit_array)
                0x0000000000007414                __preinit_array_end = .
                0x0000000000007414                . = ALIGN (0x4)
                0x0000000000007414                __init_array_start = .
 *(SORT_BY_NAME(.init_array.*))
 *(.init_array)
 .init_array    0x0000000000007414        0x4 ./src/DigitalIoPin.o
 .init_array    0x0000000000007418        0x4 /Applications/MCUXpressoIDE_11.0.0_2516/ide/plugins/com.nxp.mcuxpresso.tools.macosx_11.0.0.201905131304/tools/bin/../lib/gcc/arm-none-eabi/8.2.1/thumb/v7-m/nofp/crtbegin.o
                0x000000000000741c                __init_array_end = .
 *(.fini)
 .fini          0x000000000000741c        0x4 /Applications/MCUXpressoIDE_11.0.0_2516/ide/plugins/com.nxp.mcuxpresso.tools.macosx_11.0.0.201905131304/tools/bin/../lib/gcc/arm-none-eabi/8.2.1/thumb/v7-m/nofp/crti.o
                0x000000000000741c                _fini
 .fini          0x0000000000007420        0x8 /Applications/MCUXpressoIDE_11.0.0_2516/ide/plugins/com.nxp.mcuxpresso.tools.macosx_11.0.0.201905131304/tools/bin/../lib/gcc/arm-none-eabi/8.2.1/thumb/v7-m/nofp/crtn.o
                0x0000000000007428                . = ALIGN (0x4)
 *crtbegin.o(.ctors)
 *(EXCLUDE_FILE(*crtend.o) .ctors)
 *(SORT_BY_NAME(.ctors.*))
 *crtend.o(.ctors)
                0x0000000000007428                . = ALIGN (0x4)
 *crtbegin.o(.dtors)
 *(EXCLUDE_FILE(*crtend.o) .dtors)
 *(SORT_BY_NAME(.dtors.*))
 *crtend.o(.dtors)
                0x0000000000007428                . = ALIGN (0x4)

.glue_7         0x0000000000007428        0x0
 .glue_7        0x0000000000007428        0x0 linker stubs

.glue_7t        0x0000000000007428        0x0
 .glue_7t       0x0000000000007428        0x0 linker stubs

.vfp11_veneer   0x0000000000007428        0x0
 .vfp11_veneer  0x0000000000007428        0x0 linker stubs

.v4_bx          0x0000000000007428        0x0
 .v4_bx         0x0000000000007428        0x0 linker stubs

.iplt           0x0000000000007428        0x0
 .iplt          0x0000000000007428        0x0 ./src/DigitalIoPin.o

.ARM.extab
 *(.ARM.extab* .gnu.linkonce.armextab.*)
                0x0000000000007428                __exidx_start = .

.ARM.exidx      0x0000000000007428        0x8
 *(.ARM.exidx* .gnu.linkonce.armexidx.*)
 .ARM.exidx     0x0000000000007428        0x8 /Applications/MCUXpressoIDE_11.0.0_2516/ide/plugins/com.nxp.mcuxpresso.tools.macosx_11.0.0.201905131304/tools/bin/../lib/gcc/arm-none-eabi/8.2.1/thumb/v7-m/nofp/libgcc.a(_udivmoddi4.o)
                0x0000000000007430                __exidx_end = .
                0x0000000000007430                _etext = .

.rel.dyn        0x0000000000007430        0x0
 .rel.iplt      0x0000000000007430        0x0 ./src/DigitalIoPin.o

.eh_frame       0x0000000000007430        0x0
 .eh_frame      0x0000000000007430        0x0 /Applications/MCUXpressoIDE_11.0.0_2516/ide/plugins/com.nxp.mcuxpresso.tools.macosx_11.0.0.201905131304/tools/bin/../lib/gcc/arm-none-eabi/8.2.1/thumb/v7-m/nofp/crtbegin.o

.data_RAM2      0x0000000002004000        0x0 load address 0x0000000000007430
 FILL mask 0xff
                [!provide]                        PROVIDE (__start_data_RAM2 = .)
 *(.ramfunc.$RAM2)
 *(.ramfunc.$Ram1_16)
 *(.data.$RAM2)
 *(.data.$Ram1_16)
 *(.data.$RAM2.*)
 *(.data.$Ram1_16.*)
                0x0000000002004000                . = ALIGN (0x4)
                [!provide]                        PROVIDE (__end_data_RAM2 = .)

.data_RAM3      0x0000000002008000        0x0 load address 0x0000000000007430
 FILL mask 0xff
                [!provide]                        PROVIDE (__start_data_RAM3 = .)
 *(.ramfunc.$RAM3)
 *(.ramfunc.$Ram2_4)
 *(.data.$RAM3)
 *(.data.$Ram2_4)
 *(.data.$RAM3.*)
 *(.data.$Ram2_4.*)
                0x0000000002008000                . = ALIGN (0x4)
                [!provide]                        PROVIDE (__end_data_RAM3 = .)

.uninit_RESERVED
                0x0000000002000000        0x0
                0x0000000002000000                . = ALIGN (0x4)
 *(.bss.$RESERVED*)
                0x0000000002000000                . = ALIGN (0x4)
                0x0000000002000000                _end_uninit_RESERVED = .

.data           0x0000000002000000      0x9ac load address 0x0000000000007430
 FILL mask 0xff
                0x0000000002000000                _data = .
 *(vtable)
 *(.ramfunc*)
 *(.data*)
 .data.__malloc_av_
                0x0000000002000000      0x408 /Applications/MCUXpressoIDE_11.0.0_2516/ide/plugins/com.nxp.mcuxpresso.tools.macosx_11.0.0.201905131304/tools/bin/../lib/gcc/arm-none-eabi/8.2.1/../../../../arm-none-eabi/lib/thumb/v7-m/nofp/libc.a(lib_a-mallocr.o)
                0x0000000002000000                __malloc_av_
 .data.__malloc_sbrk_base
                0x0000000002000408        0x4 /Applications/MCUXpressoIDE_11.0.0_2516/ide/plugins/com.nxp.mcuxpresso.tools.macosx_11.0.0.201905131304/tools/bin/../lib/gcc/arm-none-eabi/8.2.1/../../../../arm-none-eabi/lib/thumb/v7-m/nofp/libc.a(lib_a-mallocr.o)
                0x0000000002000408                __malloc_sbrk_base
 .data.__malloc_trim_threshold
                0x000000000200040c        0x4 /Applications/MCUXpressoIDE_11.0.0_2516/ide/plugins/com.nxp.mcuxpresso.tools.macosx_11.0.0.201905131304/tools/bin/../lib/gcc/arm-none-eabi/8.2.1/../../../../arm-none-eabi/lib/thumb/v7-m/nofp/libc.a(lib_a-mallocr.o)
                0x000000000200040c                __malloc_trim_threshold
 .data._impure_ptr
                0x0000000002000410        0x4 /Applications/MCUXpressoIDE_11.0.0_2516/ide/plugins/com.nxp.mcuxpresso.tools.macosx_11.0.0.201905131304/tools/bin/../lib/gcc/arm-none-eabi/8.2.1/../../../../arm-none-eabi/lib/thumb/v7-m/nofp/libc.a(lib_a-impure.o)
                0x0000000002000410                _impure_ptr
 *fill*         0x0000000002000414        0x4 ff
 .data.impure_data
                0x0000000002000418      0x428 /Applications/MCUXpressoIDE_11.0.0_2516/ide/plugins/com.nxp.mcuxpresso.tools.macosx_11.0.0.201905131304/tools/bin/../lib/gcc/arm-none-eabi/8.2.1/../../../../arm-none-eabi/lib/thumb/v7-m/nofp/libc.a(lib_a-impure.o)
 .data.__global_locale
                0x0000000002000840      0x16c /Applications/MCUXpressoIDE_11.0.0_2516/ide/plugins/com.nxp.mcuxpresso.tools.macosx_11.0.0.201905131304/tools/bin/../lib/gcc/arm-none-eabi/8.2.1/../../../../arm-none-eabi/lib/thumb/v7-m/nofp/libc.a(lib_a-locale.o)
                0x0000000002000840                __global_locale
                0x00000000020009ac                . = ALIGN (0x4)
                0x00000000020009ac                _edata = .

.igot.plt       0x00000000020009ac        0x0 load address 0x0000000000007ddc
 .igot.plt      0x00000000020009ac        0x0 ./src/DigitalIoPin.o

.bss_RAM2       0x0000000002004000        0x0
                0x0000000002004000                . = ALIGN (0x4)
                [!provide]                        PROVIDE (__start_bss_RAM2 = .)
 *(.bss.$RAM2)
 *(.bss.$Ram1_16)
 *(.bss.$RAM2.*)
 *(.bss.$Ram1_16.*)
                0x0000000002004000                . = ALIGN ((. != 0x0)?0x4:0x1)
                [!provide]                        PROVIDE (__end_bss_RAM2 = .)

.bss_RAM3       0x0000000002008000        0x0
                0x0000000002008000                . = ALIGN (0x4)
                [!provide]                        PROVIDE (__start_bss_RAM3 = .)
 *(.bss.$RAM3)
 *(.bss.$Ram2_4)
 *(.bss.$RAM3.*)
 *(.bss.$Ram2_4.*)
                0x0000000002008000                . = ALIGN ((. != 0x0)?0x4:0x1)
                [!provide]                        PROVIDE (__end_bss_RAM3 = .)

.bss            0x00000000020009ac       0x80
                0x00000000020009ac                . = ALIGN (0x4)
                0x00000000020009ac                _bss = .
 *(.bss*)
 .bss._ZL7counter
                0x00000000020009ac        0x4 ./src/DigitalIoPin.o
 .bss.__malloc_current_mallinfo
                0x00000000020009b0       0x28 /Applications/MCUXpressoIDE_11.0.0_2516/ide/plugins/com.nxp.mcuxpresso.tools.macosx_11.0.0.201905131304/tools/bin/../lib/gcc/arm-none-eabi/8.2.1/../../../../arm-none-eabi/lib/thumb/v7-m/nofp/libc.a(lib_a-mallocr.o)
                0x00000000020009b0                __malloc_current_mallinfo
 .bss.__malloc_max_sbrked_mem
                0x00000000020009d8        0x4 /Applications/MCUXpressoIDE_11.0.0_2516/ide/plugins/com.nxp.mcuxpresso.tools.macosx_11.0.0.201905131304/tools/bin/../lib/gcc/arm-none-eabi/8.2.1/../../../../arm-none-eabi/lib/thumb/v7-m/nofp/libc.a(lib_a-mallocr.o)
                0x00000000020009d8                __malloc_max_sbrked_mem
 .bss.__malloc_max_total_mem
                0x00000000020009dc        0x4 /Applications/MCUXpressoIDE_11.0.0_2516/ide/plugins/com.nxp.mcuxpresso.tools.macosx_11.0.0.201905131304/tools/bin/../lib/gcc/arm-none-eabi/8.2.1/../../../../arm-none-eabi/lib/thumb/v7-m/nofp/libc.a(lib_a-mallocr.o)
                0x00000000020009dc                __malloc_max_total_mem
 .bss.__malloc_top_pad
                0x00000000020009e0        0x4 /Applications/MCUXpressoIDE_11.0.0_2516/ide/plugins/com.nxp.mcuxpresso.tools.macosx_11.0.0.201905131304/tools/bin/../lib/gcc/arm-none-eabi/8.2.1/../../../../arm-none-eabi/lib/thumb/v7-m/nofp/libc.a(lib_a-mallocr.o)
                0x00000000020009e0                __malloc_top_pad
 .bss.__end_of_heap
                0x00000000020009e4        0x4 /Applications/MCUXpressoIDE_11.0.0_2516/ide/plugins/com.nxp.mcuxpresso.tools.macosx_11.0.0.201905131304/tools/bin/../lib/gcc/arm-none-eabi/8.2.1/../../../../arm-none-eabi/lib/thumb/v7-m/nofp/libcr_newlib_nohost.a(_cr_sbrk.o)
                0x00000000020009e4                __end_of_heap
 .bss           0x00000000020009e8       0x1c /Applications/MCUXpressoIDE_11.0.0_2516/ide/plugins/com.nxp.mcuxpresso.tools.macosx_11.0.0.201905131304/tools/bin/../lib/gcc/arm-none-eabi/8.2.1/thumb/v7-m/nofp/crtbegin.o
 *(COMMON)
 COMMON         0x0000000002000a04       0x21 /Applications/MCUXpressoIDE_11.0.0_2516/ide/plugins/com.nxp.mcuxpresso.tools.macosx_11.0.0.201905131304/tools/bin/../lib/gcc/arm-none-eabi/8.2.1/../../../../arm-none-eabi/lib/thumb/v7-m/nofp/libc.a(lib_a-lock.o)
                0x0000000002000a04                __lock___atexit_recursive_mutex
                0x0000000002000a08                __lock___arc4random_mutex
                0x0000000002000a0c                __lock___env_recursive_mutex
                0x0000000002000a10                __lock___sinit_recursive_mutex
                0x0000000002000a14                __lock___malloc_recursive_mutex
                0x0000000002000a18                __lock___at_quick_exit_mutex
                0x0000000002000a1c                __lock___dd_hash_mutex
                0x0000000002000a20                __lock___tz_mutex
                0x0000000002000a24                __lock___sfp_recursive_mutex
 *fill*         0x0000000002000a25        0x3 
 COMMON         0x0000000002000a28        0x4 /Applications/MCUXpressoIDE_11.0.0_2516/ide/plugins/com.nxp.mcuxpresso.tools.macosx_11.0.0.201905131304/tools/bin/../lib/gcc/arm-none-eabi/8.2.1/../../../../arm-none-eabi/lib/thumb/v7-m/nofp/libc.a(lib_a-reent.o)
                0x0000000002000a28                errno
                0x0000000002000a2c                . = ALIGN (0x4)
                0x0000000002000a2c                _ebss = .
                [!provide]                        PROVIDE (end = .)

.noinit_RAM2    0x0000000002004000        0x0
                0x0000000002004000                . = ALIGN (0x4)
 *(.noinit.$RAM2)
 *(.noinit.$Ram1_16)
 *(.noinit.$RAM2.*)
 *(.noinit.$Ram1_16.*)
                0x0000000002004000                . = ALIGN (0x4)

.noinit_RAM3    0x0000000002008000        0x0
                0x0000000002008000                . = ALIGN (0x4)
 *(.noinit.$RAM3)
 *(.noinit.$Ram2_4)
 *(.noinit.$RAM3.*)
 *(.noinit.$Ram2_4.*)
                0x0000000002008000                . = ALIGN (0x4)

.noinit         0x0000000002000a2c        0x0
                0x0000000002000a2c                . = ALIGN (0x4)
                0x0000000002000a2c                _noinit = .
 *(.noinit*)
                0x0000000002000a2c                . = ALIGN (0x4)
                0x0000000002000a2c                _end_noinit = .
                0x0000000002000a2c                PROVIDE (_pvHeapStart = DEFINED (__user_heap_base)?__user_heap_base:.)
                0x0000000002004000                PROVIDE (_vStackTop = DEFINED (__user_stack_top)?__user_stack_top:(__top_Ram0_16 - 0x0))
                0xfffffffffdffb2e2                PROVIDE (__valid_user_code_checksum = (0x0 - ((((((_vStackTop + (ResetISR + 0x1)) + (NMI_Handler + 0x1)) + (HardFault_Handler + 0x1)) + (DEFINED (MemManage_Handler)?MemManage_Handler:0x0 + 0x1)) + (DEFINED (BusFault_Handler)?BusFault_Handler:0x0 + 0x1)) + (DEFINED (UsageFault_Handler)?UsageFault_Handler:0x0 + 0x1))))
                0x0000000000000000                _image_start = LOADADDR (.text)
                0x0000000000007ddc                _image_end = (LOADADDR (.data) + SIZEOF (.data))
                0x0000000000007ddc                _image_size = (_image_end - _image_start)
OUTPUT(lab02.axf elf32-littlearm)

.debug_info     0x0000000000000000     0xac3d
 .debug_info    0x0000000000000000     0x1d0a ./src/DigitalIoPin.o
 .debug_info    0x0000000000001d0a      0x3c9 ./src/ITM_write.o
 .debug_info    0x00000000000020d3      0x2a0 ./src/cr_startup_lpc15xx.o
 .debug_info    0x0000000000002373     0x20dd ./src/lab02-ex3.o
 .debug_info    0x0000000000004450      0x9fc ./src/sysinit.o
 .debug_info    0x0000000000004e4c      0xca8 /Users/DucVoo/Documents/MCUXpressoIDE_11.0.0/workspace cpp/lpc_board_nxp_lpcxpresso_1549/Debug/liblpc_board_nxp_lpcxpresso_1549.a(board.o)
 .debug_info    0x0000000000005af4      0xe7d /Users/DucVoo/Documents/MCUXpressoIDE_11.0.0/workspace cpp/lpc_board_nxp_lpcxpresso_1549/Debug/liblpc_board_nxp_lpcxpresso_1549.a(board_sysinit.o)
 .debug_info    0x0000000000006971      0xe4e /Users/DucVoo/Documents/MCUXpressoIDE_11.0.0/workspace cpp/lpc_chip_15xx/Debug/liblpc_chip_15xx.a(clock_15xx.o)
 .debug_info    0x00000000000077bf      0x6e5 /Users/DucVoo/Documents/MCUXpressoIDE_11.0.0/workspace cpp/lpc_chip_15xx/Debug/liblpc_chip_15xx.a(gpio_15xx.o)
 .debug_info    0x0000000000007ea4      0x2b0 /Users/DucVoo/Documents/MCUXpressoIDE_11.0.0/workspace cpp/lpc_chip_15xx/Debug/liblpc_chip_15xx.a(iocon_15xx.o)
 .debug_info    0x0000000000008154      0x6af /Users/DucVoo/Documents/MCUXpressoIDE_11.0.0/workspace cpp/lpc_chip_15xx/Debug/liblpc_chip_15xx.a(swm_15xx.o)
 .debug_info    0x0000000000008803      0x816 /Users/DucVoo/Documents/MCUXpressoIDE_11.0.0/workspace cpp/lpc_chip_15xx/Debug/liblpc_chip_15xx.a(sysctl_15xx.o)
 .debug_info    0x0000000000009019      0x7d9 /Users/DucVoo/Documents/MCUXpressoIDE_11.0.0/workspace cpp/lpc_chip_15xx/Debug/liblpc_chip_15xx.a(sysinit_15xx.o)
 .debug_info    0x00000000000097f2      0x9e2 /Users/DucVoo/Documents/MCUXpressoIDE_11.0.0/workspace cpp/lpc_chip_15xx/Debug/liblpc_chip_15xx.a(uart_15xx.o)
 .debug_info    0x000000000000a1d4      0x9f8 /Applications/MCUXpressoIDE_11.0.0_2516/ide/plugins/com.nxp.mcuxpresso.tools.macosx_11.0.0.201905131304/tools/bin/../lib/gcc/arm-none-eabi/8.2.1/../../../../arm-none-eabi/lib/thumb/v7-m/nofp/libcr_newlib_nohost.a(_cr_sbrk.o)
 .debug_info    0x000000000000abcc       0x71 /Applications/MCUXpressoIDE_11.0.0_2516/ide/plugins/com.nxp.mcuxpresso.tools.macosx_11.0.0.201905131304/tools/bin/../lib/gcc/arm-none-eabi/8.2.1/../../../../arm-none-eabi/lib/thumb/v7-m/nofp/libcr_newlib_nohost.a(_cr_check_heap.o)

.debug_abbrev   0x0000000000000000     0x242a
 .debug_abbrev  0x0000000000000000      0x606 ./src/DigitalIoPin.o
 .debug_abbrev  0x0000000000000606      0x14c ./src/ITM_write.o
 .debug_abbrev  0x0000000000000752      0x11a ./src/cr_startup_lpc15xx.o
 .debug_abbrev  0x000000000000086c      0x52f ./src/lab02-ex3.o
 .debug_abbrev  0x0000000000000d9b      0x1d9 ./src/sysinit.o
 .debug_abbrev  0x0000000000000f74      0x26e /Users/DucVoo/Documents/MCUXpressoIDE_11.0.0/workspace cpp/lpc_board_nxp_lpcxpresso_1549/Debug/liblpc_board_nxp_lpcxpresso_1549.a(board.o)
 .debug_abbrev  0x00000000000011e2      0x27e /Users/DucVoo/Documents/MCUXpressoIDE_11.0.0/workspace cpp/lpc_board_nxp_lpcxpresso_1549/Debug/liblpc_board_nxp_lpcxpresso_1549.a(board_sysinit.o)
 .debug_abbrev  0x0000000000001460      0x2fd /Users/DucVoo/Documents/MCUXpressoIDE_11.0.0/workspace cpp/lpc_chip_15xx/Debug/liblpc_chip_15xx.a(clock_15xx.o)
 .debug_abbrev  0x000000000000175d      0x1b6 /Users/DucVoo/Documents/MCUXpressoIDE_11.0.0/workspace cpp/lpc_chip_15xx/Debug/liblpc_chip_15xx.a(gpio_15xx.o)
 .debug_abbrev  0x0000000000001913      0x16c /Users/DucVoo/Documents/MCUXpressoIDE_11.0.0/workspace cpp/lpc_chip_15xx/Debug/liblpc_chip_15xx.a(iocon_15xx.o)
 .debug_abbrev  0x0000000000001a7f      0x198 /Users/DucVoo/Documents/MCUXpressoIDE_11.0.0/workspace cpp/lpc_chip_15xx/Debug/liblpc_chip_15xx.a(swm_15xx.o)
 .debug_abbrev  0x0000000000001c17      0x169 /Users/DucVoo/Documents/MCUXpressoIDE_11.0.0/workspace cpp/lpc_chip_15xx/Debug/liblpc_chip_15xx.a(sysctl_15xx.o)
 .debug_abbrev  0x0000000000001d80      0x1c5 /Users/DucVoo/Documents/MCUXpressoIDE_11.0.0/workspace cpp/lpc_chip_15xx/Debug/liblpc_chip_15xx.a(sysinit_15xx.o)
 .debug_abbrev  0x0000000000001f45      0x230 /Users/DucVoo/Documents/MCUXpressoIDE_11.0.0/workspace cpp/lpc_chip_15xx/Debug/liblpc_chip_15xx.a(uart_15xx.o)
 .debug_abbrev  0x0000000000002175      0x24a /Applications/MCUXpressoIDE_11.0.0_2516/ide/plugins/com.nxp.mcuxpresso.tools.macosx_11.0.0.201905131304/tools/bin/../lib/gcc/arm-none-eabi/8.2.1/../../../../arm-none-eabi/lib/thumb/v7-m/nofp/libcr_newlib_nohost.a(_cr_sbrk.o)
 .debug_abbrev  0x00000000000023bf       0x6b /Applications/MCUXpressoIDE_11.0.0_2516/ide/plugins/com.nxp.mcuxpresso.tools.macosx_11.0.0.201905131304/tools/bin/../lib/gcc/arm-none-eabi/8.2.1/../../../../arm-none-eabi/lib/thumb/v7-m/nofp/libcr_newlib_nohost.a(_cr_check_heap.o)

.debug_aranges  0x0000000000000000      0x690
 .debug_aranges
                0x0000000000000000       0x90 ./src/DigitalIoPin.o
 .debug_aranges
                0x0000000000000090       0x30 ./src/ITM_write.o
 .debug_aranges
                0x00000000000000c0       0x80 ./src/cr_startup_lpc15xx.o
 .debug_aranges
                0x0000000000000140       0x50 ./src/lab02-ex3.o
 .debug_aranges
                0x0000000000000190       0x20 ./src/sysinit.o
 .debug_aranges
                0x00000000000001b0       0xd0 /Users/DucVoo/Documents/MCUXpressoIDE_11.0.0/workspace cpp/lpc_board_nxp_lpcxpresso_1549/Debug/liblpc_board_nxp_lpcxpresso_1549.a(board.o)
 .debug_aranges
                0x0000000000000280       0x60 /Users/DucVoo/Documents/MCUXpressoIDE_11.0.0/workspace cpp/lpc_board_nxp_lpcxpresso_1549/Debug/liblpc_board_nxp_lpcxpresso_1549.a(board_sysinit.o)
 .debug_aranges
                0x00000000000002e0      0x128 /Users/DucVoo/Documents/MCUXpressoIDE_11.0.0/workspace cpp/lpc_chip_15xx/Debug/liblpc_chip_15xx.a(clock_15xx.o)
 .debug_aranges
                0x0000000000000408       0x70 /Users/DucVoo/Documents/MCUXpressoIDE_11.0.0/workspace cpp/lpc_chip_15xx/Debug/liblpc_chip_15xx.a(gpio_15xx.o)
 .debug_aranges
                0x0000000000000478       0x28 /Users/DucVoo/Documents/MCUXpressoIDE_11.0.0/workspace cpp/lpc_chip_15xx/Debug/liblpc_chip_15xx.a(iocon_15xx.o)
 .debug_aranges
                0x00000000000004a0       0x40 /Users/DucVoo/Documents/MCUXpressoIDE_11.0.0/workspace cpp/lpc_chip_15xx/Debug/liblpc_chip_15xx.a(swm_15xx.o)
 .debug_aranges
                0x00000000000004e0       0x50 /Users/DucVoo/Documents/MCUXpressoIDE_11.0.0/workspace cpp/lpc_chip_15xx/Debug/liblpc_chip_15xx.a(sysctl_15xx.o)
 .debug_aranges
                0x0000000000000530       0x58 /Users/DucVoo/Documents/MCUXpressoIDE_11.0.0/workspace cpp/lpc_chip_15xx/Debug/liblpc_chip_15xx.a(sysinit_15xx.o)
 .debug_aranges
                0x0000000000000588       0xc8 /Users/DucVoo/Documents/MCUXpressoIDE_11.0.0/workspace cpp/lpc_chip_15xx/Debug/liblpc_chip_15xx.a(uart_15xx.o)
 .debug_aranges
                0x0000000000000650       0x20 /Applications/MCUXpressoIDE_11.0.0_2516/ide/plugins/com.nxp.mcuxpresso.tools.macosx_11.0.0.201905131304/tools/bin/../lib/gcc/arm-none-eabi/8.2.1/../../../../arm-none-eabi/lib/thumb/v7-m/nofp/libcr_newlib_nohost.a(_cr_sbrk.o)
 .debug_aranges
                0x0000000000000670       0x20 /Applications/MCUXpressoIDE_11.0.0_2516/ide/plugins/com.nxp.mcuxpresso.tools.macosx_11.0.0.201905131304/tools/bin/../lib/gcc/arm-none-eabi/8.2.1/../../../../arm-none-eabi/lib/thumb/v7-m/nofp/libcr_newlib_nohost.a(_cr_check_heap.o)

.debug_ranges   0x0000000000000000      0x590
 .debug_ranges  0x0000000000000000       0x80 ./src/DigitalIoPin.o
 .debug_ranges  0x0000000000000080       0x20 ./src/ITM_write.o
 .debug_ranges  0x00000000000000a0       0x70 ./src/cr_startup_lpc15xx.o
 .debug_ranges  0x0000000000000110       0x40 ./src/lab02-ex3.o
 .debug_ranges  0x0000000000000150       0x10 ./src/sysinit.o
 .debug_ranges  0x0000000000000160       0xc0 /Users/DucVoo/Documents/MCUXpressoIDE_11.0.0/workspace cpp/lpc_board_nxp_lpcxpresso_1549/Debug/liblpc_board_nxp_lpcxpresso_1549.a(board.o)
 .debug_ranges  0x0000000000000220       0x50 /Users/DucVoo/Documents/MCUXpressoIDE_11.0.0/workspace cpp/lpc_board_nxp_lpcxpresso_1549/Debug/liblpc_board_nxp_lpcxpresso_1549.a(board_sysinit.o)
 .debug_ranges  0x0000000000000270      0x118 /Users/DucVoo/Documents/MCUXpressoIDE_11.0.0/workspace cpp/lpc_chip_15xx/Debug/liblpc_chip_15xx.a(clock_15xx.o)
 .debug_ranges  0x0000000000000388       0x60 /Users/DucVoo/Documents/MCUXpressoIDE_11.0.0/workspace cpp/lpc_chip_15xx/Debug/liblpc_chip_15xx.a(gpio_15xx.o)
 .debug_ranges  0x00000000000003e8       0x18 /Users/DucVoo/Documents/MCUXpressoIDE_11.0.0/workspace cpp/lpc_chip_15xx/Debug/liblpc_chip_15xx.a(iocon_15xx.o)
 .debug_ranges  0x0000000000000400       0x30 /Users/DucVoo/Documents/MCUXpressoIDE_11.0.0/workspace cpp/lpc_chip_15xx/Debug/liblpc_chip_15xx.a(swm_15xx.o)
 .debug_ranges  0x0000000000000430       0x40 /Users/DucVoo/Documents/MCUXpressoIDE_11.0.0/workspace cpp/lpc_chip_15xx/Debug/liblpc_chip_15xx.a(sysctl_15xx.o)
 .debug_ranges  0x0000000000000470       0x48 /Users/DucVoo/Documents/MCUXpressoIDE_11.0.0/workspace cpp/lpc_chip_15xx/Debug/liblpc_chip_15xx.a(sysinit_15xx.o)
 .debug_ranges  0x00000000000004b8       0xb8 /Users/DucVoo/Documents/MCUXpressoIDE_11.0.0/workspace cpp/lpc_chip_15xx/Debug/liblpc_chip_15xx.a(uart_15xx.o)
 .debug_ranges  0x0000000000000570       0x10 /Applications/MCUXpressoIDE_11.0.0_2516/ide/plugins/com.nxp.mcuxpresso.tools.macosx_11.0.0.201905131304/tools/bin/../lib/gcc/arm-none-eabi/8.2.1/../../../../arm-none-eabi/lib/thumb/v7-m/nofp/libcr_newlib_nohost.a(_cr_sbrk.o)
 .debug_ranges  0x0000000000000580       0x10 /Applications/MCUXpressoIDE_11.0.0_2516/ide/plugins/com.nxp.mcuxpresso.tools.macosx_11.0.0.201905131304/tools/bin/../lib/gcc/arm-none-eabi/8.2.1/../../../../arm-none-eabi/lib/thumb/v7-m/nofp/libcr_newlib_nohost.a(_cr_check_heap.o)

.debug_macro    0x0000000000000000     0x980f
 .debug_macro   0x0000000000000000      0x452 ./src/DigitalIoPin.o
 .debug_macro   0x0000000000000452      0xb80 ./src/DigitalIoPin.o
 .debug_macro   0x0000000000000fd2       0x1c ./src/DigitalIoPin.o
 .debug_macro   0x0000000000000fee       0x22 ./src/DigitalIoPin.o
 .debug_macro   0x0000000000001010       0x8e ./src/DigitalIoPin.o
 .debug_macro   0x000000000000109e       0x51 ./src/DigitalIoPin.o
 .debug_macro   0x00000000000010ef       0xef ./src/DigitalIoPin.o
 .debug_macro   0x00000000000011de       0x6a ./src/DigitalIoPin.o
 .debug_macro   0x0000000000001248      0x1df ./src/DigitalIoPin.o
 .debug_macro   0x0000000000001427       0x16 ./src/DigitalIoPin.o
 .debug_macro   0x000000000000143d       0x7b ./src/DigitalIoPin.o
 .debug_macro   0x00000000000014b8       0x10 ./src/DigitalIoPin.o
 .debug_macro   0x00000000000014c8       0x2d ./src/DigitalIoPin.o
 .debug_macro   0x00000000000014f5       0x3a ./src/DigitalIoPin.o
 .debug_macro   0x000000000000152f       0x2d ./src/DigitalIoPin.o
 .debug_macro   0x000000000000155c      0xa7d ./src/DigitalIoPin.o
 .debug_macro   0x0000000000001fd9      0x1b4 ./src/DigitalIoPin.o
 .debug_macro   0x000000000000218d       0xca ./src/DigitalIoPin.o
 .debug_macro   0x0000000000002257       0x18 ./src/DigitalIoPin.o
 .debug_macro   0x000000000000226f       0xb2 ./src/DigitalIoPin.o
 .debug_macro   0x0000000000002321       0x70 ./src/DigitalIoPin.o
 .debug_macro   0x0000000000002391       0x46 ./src/DigitalIoPin.o
 .debug_macro   0x00000000000023d7       0xd0 ./src/DigitalIoPin.o
 .debug_macro   0x00000000000024a7       0x40 ./src/DigitalIoPin.o
 .debug_macro   0x00000000000024e7      0x233 ./src/DigitalIoPin.o
 .debug_macro   0x000000000000271a       0x16 ./src/DigitalIoPin.o
 .debug_macro   0x0000000000002730       0x88 ./src/DigitalIoPin.o
 .debug_macro   0x00000000000027b8       0x34 ./src/DigitalIoPin.o
 .debug_macro   0x00000000000027ec       0x6a ./src/DigitalIoPin.o
 .debug_macro   0x0000000000002856       0x40 ./src/DigitalIoPin.o
 .debug_macro   0x0000000000002896       0x1c ./src/DigitalIoPin.o
 .debug_macro   0x00000000000028b2       0x16 ./src/DigitalIoPin.o
 .debug_macro   0x00000000000028c8      0x10c ./src/DigitalIoPin.o
 .debug_macro   0x00000000000029d4      0x2a9 ./src/DigitalIoPin.o
 .debug_macro   0x0000000000002c7d       0x76 ./src/DigitalIoPin.o
 .debug_macro   0x0000000000002cf3       0x22 ./src/DigitalIoPin.o
 .debug_macro   0x0000000000002d15      0x152 ./src/DigitalIoPin.o
 .debug_macro   0x0000000000002e67       0x82 ./src/DigitalIoPin.o
 .debug_macro   0x0000000000002ee9       0xe6 ./src/DigitalIoPin.o
 .debug_macro   0x0000000000002fcf       0x3a ./src/DigitalIoPin.o
 .debug_macro   0x0000000000003009       0x34 ./src/DigitalIoPin.o
 .debug_macro   0x000000000000303d       0x10 ./src/DigitalIoPin.o
 .debug_macro   0x000000000000304d       0x76 ./src/DigitalIoPin.o
 .debug_macro   0x00000000000030c3       0x58 ./src/DigitalIoPin.o
 .debug_macro   0x000000000000311b      0x2ca ./src/DigitalIoPin.o
 .debug_macro   0x00000000000033e5      0x22b ./src/DigitalIoPin.o
 .debug_macro   0x0000000000003610       0x2e ./src/DigitalIoPin.o
 .debug_macro   0x000000000000363e       0x34 ./src/DigitalIoPin.o
 .debug_macro   0x0000000000003672       0x5e ./src/DigitalIoPin.o
 .debug_macro   0x00000000000036d0       0x18 ./src/DigitalIoPin.o
 .debug_macro   0x00000000000036e8       0x35 ./src/DigitalIoPin.o
 .debug_macro   0x000000000000371d       0x34 ./src/DigitalIoPin.o
 .debug_macro   0x0000000000003751       0x16 ./src/DigitalIoPin.o
 .debug_macro   0x0000000000003767       0x97 ./src/DigitalIoPin.o
 .debug_macro   0x00000000000037fe      0x35c ./src/DigitalIoPin.o
 .debug_macro   0x0000000000003b5a      0x104 ./src/DigitalIoPin.o
 .debug_macro   0x0000000000003c5e       0x10 ./src/DigitalIoPin.o
 .debug_macro   0x0000000000003c6e       0x58 ./src/DigitalIoPin.o
 .debug_macro   0x0000000000003cc6       0x1f ./src/DigitalIoPin.o
 .debug_macro   0x0000000000003ce5       0x43 ./src/DigitalIoPin.o
 .debug_macro   0x0000000000003d28       0x20 ./src/DigitalIoPin.o
 .debug_macro   0x0000000000003d48      0x18e ./src/DigitalIoPin.o
 .debug_macro   0x0000000000003ed6       0x10 ./src/DigitalIoPin.o
 .debug_macro   0x0000000000003ee6       0x1c ./src/DigitalIoPin.o
 .debug_macro   0x0000000000003f02       0x52 ./src/DigitalIoPin.o
 .debug_macro   0x0000000000003f54       0x40 ./src/DigitalIoPin.o
 .debug_macro   0x0000000000003f94       0x10 ./src/DigitalIoPin.o
 .debug_macro   0x0000000000003fa4       0x40 ./src/DigitalIoPin.o
 .debug_macro   0x0000000000003fe4       0xd7 ./src/DigitalIoPin.o
 .debug_macro   0x00000000000040bb       0x1c ./src/DigitalIoPin.o
 .debug_macro   0x00000000000040d7       0x3d ./src/DigitalIoPin.o
 .debug_macro   0x0000000000004114       0x16 ./src/DigitalIoPin.o
 .debug_macro   0x000000000000412a      0x137 ./src/DigitalIoPin.o
 .debug_macro   0x0000000000004261       0x20 ./src/DigitalIoPin.o
 .debug_macro   0x0000000000004281      0x16f ./src/DigitalIoPin.o
 .debug_macro   0x00000000000043f0       0x10 ./src/DigitalIoPin.o
 .debug_macro   0x0000000000004400      0x3f4 ./src/DigitalIoPin.o
 .debug_macro   0x00000000000047f4       0x46 ./src/DigitalIoPin.o
 .debug_macro   0x000000000000483a       0x17 ./src/DigitalIoPin.o
 .debug_macro   0x0000000000004851       0x28 ./src/DigitalIoPin.o
 .debug_macro   0x0000000000004879       0x41 ./src/DigitalIoPin.o
 .debug_macro   0x00000000000048ba       0x12 ./src/DigitalIoPin.o
 .debug_macro   0x00000000000048cc      0x2a0 ./src/ITM_write.o
 .debug_macro   0x0000000000004b6c      0xaa8 ./src/ITM_write.o
 .debug_macro   0x0000000000005614       0x22 ./src/ITM_write.o
 .debug_macro   0x0000000000005636      0xa7d ./src/ITM_write.o
 .debug_macro   0x00000000000060b3       0x23 ./src/cr_startup_lpc15xx.o
 .debug_macro   0x00000000000060d6      0x489 ./src/lab02-ex3.o
 .debug_macro   0x000000000000655f       0x4c ./src/lab02-ex3.o
 .debug_macro   0x00000000000065ab       0x35 ./src/lab02-ex3.o
 .debug_macro   0x00000000000065e0       0x74 ./src/lab02-ex3.o
 .debug_macro   0x0000000000006654       0x11 ./src/lab02-ex3.o
 .debug_macro   0x0000000000006665      0x3dd ./src/sysinit.o
 .debug_macro   0x0000000000006a42       0x34 ./src/sysinit.o
 .debug_macro   0x0000000000006a76       0x97 ./src/sysinit.o
 .debug_macro   0x0000000000006b0d      0x339 ./src/sysinit.o
 .debug_macro   0x0000000000006e46       0xfd ./src/sysinit.o
 .debug_macro   0x0000000000006f43       0x43 ./src/sysinit.o
 .debug_macro   0x0000000000006f86      0x16f ./src/sysinit.o
 .debug_macro   0x00000000000070f5      0x284 /Users/DucVoo/Documents/MCUXpressoIDE_11.0.0/workspace cpp/lpc_board_nxp_lpcxpresso_1549/Debug/liblpc_board_nxp_lpcxpresso_1549.a(board.o)
 .debug_macro   0x0000000000007379      0xa9c /Users/DucVoo/Documents/MCUXpressoIDE_11.0.0/workspace cpp/lpc_board_nxp_lpcxpresso_1549/Debug/liblpc_board_nxp_lpcxpresso_1549.a(board.o)
 .debug_macro   0x0000000000007e15       0x10 /Users/DucVoo/Documents/MCUXpressoIDE_11.0.0/workspace cpp/lpc_board_nxp_lpcxpresso_1549/Debug/liblpc_board_nxp_lpcxpresso_1549.a(board.o)
 .debug_macro   0x0000000000007e25      0x12e /Users/DucVoo/Documents/MCUXpressoIDE_11.0.0/workspace cpp/lpc_board_nxp_lpcxpresso_1549/Debug/liblpc_board_nxp_lpcxpresso_1549.a(board.o)
 .debug_macro   0x0000000000007f53      0x5b3 /Users/DucVoo/Documents/MCUXpressoIDE_11.0.0/workspace cpp/lpc_board_nxp_lpcxpresso_1549/Debug/liblpc_board_nxp_lpcxpresso_1549.a(board.o)
 .debug_macro   0x0000000000008506       0x22 /Users/DucVoo/Documents/MCUXpressoIDE_11.0.0/workspace cpp/lpc_board_nxp_lpcxpresso_1549/Debug/liblpc_board_nxp_lpcxpresso_1549.a(board.o)
 .debug_macro   0x0000000000008528       0x9a /Users/DucVoo/Documents/MCUXpressoIDE_11.0.0/workspace cpp/lpc_board_nxp_lpcxpresso_1549/Debug/liblpc_board_nxp_lpcxpresso_1549.a(board.o)
 .debug_macro   0x00000000000085c2       0x12 /Users/DucVoo/Documents/MCUXpressoIDE_11.0.0/workspace cpp/lpc_board_nxp_lpcxpresso_1549/Debug/liblpc_board_nxp_lpcxpresso_1549.a(board.o)
 .debug_macro   0x00000000000085d4      0x288 /Users/DucVoo/Documents/MCUXpressoIDE_11.0.0/workspace cpp/lpc_board_nxp_lpcxpresso_1549/Debug/liblpc_board_nxp_lpcxpresso_1549.a(board_sysinit.o)
 .debug_macro   0x000000000000885c      0x239 /Users/DucVoo/Documents/MCUXpressoIDE_11.0.0/workspace cpp/lpc_chip_15xx/Debug/liblpc_chip_15xx.a(clock_15xx.o)
 .debug_macro   0x0000000000008a95      0x239 /Users/DucVoo/Documents/MCUXpressoIDE_11.0.0/workspace cpp/lpc_chip_15xx/Debug/liblpc_chip_15xx.a(gpio_15xx.o)
 .debug_macro   0x0000000000008cce      0x239 /Users/DucVoo/Documents/MCUXpressoIDE_11.0.0/workspace cpp/lpc_chip_15xx/Debug/liblpc_chip_15xx.a(iocon_15xx.o)
 .debug_macro   0x0000000000008f07      0x245 /Users/DucVoo/Documents/MCUXpressoIDE_11.0.0/workspace cpp/lpc_chip_15xx/Debug/liblpc_chip_15xx.a(swm_15xx.o)
 .debug_macro   0x000000000000914c      0x251 /Users/DucVoo/Documents/MCUXpressoIDE_11.0.0/workspace cpp/lpc_chip_15xx/Debug/liblpc_chip_15xx.a(sysctl_15xx.o)
 .debug_macro   0x000000000000939d      0x239 /Users/DucVoo/Documents/MCUXpressoIDE_11.0.0/workspace cpp/lpc_chip_15xx/Debug/liblpc_chip_15xx.a(sysinit_15xx.o)
 .debug_macro   0x00000000000095d6      0x239 /Users/DucVoo/Documents/MCUXpressoIDE_11.0.0/workspace cpp/lpc_chip_15xx/Debug/liblpc_chip_15xx.a(uart_15xx.o)

.debug_line     0x0000000000000000     0x67e2
 .debug_line    0x0000000000000000      0xc5d ./src/DigitalIoPin.o
 .debug_line    0x0000000000000c5d      0x6a4 ./src/ITM_write.o
 .debug_line    0x0000000000001301      0x172 ./src/cr_startup_lpc15xx.o
 .debug_line    0x0000000000001473      0xc0e ./src/lab02-ex3.o
 .debug_line    0x0000000000002081      0x7ab ./src/sysinit.o
 .debug_line    0x000000000000282c      0x86b /Users/DucVoo/Documents/MCUXpressoIDE_11.0.0/workspace cpp/lpc_board_nxp_lpcxpresso_1549/Debug/liblpc_board_nxp_lpcxpresso_1549.a(board.o)
 .debug_line    0x0000000000003097      0x6ab /Users/DucVoo/Documents/MCUXpressoIDE_11.0.0/workspace cpp/lpc_board_nxp_lpcxpresso_1549/Debug/liblpc_board_nxp_lpcxpresso_1549.a(board_sysinit.o)
 .debug_line    0x0000000000003742      0x9c5 /Users/DucVoo/Documents/MCUXpressoIDE_11.0.0/workspace cpp/lpc_chip_15xx/Debug/liblpc_chip_15xx.a(clock_15xx.o)
 .debug_line    0x0000000000004107      0x616 /Users/DucVoo/Documents/MCUXpressoIDE_11.0.0/workspace cpp/lpc_chip_15xx/Debug/liblpc_chip_15xx.a(gpio_15xx.o)
 .debug_line    0x000000000000471d      0x51d /Users/DucVoo/Documents/MCUXpressoIDE_11.0.0/workspace cpp/lpc_chip_15xx/Debug/liblpc_chip_15xx.a(iocon_15xx.o)
 .debug_line    0x0000000000004c3a      0x588 /Users/DucVoo/Documents/MCUXpressoIDE_11.0.0/workspace cpp/lpc_chip_15xx/Debug/liblpc_chip_15xx.a(swm_15xx.o)
 .debug_line    0x00000000000051c2      0x5dd /Users/DucVoo/Documents/MCUXpressoIDE_11.0.0/workspace cpp/lpc_chip_15xx/Debug/liblpc_chip_15xx.a(sysctl_15xx.o)
 .debug_line    0x000000000000579f      0x5e3 /Users/DucVoo/Documents/MCUXpressoIDE_11.0.0/workspace cpp/lpc_chip_15xx/Debug/liblpc_chip_15xx.a(sysinit_15xx.o)
 .debug_line    0x0000000000005d82      0x808 /Users/DucVoo/Documents/MCUXpressoIDE_11.0.0/workspace cpp/lpc_chip_15xx/Debug/liblpc_chip_15xx.a(uart_15xx.o)
 .debug_line    0x000000000000658a      0x1f7 /Applications/MCUXpressoIDE_11.0.0_2516/ide/plugins/com.nxp.mcuxpresso.tools.macosx_11.0.0.201905131304/tools/bin/../lib/gcc/arm-none-eabi/8.2.1/../../../../arm-none-eabi/lib/thumb/v7-m/nofp/libcr_newlib_nohost.a(_cr_sbrk.o)
 .debug_line    0x0000000000006781       0x61 /Applications/MCUXpressoIDE_11.0.0_2516/ide/plugins/com.nxp.mcuxpresso.tools.macosx_11.0.0.201905131304/tools/bin/../lib/gcc/arm-none-eabi/8.2.1/../../../../arm-none-eabi/lib/thumb/v7-m/nofp/libcr_newlib_nohost.a(_cr_check_heap.o)

.debug_str      0x0000000000000000    0x1b57f
 .debug_str     0x0000000000000000    0x162cc ./src/DigitalIoPin.o
                                      0x1661a (size before relaxing)
 .debug_str     0x00000000000162cc      0x903 ./src/ITM_write.o
                                       0xfa1d (size before relaxing)
 .debug_str     0x0000000000016bcf      0x20d ./src/cr_startup_lpc15xx.o
                                       0x33e2 (size before relaxing)
 .debug_str     0x0000000000016ddc      0xb7a ./src/lab02-ex3.o
                                      0x15d14 (size before relaxing)
 .debug_str     0x0000000000017956      0x1c3 ./src/sysinit.o
                                      0x13554 (size before relaxing)
 .debug_str     0x0000000000017b19     0x1e4c /Users/DucVoo/Documents/MCUXpressoIDE_11.0.0/workspace cpp/lpc_board_nxp_lpcxpresso_1549/Debug/liblpc_board_nxp_lpcxpresso_1549.a(board.o)
                                      0x108c6 (size before relaxing)
 .debug_str     0x0000000000019965      0x5fe /Users/DucVoo/Documents/MCUXpressoIDE_11.0.0/workspace cpp/lpc_board_nxp_lpcxpresso_1549/Debug/liblpc_board_nxp_lpcxpresso_1549.a(board_sysinit.o)
                                      0x10eb8 (size before relaxing)
 .debug_str     0x0000000000019f63      0x8ec /Users/DucVoo/Documents/MCUXpressoIDE_11.0.0/workspace cpp/lpc_chip_15xx/Debug/liblpc_chip_15xx.a(clock_15xx.o)
                                      0x10975 (size before relaxing)
 .debug_str     0x000000000001a84f       0xdf /Users/DucVoo/Documents/MCUXpressoIDE_11.0.0/workspace cpp/lpc_chip_15xx/Debug/liblpc_chip_15xx.a(gpio_15xx.o)
                                      0x10022 (size before relaxing)
 .debug_str     0x000000000001a92e       0x41 /Users/DucVoo/Documents/MCUXpressoIDE_11.0.0/workspace cpp/lpc_chip_15xx/Debug/liblpc_chip_15xx.a(iocon_15xx.o)
                                       0xfb3f (size before relaxing)
 .debug_str     0x000000000001a96f      0x55d /Users/DucVoo/Documents/MCUXpressoIDE_11.0.0/workspace cpp/lpc_chip_15xx/Debug/liblpc_chip_15xx.a(swm_15xx.o)
                                      0x10547 (size before relaxing)
 .debug_str     0x000000000001aecc      0x183 /Users/DucVoo/Documents/MCUXpressoIDE_11.0.0/workspace cpp/lpc_chip_15xx/Debug/liblpc_chip_15xx.a(sysctl_15xx.o)
                                      0x1002c (size before relaxing)
 .debug_str     0x000000000001b04f      0x13f /Users/DucVoo/Documents/MCUXpressoIDE_11.0.0/workspace cpp/lpc_chip_15xx/Debug/liblpc_chip_15xx.a(sysinit_15xx.o)
                                      0x1001b (size before relaxing)
 .debug_str     0x000000000001b18e      0x20f /Users/DucVoo/Documents/MCUXpressoIDE_11.0.0/workspace cpp/lpc_chip_15xx/Debug/liblpc_chip_15xx.a(uart_15xx.o)
                                      0x1017e (size before relaxing)
 .debug_str     0x000000000001b39d      0x1bd /Applications/MCUXpressoIDE_11.0.0_2516/ide/plugins/com.nxp.mcuxpresso.tools.macosx_11.0.0.201905131304/tools/bin/../lib/gcc/arm-none-eabi/8.2.1/../../../../arm-none-eabi/lib/thumb/v7-m/nofp/libcr_newlib_nohost.a(_cr_sbrk.o)
                                        0x635 (size before relaxing)
 .debug_str     0x000000000001b55a       0x25 /Applications/MCUXpressoIDE_11.0.0_2516/ide/plugins/com.nxp.mcuxpresso.tools.macosx_11.0.0.201905131304/tools/bin/../lib/gcc/arm-none-eabi/8.2.1/../../../../arm-none-eabi/lib/thumb/v7-m/nofp/libcr_newlib_nohost.a(_cr_check_heap.o)
                                        0x18d (size before relaxing)

.comment        0x0000000000000000       0x75
 .comment       0x0000000000000000       0x75 ./src/DigitalIoPin.o
                                         0x76 (size before relaxing)
 .comment       0x0000000000000075       0x76 ./src/ITM_write.o
 .comment       0x0000000000000075       0x76 ./src/cr_startup_lpc15xx.o
 .comment       0x0000000000000075       0x76 ./src/lab02-ex3.o
 .comment       0x0000000000000075       0x76 ./src/sysinit.o
 .comment       0x0000000000000075       0x76 /Users/DucVoo/Documents/MCUXpressoIDE_11.0.0/workspace cpp/lpc_board_nxp_lpcxpresso_1549/Debug/liblpc_board_nxp_lpcxpresso_1549.a(board.o)
 .comment       0x0000000000000075       0x76 /Users/DucVoo/Documents/MCUXpressoIDE_11.0.0/workspace cpp/lpc_board_nxp_lpcxpresso_1549/Debug/liblpc_board_nxp_lpcxpresso_1549.a(board_sysinit.o)
 .comment       0x0000000000000075       0x76 /Users/DucVoo/Documents/MCUXpressoIDE_11.0.0/workspace cpp/lpc_chip_15xx/Debug/liblpc_chip_15xx.a(clock_15xx.o)
 .comment       0x0000000000000075       0x76 /Users/DucVoo/Documents/MCUXpressoIDE_11.0.0/workspace cpp/lpc_chip_15xx/Debug/liblpc_chip_15xx.a(gpio_15xx.o)
 .comment       0x0000000000000075       0x76 /Users/DucVoo/Documents/MCUXpressoIDE_11.0.0/workspace cpp/lpc_chip_15xx/Debug/liblpc_chip_15xx.a(iocon_15xx.o)
 .comment       0x0000000000000075       0x76 /Users/DucVoo/Documents/MCUXpressoIDE_11.0.0/workspace cpp/lpc_chip_15xx/Debug/liblpc_chip_15xx.a(swm_15xx.o)
 .comment       0x0000000000000075       0x76 /Users/DucVoo/Documents/MCUXpressoIDE_11.0.0/workspace cpp/lpc_chip_15xx/Debug/liblpc_chip_15xx.a(sysctl_15xx.o)
 .comment       0x0000000000000075       0x76 /Users/DucVoo/Documents/MCUXpressoIDE_11.0.0/workspace cpp/lpc_chip_15xx/Debug/liblpc_chip_15xx.a(sysinit_15xx.o)