Archive member included to satisfy reference by file (symbol)

/Users/DucVoo/Documents/MCUXpressoIDE_11.0.0/workspace cpp/lpc_board_nxp_lpcxpresso_1549/Debug/liblpc_board_nxp_lpcxpresso_1549.a(board.o)
                              ./src/ex3.o (Board_Init)
/Users/DucVoo/Documents/MCUXpressoIDE_11.0.0/workspace cpp/lpc_board_nxp_lpcxpresso_1549/Debug/liblpc_board_nxp_lpcxpresso_1549.a(board_sysinit.o)
                              ./src/sysinit.o (Board_SystemInit)
/Users/DucVoo/Documents/MCUXpressoIDE_11.0.0/workspace cpp/lpc_chip_15xx/Debug/liblpc_chip_15xx.a(chip_15xx.o)
                              ./src/ex3.o (SystemCoreClockUpdate)
/Users/DucVoo/Documents/MCUXpressoIDE_11.0.0/workspace cpp/lpc_chip_15xx/Debug/liblpc_chip_15xx.a(clock_15xx.o)
                              /Users/DucVoo/Documents/MCUXpressoIDE_11.0.0/workspace cpp/lpc_board_nxp_lpcxpresso_1549/Debug/liblpc_board_nxp_lpcxpresso_1549.a(board.o) (Chip_Clock_GetMainClockRate)
/Users/DucVoo/Documents/MCUXpressoIDE_11.0.0/workspace cpp/lpc_chip_15xx/Debug/liblpc_chip_15xx.a(gpio_15xx.o)
                              /Users/DucVoo/Documents/MCUXpressoIDE_11.0.0/workspace cpp/lpc_board_nxp_lpcxpresso_1549/Debug/liblpc_board_nxp_lpcxpresso_1549.a(board.o) (Chip_GPIO_Init)
/Users/DucVoo/Documents/MCUXpressoIDE_11.0.0/workspace cpp/lpc_chip_15xx/Debug/liblpc_chip_15xx.a(iocon_15xx.o)
                              /Users/DucVoo/Documents/MCUXpressoIDE_11.0.0/workspace cpp/lpc_board_nxp_lpcxpresso_1549/Debug/liblpc_board_nxp_lpcxpresso_1549.a(board_sysinit.o) (Chip_IOCON_SetPinMuxing)
/Users/DucVoo/Documents/MCUXpressoIDE_11.0.0/workspace cpp/lpc_chip_15xx/Debug/liblpc_chip_15xx.a(swm_15xx.o)
                              /Users/DucVoo/Documents/MCUXpressoIDE_11.0.0/workspace cpp/lpc_board_nxp_lpcxpresso_1549/Debug/liblpc_board_nxp_lpcxpresso_1549.a(board.o) (Chip_SWM_MovablePinAssign)
/Users/DucVoo/Documents/MCUXpressoIDE_11.0.0/workspace cpp/lpc_chip_15xx/Debug/liblpc_chip_15xx.a(sysctl_15xx.o)
                              /Users/DucVoo/Documents/MCUXpressoIDE_11.0.0/workspace cpp/lpc_board_nxp_lpcxpresso_1549/Debug/liblpc_board_nxp_lpcxpresso_1549.a(board_sysinit.o) (Chip_SYSCTL_AssertPeriphReset)
/Users/DucVoo/Documents/MCUXpressoIDE_11.0.0/workspace cpp/lpc_chip_15xx/Debug/liblpc_chip_15xx.a(sysinit_15xx.o)
                              /Users/DucVoo/Documents/MCUXpressoIDE_11.0.0/workspace cpp/lpc_board_nxp_lpcxpresso_1549/Debug/liblpc_board_nxp_lpcxpresso_1549.a(board_sysinit.o) (Chip_SetupXtalClocking)
/Users/DucVoo/Documents/MCUXpressoIDE_11.0.0/workspace cpp/lpc_chip_15xx/Debug/liblpc_chip_15xx.a(uart_15xx.o)
                              /Users/DucVoo/Documents/MCUXpressoIDE_11.0.0/workspace cpp/lpc_board_nxp_lpcxpresso_1549/Debug/liblpc_board_nxp_lpcxpresso_1549.a(board.o) (Chip_UART_Init)
/Users/DucVoo/Documents/MCUXpressoIDE_11.0.0/workspace cpp/lpc_chip_15xx/Debug/liblpc_chip_15xx.a(ring_buffer.o)
                              /Users/DucVoo/Documents/MCUXpressoIDE_11.0.0/workspace cpp/lpc_chip_15xx/Debug/liblpc_chip_15xx.a(uart_15xx.o) (RingBuffer_Insert)
/Applications/MCUXpressoIDE_11.0.0_2516/ide/plugins/com.nxp.mcuxpresso.tools.macosx_11.0.0.201905131304/tools/bin/../lib/gcc/arm-none-eabi/8.2.1/thumb/v7-m/nofp/libgcc.a(_aeabi_uldivmod.o)
                              /Users/DucVoo/Documents/MCUXpressoIDE_11.0.0/workspace cpp/lpc_chip_15xx/Debug/liblpc_chip_15xx.a(clock_15xx.o) (__aeabi_uldivmod)
/Applications/MCUXpressoIDE_11.0.0_2516/ide/plugins/com.nxp.mcuxpresso.tools.macosx_11.0.0.201905131304/tools/bin/../lib/gcc/arm-none-eabi/8.2.1/thumb/v7-m/nofp/libgcc.a(_udivmoddi4.o)
                              /Applications/MCUXpressoIDE_11.0.0_2516/ide/plugins/com.nxp.mcuxpresso.tools.macosx_11.0.0.201905131304/tools/bin/../lib/gcc/arm-none-eabi/8.2.1/thumb/v7-m/nofp/libgcc.a(_aeabi_uldivmod.o) (__udivmoddi4)
/Applications/MCUXpressoIDE_11.0.0_2516/ide/plugins/com.nxp.mcuxpresso.tools.macosx_11.0.0.201905131304/tools/bin/../lib/gcc/arm-none-eabi/8.2.1/thumb/v7-m/nofp/libgcc.a(_dvmd_tls.o)
                              /Applications/MCUXpressoIDE_11.0.0_2516/ide/plugins/com.nxp.mcuxpresso.tools.macosx_11.0.0.201905131304/tools/bin/../lib/gcc/arm-none-eabi/8.2.1/thumb/v7-m/nofp/libgcc.a(_aeabi_uldivmod.o) (__aeabi_ldiv0)
/Applications/MCUXpressoIDE_11.0.0_2516/ide/plugins/com.nxp.mcuxpresso.tools.macosx_11.0.0.201905131304/tools/bin/../lib/gcc/arm-none-eabi/8.2.1/../../../../arm-none-eabi/lib/thumb/v7-m/nofp/libc.a(lib_a-init.o)
                              ./src/cr_startup_lpc15xx.o (__libc_init_array)
/Applications/MCUXpressoIDE_11.0.0_2516/ide/plugins/com.nxp.mcuxpresso.tools.macosx_11.0.0.201905131304/tools/bin/../lib/gcc/arm-none-eabi/8.2.1/../../../../arm-none-eabi/lib/thumb/v7-m/nofp/libc.a(lib_a-malloc.o)
                              ./src/cr_cpp_config.o (malloc)
[...]
Memory Configuration

Name             Origin             Length             Attributes
MFlash256        0x0000000000000000 0x0000000000040000 xr
Ram0_16          0x0000000002000000 0x0000000000004000 xrw
Ram1_16          0x0000000002004000 0x0000000000004000 xrw
Ram2_4           0x0000000002008000 0x0000000000001000 xrw
*default*        0x0000000000000000 0xffffffffffffffff

Linker script and memory map

LOAD ./src/cr_cpp_config.o
LOAD ./src/cr_startup_lpc15xx.o
LOAD ./src/crp.o
LOAD ./src/ex3.o
LOAD ./src/sysinit.o
LOAD /Users/DucVoo/Documents/MCUXpressoIDE_11.0.0/workspace cpp/lpc_board_nxp_lpcxpresso_1549/Debug/liblpc_board_nxp_lpcxpresso_1549.a
LOAD /Users/DucVoo/Documents/MCUXpressoIDE_11.0.0/workspace cpp/lpc_chip_15xx/Debug/liblpc_chip_15xx.a
START GROUP
LOAD /Applications/MCUXpressoIDE_11.0.0_2516/ide/plugins/com.nxp.mcuxpresso.tools.macosx_11.0.0.201905131304/tools/bin/../lib/gcc/arm-none-eabi/8.2.1/thumb/v7-m/nofp/libgcc.a
LOAD /Applications/MCUXpressoIDE_11.0.0_2516/ide/plugins/com.nxp.mcuxpresso.tools.macosx_11.0.0.201905131304/tools/bin/../lib/gcc/arm-none-eabi/8.2.1/../../../../arm-none-eabi/lib/thumb/v7-m/nofp/libc.a
LOAD /Applications/MCUXpressoIDE_11.0.0_2516/ide/plugins/com.nxp.mcuxpresso.tools.macosx_11.0.0.201905131304/tools/bin/../lib/gcc/arm-none-eabi/8.2.1/../../../../arm-none-eabi/lib/thumb/v7-m/nofp/libstdc++.a
LOAD /Applications/MCUXpressoIDE_11.0.0_2516/ide/plugins/com.nxp.mcuxpresso.tools.macosx_11.0.0.201905131304/tools/bin/../lib/gcc/arm-none-eabi/8.2.1/../../../../arm-none-eabi/lib/thumb/v7-m/nofp/libm.a
LOAD /Applications/MCUXpressoIDE_11.0.0_2516/ide/plugins/com.nxp.mcuxpresso.tools.macosx_11.0.0.201905131304/tools/bin/../lib/gcc/arm-none-eabi/8.2.1/../../../../arm-none-eabi/lib/thumb/v7-m/nofp/libcr_newlib_nohost.a
LOAD /Applications/MCUXpressoIDE_11.0.0_2516/ide/plugins/com.nxp.mcuxpresso.tools.macosx_11.0.0.201905131304/tools/bin/../lib/gcc/arm-none-eabi/8.2.1/thumb/v7-m/nofp/crti.o
LOAD /Applications/MCUXpressoIDE_11.0.0_2516/ide/plugins/com.nxp.mcuxpresso.tools.macosx_11.0.0.201905131304/tools/bin/../lib/gcc/arm-none-eabi/8.2.1/thumb/v7-m/nofp/crtn.o
LOAD /Applications/MCUXpressoIDE_11.0.0_2516/ide/plugins/com.nxp.mcuxpresso.tools.macosx_11.0.0.201905131304/tools/bin/../lib/gcc/arm-none-eabi/8.2.1/thumb/v7-m/nofp/crtbegin.o
LOAD /Applications/MCUXpressoIDE_11.0.0_2516/ide/plugins/com.nxp.mcuxpresso.tools.macosx_11.0.0.201905131304/tools/bin/../lib/gcc/arm-none-eabi/8.2.1/thumb/v7-m/nofp/crtend.o
END GROUP
                0x0000000000000000                __base_MFlash256 = 0x0
                0x0000000000000000                __base_Flash = 0x0
                0x0000000000040000                __top_MFlash256 = 0x40000
                0x0000000000040000                __top_Flash = 0x40000
                0x0000000002000000                __base_Ram0_16 = 0x2000000
                0x0000000002000000                __base_RAM = 0x2000000
                0x0000000002004000                __top_Ram0_16 = 0x2004000
                0x0000000002004000                __top_RAM = 0x2004000
                0x0000000002004000                __base_Ram1_16 = 0x2004000
                0x0000000002004000                __base_RAM2 = 0x2004000
                0x0000000002008000                __top_Ram1_16 = 0x2008000
                0x0000000002008000                __top_RAM2 = 0x2008000
                0x0000000002008000                __base_Ram2_4 = 0x2008000
                0x0000000002008000                __base_RAM3 = 0x2008000
                0x0000000002009000                __top_Ram2_4 = 0x2009000
                0x0000000002009000                __top_RAM3 = 0x2009000

.text           0x0000000000000000     0x1ac8
 FILL mask 0xff
                0x0000000000000000                __vectors_start__ = ABSOLUTE (.)
 *(.isr_vector)
 .isr_vector    0x0000000000000000       0xfc ./src/cr_startup_lpc15xx.o
                0x0000000000000000                g_pfnVectors
                0x00000000000000fc                . = ALIGN (0x4)
                0x00000000000000fc                __section_table_start = .
                0x00000000000000fc                __data_section_table = .
                0x00000000000000fc        0x4 LONG 0x1ad0 LOADADDR (.data)
                0x0000000000000100        0x4 LONG 0x2000000 ADDR (.data)
                0x0000000000000104        0x4 LONG 0x0 SIZEOF (.data)
                0x0000000000000108        0x4 LONG 0x1ad0 LOADADDR (.data_RAM2)
                0x000000000000010c        0x4 LONG 0x2004000 ADDR (.data_RAM2)
                0x0000000000000110        0x4 LONG 0x0 SIZEOF (.data_RAM2)
                0x0000000000000114        0x4 LONG 0x1ad0 LOADADDR (.data_RAM3)
                0x0000000000000118        0x4 LONG 0x2008000 ADDR (.data_RAM3)
                0x000000000000011c        0x4 LONG 0x0 SIZEOF (.data_RAM3)
                0x0000000000000120                __data_section_table_end = .
                0x0000000000000120                __bss_section_table = .
                0x0000000000000120        0x4 LONG 0x2000000 ADDR (.bss)
                0x0000000000000124        0x4 LONG 0x24 SIZEOF (.bss)
                0x0000000000000128        0x4 LONG 0x2004000 ADDR (.bss_RAM2)
                0x000000000000012c        0x4 LONG 0x0 SIZEOF (.bss_RAM2)
                0x0000000000000130        0x4 LONG 0x2008000 ADDR (.bss_RAM3)
                0x0000000000000134        0x4 LONG 0x0 SIZEOF (.bss_RAM3)
                0x0000000000000138                __bss_section_table_end = .
                0x0000000000000138                __section_table_end = .
 *(.after_vectors*)
 .after_vectors
                0x0000000000000138      0x140 ./src/cr_startup_lpc15xx.o
                0x0000000000000138                data_init(unsigned int, unsigned int, unsigned int)
                0x000000000000017a                bss_init(unsigned int, unsigned int)
                0x00000000000001b0                ResetISR
                0x000000000000023c                NMI_Handler
                0x0000000000000242                HardFault_Handler
                0x0000000000000248                MemManage_Handler
                0x000000000000024e                BusFault_Handler
                0x0000000000000254                UsageFault_Handler
                0x000000000000025a                SVC_Handler
                0x0000000000000260                DebugMon_Handler
                0x0000000000000266                PendSV_Handler
                0x0000000000000272                PIN_INT6_IRQHandler
                0x0000000000000272                IntDefaultHandler
                0x0000000000000272                PIN_INT4_IRQHandler
                0x0000000000000272                CAN_IRQHandler
                0x0000000000000272                RTC_ALARM_IRQHandler
                0x0000000000000272                ADC1B_IRQHandler
                0x0000000000000272                ADC1_OVR_IRQHandler
                0x0000000000000272                USBWakeup_IRQHandler
                0x0000000000000272                UART2_IRQHandler
                0x0000000000000272                PIN_INT5_IRQHandler
                0x0000000000000272                SCT1_IRQHandler
                0x0000000000000272                PIN_INT2_IRQHandler
                0x0000000000000272                USB_FIQHandler
                0x0000000000000272                SCT3_IRQHandler
                0x0000000000000272                PIN_INT7_IRQHandler
                0x0000000000000272                PIN_INT1_IRQHandler
                0x0000000000000272                USB_IRQHandler
                0x0000000000000272                BOD_IRQHandler
                0x0000000000000272                ADC0B_IRQHandler
                0x0000000000000272                ACMP0_IRQHandler
                0x0000000000000272                WDT_IRQHandler
                0x0000000000000272                PIN_INT0_IRQHandler
                0x0000000000000272                QEI_IRQHandler
                0x0000000000000272                ACMP3_IRQHandler
                0x0000000000000272                GINT0_IRQHandler
                0x0000000000000272                DAC_IRQHandler
                0x0000000000000272                SPI0_IRQHandler
                0x0000000000000272                EEPROM_IRQHandler
                0x0000000000000272                ACMP2_IRQHandler
                0x0000000000000272                ADC1A_IRQHandler
                0x0000000000000272                DMA_IRQHandler
                0x0000000000000272                PIN_INT3_IRQHandler
                0x0000000000000272                ACMP1_IRQHandler
                0x0000000000000272                ADC0A_IRQHandler
                0x0000000000000272                FMC_IRQHandler
                0x0000000000000272                GINT1_IRQHandler
                0x0000000000000272                SCT0_IRQHandler
                0x0000000000000272                ADC0_THCMP_IRQHandler
                0x0000000000000272                RIT_IRQHandler
                0x0000000000000272                I2C0_IRQHandler
                0x0000000000000272                ADC0_OVR_IRQHandler
                0x0000000000000272                ADC1_THCMP_IRQHandler
                0x0000000000000272                SCT2_IRQHandler
                0x0000000000000272                MRT_IRQHandler
                0x0000000000000272                UART1_IRQHandler
                0x0000000000000272                RTC_WAKE_IRQHandler
                0x0000000000000272                UART0_IRQHandler
                0x0000000000000272                SPI1_IRQHandler
 *(.text*)
 .text.NVIC_SetPriority
                0x0000000000000278       0x5c ./src/ex3.o
 .text.SysTick_Config
                0x00000000000002d4       0x44 ./src/ex3.o
 .text.Chip_Clock_SetSysTickClockDiv
                0x0000000000000318       0x20 ./src/ex3.o
 .text.Chip_IOCON_PinMuxSet
                0x0000000000000338       0x2c ./src/ex3.o
 .text.Chip_GPIO_SetPinState
                0x0000000000000364       0x36 ./src/ex3.o
 .text.Chip_GPIO_GetPinState
                0x000000000000039a       0x34 ./src/ex3.o
 .text.Chip_GPIO_SetPinDIROutput
                0x00000000000003ce       0x3c ./src/ex3.o
 .text.Chip_GPIO_SetPinDIRInput
                0x000000000000040a       0x3e ./src/ex3.o
 .text._ZStanSt12memory_orderSt23__memory_order_modifier
                0x0000000000000448       0x24 ./src/ex3.o
                0x0000000000000448                std::operator&(std::memory_order, std::__memory_order_modifier)
 .text.SysTick_Handler
                0x000000000000046c       0x34 ./src/ex3.o
                0x000000000000046c                SysTick_Handler
 .text._Z5allOnv
                0x00000000000004a0       0x5c ./src/ex3.o
                0x00000000000004a0                allOn()
 .text._Z6allOffv
                0x00000000000004fc       0x5c ./src/ex3.o
                0x00000000000004fc                allOff()
 .text._ZN4DiceC2Ev
                0x0000000000000558       0x4c ./src/ex3.o
                0x0000000000000558                Dice::Dice()
                0x0000000000000558                Dice::Dice()
 .text._ZN4Dice4ShowEi
                0x00000000000005a4      0x274 ./src/ex3.o
                0x00000000000005a4                Dice::Show(int)
 .text.main     0x0000000000000818       0xd8 ./src/ex3.o
                0x0000000000000818                main
 .text._ZNVKSt13__atomic_baseIiEcviEv
                0x00000000000008f0       0x36 ./src/ex3.o
                0x00000000000008f0                std::__atomic_base<int>::operator int() const volatile
 .text._ZNVSt13__atomic_baseIiEaSEi
                0x0000000000000926       0x3e ./src/ex3.o
                0x0000000000000926                std::__atomic_base<int>::operator=(int) volatile
 .text._ZNVSt13__atomic_baseIiEppEi
                0x0000000000000964       0x42 ./src/ex3.o
                0x0000000000000964                std::__atomic_base<int>::operator++(int) volatile
 .text._Z41__static_initialization_and_destruction_0ii
                0x00000000000009a6       0x14 ./src/ex3.o
 .text._GLOBAL__sub_I_SysTick_Handler
                0x00000000000009ba       0x10 ./src/ex3.o
 .text.SystemInit
                0x00000000000009ca        0xc ./src/sysinit.o
                0x00000000000009ca                SystemInit
 .text.Chip_IOCON_PinMuxSet
                0x00000000000009d6       0x2c /Users/DucVoo/Documents/MCUXpressoIDE_11.0.0/workspace cpp/lpc_board_nxp_lpcxpresso_1549/Debug/liblpc_board_nxp_lpcxpresso_1549.a(board.o)
 .text.Chip_SWM_MovablePortPinAssign
                0x0000000000000a02       0x30 /Users/DucVoo/Documents/MCUXpressoIDE_11.0.0/workspace cpp/lpc_board_nxp_lpcxpresso_1549/Debug/liblpc_board_nxp_lpcxpresso_1549.a(board.o)
 .text.Chip_GPIO_SetPinState
                0x0000000000000a32       0x36 /Users/DucVoo/Documents/MCUXpressoIDE_11.0.0/workspace cpp/lpc_board_nxp_lpcxpresso_1549/Debug/liblpc_board_nxp_lpcxpresso_1549.a(board.o)
 .text.Chip_GPIO_SetPinDIROutput
                0x0000000000000a68       0x3c /Users/DucVoo/Documents/MCUXpressoIDE_11.0.0/workspace cpp/lpc_board_nxp_lpcxpresso_1549/Debug/liblpc_board_nxp_lpcxpresso_1549.a(board.o)
 .text.Chip_UART_Enable
                0x0000000000000aa4       0x1e /Users/DucVoo/Documents/MCUXpressoIDE_11.0.0/workspace cpp/lpc_board_nxp_lpcxpresso_1549/Debug/liblpc_board_nxp_lpcxpresso_1549.a(board.o)
 .text.Chip_UART_TXEnable
                0x0000000000000ac2       0x1e /Users/DucVoo/Documents/MCUXpressoIDE_11.0.0/workspace cpp/lpc_board_nxp_lpcxpresso_1549/Debug/liblpc_board_nxp_lpcxpresso_1549.a(board.o)
 .text.Chip_UART_ConfigData
                0x0000000000000ae0       0x28 /Users/DucVoo/Documents/MCUXpressoIDE_11.0.0/workspace cpp/lpc_board_nxp_lpcxpresso_1549/Debug/liblpc_board_nxp_lpcxpresso_1549.a(board.o)
 .text.Board_Debug_Init
                0x0000000000000b08       0x70 /Users/DucVoo/Documents/MCUXpressoIDE_11.0.0/workspace cpp/lpc_board_nxp_lpcxpresso_1549/Debug/liblpc_board_nxp_lpcxpresso_1549.a(board.o)
                0x0000000000000b08                Board_Debug_Init
 .text.Board_LED_Init
                0x0000000000000b78       0x5c /Users/DucVoo/Documents/MCUXpressoIDE_11.0.0/workspace cpp/lpc_board_nxp_lpcxpresso_1549/Debug/liblpc_board_nxp_lpcxpresso_1549.a(board.o)
 .text.Board_Init
                0x0000000000000bd4       0x18 /Users/DucVoo/Documents/MCUXpressoIDE_11.0.0/workspace cpp/lpc_board_nxp_lpcxpresso_1549/Debug/liblpc_board_nxp_lpcxpresso_1549.a(board.o)
                0x0000000000000bd4                Board_Init
 .text.Chip_SYSCTL_PeriphReset
                0x0000000000000bec       0x22 /Users/DucVoo/Documents/MCUXpressoIDE_11.0.0/workspace cpp/lpc_board_nxp_lpcxpresso_1549/Debug/liblpc_board_nxp_lpcxpresso_1549.a(board_sysinit.o)
 *fill*         0x0000000000000c0e        0x2 ff
 .text.Chip_Clock_SetUSBPLLSource
                0x0000000000000c10       0x20 /Users/DucVoo/Documents/MCUXpressoIDE_11.0.0/workspace cpp/lpc_board_nxp_lpcxpresso_1549/Debug/liblpc_board_nxp_lpcxpresso_1549.a(board_sysinit.o)
 .text.Chip_Clock_SetupUSBPLL
                0x0000000000000c30       0x34 /Users/DucVoo/Documents/MCUXpressoIDE_11.0.0/workspace cpp/lpc_board_nxp_lpcxpresso_1549/Debug/liblpc_board_nxp_lpcxpresso_1549.a(board_sysinit.o)
 .text.Chip_Clock_IsUSBPLLLocked
                0x0000000000000c64       0x24 /Users/DucVoo/Documents/MCUXpressoIDE_11.0.0/workspace cpp/lpc_board_nxp_lpcxpresso_1549/Debug/liblpc_board_nxp_lpcxpresso_1549.a(board_sysinit.o)
 .text.Chip_Clock_SetSysTickClockDiv
                0x0000000000000c88       0x20 /Users/DucVoo/Documents/MCUXpressoIDE_11.0.0/workspace cpp/lpc_board_nxp_lpcxpresso_1549/Debug/liblpc_board_nxp_lpcxpresso_1549.a(board_sysinit.o)
 .text.Chip_SWM_MovablePortPinAssign
                0x0000000000000ca8       0x30 /Users/DucVoo/Documents/MCUXpressoIDE_11.0.0/workspace cpp/lpc_board_nxp_lpcxpresso_1549/Debug/liblpc_board_nxp_lpcxpresso_1549.a(board_sysinit.o)
 .text.Board_SetupMuxing
                0x0000000000000cd8       0x80 /Users/DucVoo/Documents/MCUXpressoIDE_11.0.0/workspace cpp/lpc_board_nxp_lpcxpresso_1549/Debug/liblpc_board_nxp_lpcxpresso_1549.a(board_sysinit.o)
                0x0000000000000cd8                Board_SetupMuxing
 .text.Board_SetupClocking
                0x0000000000000d58       0x3a /Users/DucVoo/Documents/MCUXpressoIDE_11.0.0/workspace cpp/lpc_board_nxp_lpcxpresso_1549/Debug/liblpc_board_nxp_lpcxpresso_1549.a(board_sysinit.o)
                0x0000000000000d58                Board_SetupClocking
 *fill*         0x0000000000000d92        0x2 ff
 .text.Board_SystemInit
                0x0000000000000d94       0x1c /Users/DucVoo/Documents/MCUXpressoIDE_11.0.0/workspace cpp/lpc_board_nxp_lpcxpresso_1549/Debug/liblpc_board_nxp_lpcxpresso_1549.a(board_sysinit.o)
                0x0000000000000d94                Board_SystemInit
 .text.SystemCoreClockUpdate
                0x0000000000000db0       0x18 /Users/DucVoo/Documents/MCUXpressoIDE_11.0.0/workspace cpp/lpc_chip_15xx/Debug/liblpc_chip_15xx.a(chip_15xx.o)
                0x0000000000000db0                SystemCoreClockUpdate
 .text.Chip_Clock_SetMain_A_ClockSource
                0x0000000000000dc8       0x20 /Users/DucVoo/Documents/MCUXpressoIDE_11.0.0/workspace cpp/lpc_chip_15xx/Debug/liblpc_chip_15xx.a(clock_15xx.o)
 .text.Chip_Clock_GetMain_A_ClockSource
                0x0000000000000de8       0x18 /Users/DucVoo/Documents/MCUXpressoIDE_11.0.0/workspace cpp/lpc_chip_15xx/Debug/liblpc_chip_15xx.a(clock_15xx.o)
 .text.Chip_Clock_SetMain_B_ClockSource
                0x0000000000000e00       0x20 /Users/DucVoo/Documents/MCUXpressoIDE_11.0.0/workspace cpp/lpc_chip_15xx/Debug/liblpc_chip_15xx.a(clock_15xx.o)
 .text.Chip_Clock_GetMain_B_ClockSource
                0x0000000000000e20       0x18 /Users/DucVoo/Documents/MCUXpressoIDE_11.0.0/workspace cpp/lpc_chip_15xx/Debug/liblpc_chip_15xx.a(clock_15xx.o)
 .text.Chip_Clock_GetSysTickClockDiv
                0x0000000000000e38       0x18 /Users/DucVoo/Documents/MCUXpressoIDE_11.0.0/workspace cpp/lpc_chip_15xx/Debug/liblpc_chip_15xx.a(clock_15xx.o)
 .text.Chip_Clock_SetUARTFRGDivider
                0x0000000000000e50       0x20 /Users/DucVoo/Documents/MCUXpressoIDE_11.0.0/workspace cpp/lpc_chip_15xx/Debug/liblpc_chip_15xx.a(clock_15xx.o)
 .text.Chip_Clock_GetUARTFRGDivider
                0x0000000000000e70       0x18 /Users/DucVoo/Documents/MCUXpressoIDE_11.0.0/workspace cpp/lpc_chip_15xx/Debug/liblpc_chip_15xx.a(clock_15xx.o)
 .text.Chip_Clock_GetMainOscRate
                0x0000000000000e88       0x14 /Users/DucVoo/Documents/MCUXpressoIDE_11.0.0/workspace cpp/lpc_chip_15xx/Debug/liblpc_chip_15xx.a(clock_15xx.o)
 .text.Chip_Clock_GetIntOscRate
                0x0000000000000e9c       0x14 /Users/DucVoo/Documents/MCUXpressoIDE_11.0.0/workspace cpp/lpc_chip_15xx/Debug/liblpc_chip_15xx.a(clock_15xx.o)
 .text.Chip_Clock_GetRTCOscRate
                0x0000000000000eb0       0x14 /Users/DucVoo/Documents/MCUXpressoIDE_11.0.0/workspace cpp/lpc_chip_15xx/Debug/liblpc_chip_15xx.a(clock_15xx.o)
 .text.Chip_Clock_GetWDTOSCRate
                0x0000000000000ec4       0x14 /Users/DucVoo/Documents/MCUXpressoIDE_11.0.0/workspace cpp/lpc_chip_15xx/Debug/liblpc_chip_15xx.a(clock_15xx.o)
 .text.Chip_Clock_GetPLLFreq
                0x0000000000000ed8       0x26 /Users/DucVoo/Documents/MCUXpressoIDE_11.0.0/workspace cpp/lpc_chip_15xx/Debug/liblpc_chip_15xx.a(clock_15xx.o)
 .text.Chip_Clock_GetPLLInClockRate
                0x0000000000000efe       0x38 /Users/DucVoo/Documents/MCUXpressoIDE_11.0.0/workspace cpp/lpc_chip_15xx/Debug/liblpc_chip_15xx.a(clock_15xx.o)
 *fill*         0x0000000000000f36        0x2 ff
 .text.Chip_Clock_GetSystemPLLInClockRate
                0x0000000000000f38       0x1c /Users/DucVoo/Documents/MCUXpressoIDE_11.0.0/workspace cpp/lpc_chip_15xx/Debug/liblpc_chip_15xx.a(clock_15xx.o)
                0x0000000000000f38                Chip_Clock_GetSystemPLLInClockRate
 .text.Chip_Clock_GetSystemPLLOutClockRate
                0x0000000000000f54       0x24 /Users/DucVoo/Documents/MCUXpressoIDE_11.0.0/workspace cpp/lpc_chip_15xx/Debug/liblpc_chip_15xx.a(clock_15xx.o)
                0x0000000000000f54                Chip_Clock_GetSystemPLLOutClockRate
 .text.Chip_Clock_GetMain_A_ClockRate
                0x0000000000000f78       0x44 /Users/DucVoo/Documents/MCUXpressoIDE_11.0.0/workspace cpp/lpc_chip_15xx/Debug/liblpc_chip_15xx.a(clock_15xx.o)
                0x0000000000000f78                Chip_Clock_GetMain_A_ClockRate
 .text.Chip_Clock_GetMain_B_ClockRate
                0x0000000000000fbc       0x58 /Users/DucVoo/Documents/MCUXpressoIDE_11.0.0/workspace cpp/lpc_chip_15xx/Debug/liblpc_chip_15xx.a(clock_15xx.o)
                0x0000000000000fbc                Chip_Clock_GetMain_B_ClockRate
 .text.Chip_Clock_SetMainClockSource
                0x0000000000001014       0x3c /Users/DucVoo/Documents/MCUXpressoIDE_11.0.0/workspace cpp/lpc_chip_15xx/Debug/liblpc_chip_15xx.a(clock_15xx.o)
                0x0000000000001014                Chip_Clock_SetMainClockSource
 .text.Chip_Clock_GetMainClockRate
                0x0000000000001050       0x28 /Users/DucVoo/Documents/MCUXpressoIDE_11.0.0/workspace cpp/lpc_chip_15xx/Debug/liblpc_chip_15xx.a(clock_15xx.o)
                0x0000000000001050                Chip_Clock_GetMainClockRate
 .text.Chip_Clock_EnablePeriphClock
                0x0000000000001078       0x58 /Users/DucVoo/Documents/MCUXpressoIDE_11.0.0/workspace cpp/lpc_chip_15xx/Debug/liblpc_chip_15xx.a(clock_15xx.o)
                0x0000000000001078                Chip_Clock_EnablePeriphClock
 .text.Chip_Clock_GetSysTickClockRate
                0x00000000000010d0       0x30 /Users/DucVoo/Documents/MCUXpressoIDE_11.0.0/workspace cpp/lpc_chip_15xx/Debug/liblpc_chip_15xx.a(clock_15xx.o)
                0x00000000000010d0                Chip_Clock_GetSysTickClockRate
 .text.Chip_Clock_GetUARTBaseClockRate
                0x0000000000001100       0x8c /Users/DucVoo/Documents/MCUXpressoIDE_11.0.0/workspace cpp/lpc_chip_15xx/Debug/liblpc_chip_15xx.a(clock_15xx.o)
                0x0000000000001100                Chip_Clock_GetUARTBaseClockRate
 .text.Chip_Clock_SetUARTBaseClockRate
                0x000000000000118c       0xa4 /Users/DucVoo/Documents/MCUXpressoIDE_11.0.0/workspace cpp/lpc_chip_15xx/Debug/liblpc_chip_15xx.a(clock_15xx.o)
                0x000000000000118c                Chip_Clock_SetUARTBaseClockRate
 .text.Chip_Clock_GetSystemClockRate
                0x0000000000001230       0x1c /Users/DucVoo/Documents/MCUXpressoIDE_11.0.0/workspace cpp/lpc_chip_15xx/Debug/liblpc_chip_15xx.a(clock_15xx.o)
                0x0000000000001230                Chip_Clock_GetSystemClockRate
 .text.Chip_SYSCTL_PeriphReset
                0x000000000000124c       0x22 /Users/DucVoo/Documents/MCUXpressoIDE_11.0.0/workspace cpp/lpc_chip_15xx/Debug/liblpc_chip_15xx.a(gpio_15xx.o)
 .text.Chip_GPIO_Init
                0x000000000000126e       0x2e /Users/DucVoo/Documents/MCUXpressoIDE_11.0.0/workspace cpp/lpc_chip_15xx/Debug/liblpc_chip_15xx.a(gpio_15xx.o)
                0x000000000000126e                Chip_GPIO_Init
 .text.Chip_IOCON_PinMuxSet
                0x000000000000129c       0x2c /Users/DucVoo/Documents/MCUXpressoIDE_11.0.0/workspace cpp/lpc_chip_15xx/Debug/liblpc_chip_15xx.a(iocon_15xx.o)
 .text.Chip_IOCON_SetPinMuxing
                0x00000000000012c8       0x4e /Users/DucVoo/Documents/MCUXpressoIDE_11.0.0/workspace cpp/lpc_chip_15xx/Debug/liblpc_chip_15xx.a(iocon_15xx.o)
                0x00000000000012c8                Chip_IOCON_SetPinMuxing
 *fill*         0x0000000000001316        0x2 ff
 .text.Chip_SWM_MovablePinAssign
                0x0000000000001318       0x5c /Users/DucVoo/Documents/MCUXpressoIDE_11.0.0/workspace cpp/lpc_chip_15xx/Debug/liblpc_chip_15xx.a(swm_15xx.o)
                0x0000000000001318                Chip_SWM_MovablePinAssign
 .text.Chip_SYSCTL_AssertPeriphReset
                0x0000000000001374       0x4c /Users/DucVoo/Documents/MCUXpressoIDE_11.0.0/workspace cpp/lpc_chip_15xx/Debug/liblpc_chip_15xx.a(sysctl_15xx.o)
                0x0000000000001374                Chip_SYSCTL_AssertPeriphReset
 .text.Chip_SYSCTL_DeassertPeriphReset
                0x00000000000013c0       0x50 /Users/DucVoo/Documents/MCUXpressoIDE_11.0.0/workspace cpp/lpc_chip_15xx/Debug/liblpc_chip_15xx.a(sysctl_15xx.o)
                0x00000000000013c0                Chip_SYSCTL_DeassertPeriphReset
 .text.Chip_SYSCTL_PowerDown
                0x0000000000001410       0x40 /Users/DucVoo/Documents/MCUXpressoIDE_11.0.0/workspace cpp/lpc_chip_15xx/Debug/liblpc_chip_15xx.a(sysctl_15xx.o)
                0x0000000000001410                Chip_SYSCTL_PowerDown
 .text.Chip_SYSCTL_PowerUp
                0x0000000000001450       0x40 /Users/DucVoo/Documents/MCUXpressoIDE_11.0.0/workspace cpp/lpc_chip_15xx/Debug/liblpc_chip_15xx.a(sysctl_15xx.o)
                0x0000000000001450                Chip_SYSCTL_PowerUp
 .text.Chip_FMC_SetFLASHAccess
                0x0000000000001490       0x38 /Users/DucVoo/Documents/MCUXpressoIDE_11.0.0/workspace cpp/lpc_chip_15xx/Debug/liblpc_chip_15xx.a(sysinit_15xx.o)
 .text.Chip_Clock_SetSystemPLLSource
                0x00000000000014c8       0x20 /Users/DucVoo/Documents/MCUXpressoIDE_11.0.0/workspace cpp/lpc_chip_15xx/Debug/liblpc_chip_15xx.a(sysinit_15xx.o)
 .text.Chip_Clock_SetupSystemPLL
                0x00000000000014e8       0x34 /Users/DucVoo/Documents/MCUXpressoIDE_11.0.0/workspace cpp/lpc_chip_15xx/Debug/liblpc_chip_15xx.a(sysinit_15xx.o)
 .text.Chip_Clock_IsSystemPLLLocked
                0x000000000000151c       0x24 /Users/DucVoo/Documents/MCUXpressoIDE_11.0.0/workspace cpp/lpc_chip_15xx/Debug/liblpc_chip_15xx.a(sysinit_15xx.o)
 .text.Chip_Clock_SetSysClockDiv
                0x0000000000001540       0x20 /Users/DucVoo/Documents/MCUXpressoIDE_11.0.0/workspace cpp/lpc_chip_15xx/Debug/liblpc_chip_15xx.a(sysinit_15xx.o)
 .text.Chip_SetupXtalClocking
                0x0000000000001560       0x52 /Users/DucVoo/Documents/MCUXpressoIDE_11.0.0/workspace cpp/lpc_chip_15xx/Debug/liblpc_chip_15xx.a(sysinit_15xx.o)
                0x0000000000001560                Chip_SetupXtalClocking
 .text.Chip_SYSCTL_PeriphReset
                0x00000000000015b2       0x22 /Users/DucVoo/Documents/MCUXpressoIDE_11.0.0/workspace cpp/lpc_chip_15xx/Debug/liblpc_chip_15xx.a(uart_15xx.o)
 .text.getUARTClockID
                0x00000000000015d4       0x34 /Users/DucVoo/Documents/MCUXpressoIDE_11.0.0/workspace cpp/lpc_chip_15xx/Debug/liblpc_chip_15xx.a(uart_15xx.o)
 .text.Chip_UART_Init
                0x0000000000001608       0x4c /Users/DucVoo/Documents/MCUXpressoIDE_11.0.0/workspace cpp/lpc_chip_15xx/Debug/liblpc_chip_15xx.a(uart_15xx.o)
                0x0000000000001608                Chip_UART_Init
 .text.Chip_UART_SetBaud
                0x0000000000001654       0x2a /Users/DucVoo/Documents/MCUXpressoIDE_11.0.0/workspace cpp/lpc_chip_15xx/Debug/liblpc_chip_15xx.a(uart_15xx.o)
                0x0000000000001654                Chip_UART_SetBaud
 *fill*         0x000000000000167e        0x2 ff
 .text          0x0000000000001680       0x30 /Applications/MCUXpressoIDE_11.0.0_2516/ide/plugins/com.nxp.mcuxpresso.tools.macosx_11.0.0.201905131304/tools/bin/../lib/gcc/arm-none-eabi/8.2.1/thumb/v7-m/nofp/libgcc.a(_aeabi_uldivmod.o)
                0x0000000000001680                __aeabi_uldivmod
 .text          0x00000000000016b0      0x2d0 /Applications/MCUXpressoIDE_11.0.0_2516/ide/plugins/com.nxp.mcuxpresso.tools.macosx_11.0.0.201905131304/tools/bin/../lib/gcc/arm-none-eabi/8.2.1/thumb/v7-m/nofp/libgcc.a(_udivmoddi4.o)
                0x00000000000016b0                __udivmoddi4
 .text          0x0000000000001980        0x4 /Applications/MCUXpressoIDE_11.0.0_2516/ide/plugins/com.nxp.mcuxpresso.tools.macosx_11.0.0.201905131304/tools/bin/../lib/gcc/arm-none-eabi/8.2.1/thumb/v7-m/nofp/libgcc.a(_dvmd_tls.o)
                0x0000000000001980                __aeabi_ldiv0
                0x0000000000001980                __aeabi_idiv0
 .text.__libc_init_array
                0x0000000000001984       0x48 /Applications/MCUXpressoIDE_11.0.0_2516/ide/plugins/com.nxp.mcuxpresso.tools.macosx_11.0.0.201905131304/tools/bin/../lib/gcc/arm-none-eabi/8.2.1/../../../../arm-none-eabi/lib/thumb/v7-m/nofp/libc.a(lib_a-init.o)
                0x0000000000001984                __libc_init_array
 .text          0x00000000000019cc       0x40 /Applications/MCUXpressoIDE_11.0.0_2516/ide/plugins/com.nxp.mcuxpresso.tools.macosx_11.0.0.201905131304/tools/bin/../lib/gcc/arm-none-eabi/8.2.1/thumb/v7-m/nofp/crtbegin.o
 *(.rodata .rodata.* .constdata .constdata.*)
 .rodata._ZL8diceport
                0x0000000000001a0c        0x7 ./src/ex3.o
 *fill*         0x0000000000001a13        0x1 ff
 .rodata._ZL8dicepins
                0x0000000000001a14        0x7 ./src/ex3.o
 *fill*         0x0000000000001a1b        0x1 ff
 .rodata.OscRateIn
                0x0000000000001a1c        0x4 /Users/DucVoo/Documents/MCUXpressoIDE_11.0.0/workspace cpp/lpc_board_nxp_lpcxpresso_1549/Debug/liblpc_board_nxp_lpcxpresso_1549.a(board.o)
                0x0000000000001a1c                OscRateIn
 .rodata.RTCOscRateIn
                0x0000000000001a20        0x4 /Users/DucVoo/Documents/MCUXpressoIDE_11.0.0/workspace cpp/lpc_board_nxp_lpcxpresso_1549/Debug/liblpc_board_nxp_lpcxpresso_1549.a(board.o)
                0x0000000000001a20                RTCOscRateIn
 .rodata.ledpins
                0x0000000000001a24        0x3 /Users/DucVoo/Documents/MCUXpressoIDE_11.0.0/workspace cpp/lpc_board_nxp_lpcxpresso_1549/Debug/liblpc_board_nxp_lpcxpresso_1549.a(board.o)
 *fill*         0x0000000000001a27        0x1 ff
 .rodata.ledports
                0x0000000000001a28        0x3 /Users/DucVoo/Documents/MCUXpressoIDE_11.0.0/workspace cpp/lpc_board_nxp_lpcxpresso_1549/Debug/liblpc_board_nxp_lpcxpresso_1549.a(board.o)
 *fill*         0x0000000000001a2b        0x1 ff
 .rodata.ioconSetup
                0x0000000000001a2c       0x74 /Users/DucVoo/Documents/MCUXpressoIDE_11.0.0/workspace cpp/lpc_board_nxp_lpcxpresso_1549/Debug/liblpc_board_nxp_lpcxpresso_1549.a(board_sysinit.o)
 .rodata.swmSetup
                0x0000000000001aa0        0x6 /Users/DucVoo/Documents/MCUXpressoIDE_11.0.0/workspace cpp/lpc_board_nxp_lpcxpresso_1549/Debug/liblpc_board_nxp_lpcxpresso_1549.a(board_sysinit.o)
                0x0000000000001aa8                . = ALIGN (0x4)
 *fill*         0x0000000000001aa6        0x2 ff
                0x0000000000001aa8                . = ALIGN (0x4)
 *(.init)
 .init          0x0000000000001aa8        0x4 /Applications/MCUXpressoIDE_11.0.0_2516/ide/plugins/com.nxp.mcuxpresso.tools.macosx_11.0.0.201905131304/tools/bin/../lib/gcc/arm-none-eabi/8.2.1/thumb/v7-m/nofp/crti.o
                0x0000000000001aa8                _init
 .init          0x0000000000001aac        0x8 /Applications/MCUXpressoIDE_11.0.0_2516/ide/plugins/com.nxp.mcuxpresso.tools.macosx_11.0.0.201905131304/tools/bin/../lib/gcc/arm-none-eabi/8.2.1/thumb/v7-m/nofp/crtn.o
                0x0000000000001ab4                . = ALIGN (0x4)
                0x0000000000001ab4                __preinit_array_start = .
 *(.preinit_array)
                0x0000000000001ab4                __preinit_array_end = .
                0x0000000000001ab4                . = ALIGN (0x4)
                0x0000000000001ab4                __init_array_start = .
 *(SORT_BY_NAME(.init_array.*))
 *(.init_array)
 .init_array    0x0000000000001ab4        0x4 ./src/ex3.o
 .init_array    0x0000000000001ab8        0x4 /Applications/MCUXpressoIDE_11.0.0_2516/ide/plugins/com.nxp.mcuxpresso.tools.macosx_11.0.0.201905131304/tools/bin/../lib/gcc/arm-none-eabi/8.2.1/thumb/v7-m/nofp/crtbegin.o
                0x0000000000001abc                __init_array_end = .
 *(.fini)
 .fini          0x0000000000001abc        0x4 /Applications/MCUXpressoIDE_11.0.0_2516/ide/plugins/com.nxp.mcuxpresso.tools.macosx_11.0.0.201905131304/tools/bin/../lib/gcc/arm-none-eabi/8.2.1/thumb/v7-m/nofp/crti.o
                0x0000000000001abc                _fini
 .fini          0x0000000000001ac0        0x8 /Applications/MCUXpressoIDE_11.0.0_2516/ide/plugins/com.nxp.mcuxpresso.tools.macosx_11.0.0.201905131304/tools/bin/../lib/gcc/arm-none-eabi/8.2.1/thumb/v7-m/nofp/crtn.o
                0x0000000000001ac8                . = ALIGN (0x4)
 *crtbegin.o(.ctors)
 *(EXCLUDE_FILE(*crtend.o) .ctors)
 *(SORT_BY_NAME(.ctors.*))
 *crtend.o(.ctors)
                0x0000000000001ac8                . = ALIGN (0x4)
 *crtbegin.o(.dtors)
 *(EXCLUDE_FILE(*crtend.o) .dtors)
 *(SORT_BY_NAME(.dtors.*))
 *crtend.o(.dtors)
                0x0000000000001ac8                . = ALIGN (0x4)

.glue_7         0x0000000000001ac8        0x0
 .glue_7        0x0000000000001ac8        0x0 linker stubs

.glue_7t        0x0000000000001ac8        0x0
 .glue_7t       0x0000000000001ac8        0x0 linker stubs

.vfp11_veneer   0x0000000000001ac8        0x0
 .vfp11_veneer  0x0000000000001ac8        0x0 linker stubs

.v4_bx          0x0000000000001ac8        0x0
 .v4_bx         0x0000000000001ac8        0x0 linker stubs

.iplt           0x0000000000001ac8        0x0
 .iplt          0x0000000000001ac8        0x0 ./src/cr_startup_lpc15xx.o

.ARM.extab
 *(.ARM.extab* .gnu.linkonce.armextab.*)
                0x0000000000001ac8                __exidx_start = .

.ARM.exidx      0x0000000000001ac8        0x8
 *(.ARM.exidx* .gnu.linkonce.armexidx.*)
 .ARM.exidx     0x0000000000001ac8        0x8 /Applications/MCUXpressoIDE_11.0.0_2516/ide/plugins/com.nxp.mcuxpresso.tools.macosx_11.0.0.201905131304/tools/bin/../lib/gcc/arm-none-eabi/8.2.1/thumb/v7-m/nofp/libgcc.a(_udivmoddi4.o)
                0x0000000000001ad0                __exidx_end = .
                0x0000000000001ad0                _etext = .

.rel.dyn        0x0000000000001ad0        0x0
 .rel.iplt      0x0000000000001ad0        0x0 ./src/cr_startup_lpc15xx.o

.eh_frame       0x0000000000001ad0        0x0
 .eh_frame      0x0000000000001ad0        0x0 /Applications/MCUXpressoIDE_11.0.0_2516/ide/plugins/com.nxp.mcuxpresso.tools.macosx_11.0.0.201905131304/tools/bin/../lib/gcc/arm-none-eabi/8.2.1/thumb/v7-m/nofp/crtbegin.o

.data_RAM2      0x0000000002004000        0x0 load address 0x0000000000001ad0
 FILL mask 0xff
                [!provide]                        PROVIDE (__start_data_RAM2 = .)
 *(.ramfunc.$RAM2)
 *(.ramfunc.$Ram1_16)
 *(.data.$RAM2)
 *(.data.$Ram1_16)
 *(.data.$RAM2.*)
 *(.data.$Ram1_16.*)
                0x0000000002004000                . = ALIGN (0x4)
                [!provide]                        PROVIDE (__end_data_RAM2 = .)

.data_RAM3      0x0000000002008000        0x0 load address 0x0000000000001ad0
 FILL mask 0xff
                [!provide]                        PROVIDE (__start_data_RAM3 = .)
 *(.ramfunc.$RAM3)
 *(.ramfunc.$Ram2_4)
 *(.data.$RAM3)
 *(.data.$Ram2_4)
 *(.data.$RAM3.*)
 *(.data.$Ram2_4.*)
                0x0000000002008000                . = ALIGN (0x4)
                [!provide]                        PROVIDE (__end_data_RAM3 = .)

.uninit_RESERVED
                0x0000000002000000        0x0
                0x0000000002000000                . = ALIGN (0x4)
 *(.bss.$RESERVED*)
                0x0000000002000000                . = ALIGN (0x4)
                0x0000000002000000                _end_uninit_RESERVED = .

.data           0x0000000002000000        0x0 load address 0x0000000000001ad0
 FILL mask 0xff
                0x0000000002000000                _data = .
 *(vtable)
 *(.ramfunc*)
 *(.data*)
                0x0000000002000000                . = ALIGN (0x4)
                0x0000000002000000                _edata = .

.igot.plt       0x0000000002000000        0x0 load address 0x0000000000001ad0
 .igot.plt      0x0000000002000000        0x0 ./src/cr_startup_lpc15xx.o

.bss_RAM2       0x0000000002004000        0x0
                0x0000000002004000                . = ALIGN (0x4)
                [!provide]                        PROVIDE (__start_bss_RAM2 = .)
 *(.bss.$RAM2)
 *(.bss.$Ram1_16)
 *(.bss.$RAM2.*)
 *(.bss.$Ram1_16.*)
                0x0000000002004000                . = ALIGN ((. != 0x0)?0x4:0x1)
                [!provide]                        PROVIDE (__end_bss_RAM2 = .)

.bss_RAM3       0x0000000002008000        0x0
                0x0000000002008000                . = ALIGN (0x4)
                [!provide]                        PROVIDE (__start_bss_RAM3 = .)
 *(.bss.$RAM3)
 *(.bss.$Ram2_4)
 *(.bss.$RAM3.*)
 *(.bss.$Ram2_4.*)
                0x0000000002008000                . = ALIGN ((. != 0x0)?0x4:0x1)
                [!provide]                        PROVIDE (__end_bss_RAM3 = .)

.bss            0x0000000002000000       0x24
                0x0000000002000000                . = ALIGN (0x4)
                0x0000000002000000                _bss = .
 *(.bss*)
 .bss._ZL7counter
                0x0000000002000000        0x4 ./src/ex3.o
 .bss           0x0000000002000004       0x1c /Applications/MCUXpressoIDE_11.0.0_2516/ide/plugins/com.nxp.mcuxpresso.tools.macosx_11.0.0.201905131304/tools/bin/../lib/gcc/arm-none-eabi/8.2.1/thumb/v7-m/nofp/crtbegin.o
 *(COMMON)
 COMMON         0x0000000002000020        0x4 /Users/DucVoo/Documents/MCUXpressoIDE_11.0.0/workspace cpp/lpc_chip_15xx/Debug/liblpc_chip_15xx.a(chip_15xx.o)
                0x0000000002000020                SystemCoreClock
                0x0000000002000024                . = ALIGN (0x4)
                0x0000000002000024                _ebss = .
                [!provide]                        PROVIDE (end = .)

.noinit_RAM2    0x0000000002004000        0x0
                0x0000000002004000                . = ALIGN (0x4)
 *(.noinit.$RAM2)
 *(.noinit.$Ram1_16)
 *(.noinit.$RAM2.*)
 *(.noinit.$Ram1_16.*)
                0x0000000002004000                . = ALIGN (0x4)

.noinit_RAM3    0x0000000002008000        0x0
                0x0000000002008000                . = ALIGN (0x4)
 *(.noinit.$RAM3)
 *(.noinit.$Ram2_4)
 *(.noinit.$RAM3.*)
 *(.noinit.$Ram2_4.*)
                0x0000000002008000                . = ALIGN (0x4)

.noinit         0x0000000002000024        0x0
                0x0000000002000024                . = ALIGN (0x4)
                0x0000000002000024                _noinit = .
 *(.noinit*)
                0x0000000002000024                . = ALIGN (0x4)
                0x0000000002000024                _end_noinit = .
                0x0000000002000024                PROVIDE (_pvHeapStart = DEFINED (__user_heap_base)?__user_heap_base:.)
                0x0000000002004000                PROVIDE (_vStackTop = DEFINED (__user_stack_top)?__user_stack_top:(__top_Ram0_16 - 0x0))
                0xfffffffffdffb2e2                PROVIDE (__valid_user_code_checksum = (0x0 - ((((((_vStackTop + (ResetISR + 0x1)) + (NMI_Handler + 0x1)) + (HardFault_Handler + 0x1)) + (DEFINED (MemManage_Handler)?MemManage_Handler:0x0 + 0x1)) + (DEFINED (BusFault_Handler)?BusFault_Handler:0x0 + 0x1)) + (DEFINED (UsageFault_Handler)?UsageFault_Handler:0x0 + 0x1))))
                0x0000000000000000                _image_start = LOADADDR (.text)
                0x0000000000001ad0                _image_end = (LOADADDR (.data) + SIZEOF (.data))
                0x0000000000001ad0                _image_size = (_image_end - _image_start)
OUTPUT(lab01.axf elf32-littlearm)

.debug_info     0x0000000000000000     0x9bdb
 .debug_info    0x0000000000000000      0x2a0 ./src/cr_startup_lpc15xx.o
 .debug_info    0x00000000000002a0     0x315f ./src/ex3.o
 .debug_info    0x00000000000033ff      0x9fc ./src/sysinit.o
 .debug_info    0x0000000000003dfb      0xca8 /Users/DucVoo/Documents/MCUXpressoIDE_11.0.0/workspace cpp/lpc_board_nxp_lpcxpresso_1549/Debug/liblpc_board_nxp_lpcxpresso_1549.a(board.o)
 .debug_info    0x0000000000004aa3      0xe7d /Users/DucVoo/Documents/MCUXpressoIDE_11.0.0/workspace cpp/lpc_board_nxp_lpcxpresso_1549/Debug/liblpc_board_nxp_lpcxpresso_1549.a(board_sysinit.o)
 .debug_info    0x0000000000005920      0xa58 /Users/DucVoo/Documents/MCUXpressoIDE_11.0.0/workspace cpp/lpc_chip_15xx/Debug/liblpc_chip_15xx.a(chip_15xx.o)
 .debug_info    0x0000000000006378      0xe4e /Users/DucVoo/Documents/MCUXpressoIDE_11.0.0/workspace cpp/lpc_chip_15xx/Debug/liblpc_chip_15xx.a(clock_15xx.o)
 .debug_info    0x00000000000071c6      0x6e5 /Users/DucVoo/Documents/MCUXpressoIDE_11.0.0/workspace cpp/lpc_chip_15xx/Debug/liblpc_chip_15xx.a(gpio_15xx.o)
 .debug_info    0x00000000000078ab      0x2b0 /Users/DucVoo/Documents/MCUXpressoIDE_11.0.0/workspace cpp/lpc_chip_15xx/Debug/liblpc_chip_15xx.a(iocon_15xx.o)
 .debug_info    0x0000000000007b5b      0x6af /Users/DucVoo/Documents/MCUXpressoIDE_11.0.0/workspace cpp/lpc_chip_15xx/Debug/liblpc_chip_15xx.a(swm_15xx.o)
 .debug_info    0x000000000000820a      0x816 /Users/DucVoo/Documents/MCUXpressoIDE_11.0.0/workspace cpp/lpc_chip_15xx/Debug/liblpc_chip_15xx.a(sysctl_15xx.o)
 .debug_info    0x0000000000008a20      0x7d9 /Users/DucVoo/Documents/MCUXpressoIDE_11.0.0/workspace cpp/lpc_chip_15xx/Debug/liblpc_chip_15xx.a(sysinit_15xx.o)
 .debug_info    0x00000000000091f9      0x9e2 /Users/DucVoo/Documents/MCUXpressoIDE_11.0.0/workspace cpp/lpc_chip_15xx/Debug/liblpc_chip_15xx.a(uart_15xx.o)

.debug_abbrev   0x0000000000000000     0x1ddd
 .debug_abbrev  0x0000000000000000      0x11a ./src/cr_startup_lpc15xx.o
 .debug_abbrev  0x000000000000011a      0x6ea ./src/ex3.o
 .debug_abbrev  0x0000000000000804      0x1d9 ./src/sysinit.o
 .debug_abbrev  0x00000000000009dd      0x26e /Users/DucVoo/Documents/MCUXpressoIDE_11.0.0/workspace cpp/lpc_board_nxp_lpcxpresso_1549/Debug/liblpc_board_nxp_lpcxpresso_1549.a(board.o)
 .debug_abbrev  0x0000000000000c4b      0x27e /Users/DucVoo/Documents/MCUXpressoIDE_11.0.0/workspace cpp/lpc_board_nxp_lpcxpresso_1549/Debug/liblpc_board_nxp_lpcxpresso_1549.a(board_sysinit.o)
 .debug_abbrev  0x0000000000000ec9      0x1ff /Users/DucVoo/Documents/MCUXpressoIDE_11.0.0/workspace cpp/lpc_chip_15xx/Debug/liblpc_chip_15xx.a(chip_15xx.o)
 .debug_abbrev  0x00000000000010c8      0x2fd /Users/DucVoo/Documents/MCUXpressoIDE_11.0.0/workspace cpp/lpc_chip_15xx/Debug/liblpc_chip_15xx.a(clock_15xx.o)
 .debug_abbrev  0x00000000000013c5      0x1b6 /Users/DucVoo/Documents/MCUXpressoIDE_11.0.0/workspace cpp/lpc_chip_15xx/Debug/liblpc_chip_15xx.a(gpio_15xx.o)
 .debug_abbrev  0x000000000000157b      0x16c /Users/DucVoo/Documents/MCUXpressoIDE_11.0.0/workspace cpp/lpc_chip_15xx/Debug/liblpc_chip_15xx.a(iocon_15xx.o)
 .debug_abbrev  0x00000000000016e7      0x198 /Users/DucVoo/Documents/MCUXpressoIDE_11.0.0/workspace cpp/lpc_chip_15xx/Debug/liblpc_chip_15xx.a(swm_15xx.o)
 .debug_abbrev  0x000000000000187f      0x169 /Users/DucVoo/Documents/MCUXpressoIDE_11.0.0/workspace cpp/lpc_chip_15xx/Debug/liblpc_chip_15xx.a(sysctl_15xx.o)
 .debug_abbrev  0x00000000000019e8      0x1c5 /Users/DucVoo/Documents/MCUXpressoIDE_11.0.0/workspace cpp/lpc_chip_15xx/Debug/liblpc_chip_15xx.a(sysinit_15xx.o)
 .debug_abbrev  0x0000000000001bad      0x230 /Users/DucVoo/Documents/MCUXpressoIDE_11.0.0/workspace cpp/lpc_chip_15xx/Debug/liblpc_chip_15xx.a(uart_15xx.o)

.debug_aranges  0x0000000000000000      0x650
 .debug_aranges
                0x0000000000000000       0x80 ./src/cr_startup_lpc15xx.o
 .debug_aranges
                0x0000000000000080       0xc0 ./src/ex3.o
 .debug_aranges
                0x0000000000000140       0x20 ./src/sysinit.o
 .debug_aranges
                0x0000000000000160       0xd0 /Users/DucVoo/Documents/MCUXpressoIDE_11.0.0/workspace cpp/lpc_board_nxp_lpcxpresso_1549/Debug/liblpc_board_nxp_lpcxpresso_1549.a(board.o)
 .debug_aranges
                0x0000000000000230       0x60 /Users/DucVoo/Documents/MCUXpressoIDE_11.0.0/workspace cpp/lpc_board_nxp_lpcxpresso_1549/Debug/liblpc_board_nxp_lpcxpresso_1549.a(board_sysinit.o)
 .debug_aranges
                0x0000000000000290       0x50 /Users/DucVoo/Documents/MCUXpressoIDE_11.0.0/workspace cpp/lpc_chip_15xx/Debug/liblpc_chip_15xx.a(chip_15xx.o)
 .debug_aranges
                0x00000000000002e0      0x128 /Users/DucVoo/Documents/MCUXpressoIDE_11.0.0/workspace cpp/lpc_chip_15xx/Debug/liblpc_chip_15xx.a(clock_15xx.o)
 .debug_aranges
                0x0000000000000408       0x70 /Users/DucVoo/Documents/MCUXpressoIDE_11.0.0/workspace cpp/lpc_chip_15xx/Debug/liblpc_chip_15xx.a(gpio_15xx.o)
 .debug_aranges
                0x0000000000000478       0x28 /Users/DucVoo/Documents/MCUXpressoIDE_11.0.0/workspace cpp/lpc_chip_15xx/Debug/liblpc_chip_15xx.a(iocon_15xx.o)
 .debug_aranges
                0x00000000000004a0       0x40 /Users/DucVoo/Documents/MCUXpressoIDE_11.0.0/workspace cpp/lpc_chip_15xx/Debug/liblpc_chip_15xx.a(swm_15xx.o)
 .debug_aranges
                0x00000000000004e0       0x50 /Users/DucVoo/Documents/MCUXpressoIDE_11.0.0/workspace cpp/lpc_chip_15xx/Debug/liblpc_chip_15xx.a(sysctl_15xx.o)
 .debug_aranges
                0x0000000000000530       0x58 /Users/DucVoo/Documents/MCUXpressoIDE_11.0.0/workspace cpp/lpc_chip_15xx/Debug/liblpc_chip_15xx.a(sysinit_15xx.o)
 .debug_aranges
                0x0000000000000588       0xc8 /Users/DucVoo/Documents/MCUXpressoIDE_11.0.0/workspace cpp/lpc_chip_15xx/Debug/liblpc_chip_15xx.a(uart_15xx.o)

.debug_ranges   0x0000000000000000      0x580
 .debug_ranges  0x0000000000000000       0x70 ./src/cr_startup_lpc15xx.o
 .debug_ranges  0x0000000000000070       0xb0 ./src/ex3.o
 .debug_ranges  0x0000000000000120       0x10 ./src/sysinit.o
 .debug_ranges  0x0000000000000130       0xc0 /Users/DucVoo/Documents/MCUXpressoIDE_11.0.0/workspace cpp/lpc_board_nxp_lpcxpresso_1549/Debug/liblpc_board_nxp_lpcxpresso_1549.a(board.o)
 .debug_ranges  0x00000000000001f0       0x50 /Users/DucVoo/Documents/MCUXpressoIDE_11.0.0/workspace cpp/lpc_board_nxp_lpcxpresso_1549/Debug/liblpc_board_nxp_lpcxpresso_1549.a(board_sysinit.o)
 .debug_ranges  0x0000000000000240       0x40 /Users/DucVoo/Documents/MCUXpressoIDE_11.0.0/workspace cpp/lpc_chip_15xx/Debug/liblpc_chip_15xx.a(chip_15xx.o)
 .debug_ranges  0x0000000000000280      0x118 /Users/DucVoo/Documents/MCUXpressoIDE_11.0.0/workspace cpp/lpc_chip_15xx/Debug/liblpc_chip_15xx.a(clock_15xx.o)
 .debug_ranges  0x0000000000000398       0x60 /Users/DucVoo/Documents/MCUXpressoIDE_11.0.0/workspace cpp/lpc_chip_15xx/Debug/liblpc_chip_15xx.a(gpio_15xx.o)
 .debug_ranges  0x00000000000003f8       0x18 /Users/DucVoo/Documents/MCUXpressoIDE_11.0.0/workspace cpp/lpc_chip_15xx/Debug/liblpc_chip_15xx.a(iocon_15xx.o)
 .debug_ranges  0x0000000000000410       0x30 /Users/DucVoo/Documents/MCUXpressoIDE_11.0.0/workspace cpp/lpc_chip_15xx/Debug/liblpc_chip_15xx.a(swm_15xx.o)
 .debug_ranges  0x0000000000000440       0x40 /Users/DucVoo/Documents/MCUXpressoIDE_11.0.0/workspace cpp/lpc_chip_15xx/Debug/liblpc_chip_15xx.a(sysctl_15xx.o)
 .debug_ranges  0x0000000000000480       0x48 /Users/DucVoo/Documents/MCUXpressoIDE_11.0.0/workspace cpp/lpc_chip_15xx/Debug/liblpc_chip_15xx.a(sysinit_15xx.o)
 .debug_ranges  0x00000000000004c8       0xb8 /Users/DucVoo/Documents/MCUXpressoIDE_11.0.0/workspace cpp/lpc_chip_15xx/Debug/liblpc_chip_15xx.a(uart_15xx.o)

.debug_macro    0x0000000000000000     0x70a4
 .debug_macro   0x0000000000000000       0x23 ./src/cr_startup_lpc15xx.o
 .debug_macro   0x0000000000000023      0x45d ./src/ex3.o
 .debug_macro   0x0000000000000480       0x1c ./src/ex3.o
 .debug_macro   0x000000000000049c       0x8e ./src/ex3.o
 .debug_macro   0x000000000000052a       0x51 ./src/ex3.o
 .debug_macro   0x000000000000057b       0xef ./src/ex3.o
 .debug_macro   0x000000000000066a       0x6a ./src/ex3.o
 .debug_macro   0x00000000000006d4      0x1df ./src/ex3.o
 .debug_macro   0x00000000000008b3       0x16 ./src/ex3.o
 .debug_macro   0x00000000000008c9       0x7b ./src/ex3.o
 .debug_macro   0x0000000000000944       0x10 ./src/ex3.o
 .debug_macro   0x0000000000000954       0x2d ./src/ex3.o
 .debug_macro   0x0000000000000981       0x3a ./src/ex3.o
 .debug_macro   0x00000000000009bb       0x2d ./src/ex3.o
 .debug_macro   0x00000000000009e8      0xa7d ./src/ex3.o
 .debug_macro   0x0000000000001465      0x1b4 ./src/ex3.o
 .debug_macro   0x0000000000001619       0xca ./src/ex3.o
 .debug_macro   0x00000000000016e3       0x18 ./src/ex3.o
 .debug_macro   0x00000000000016fb       0xb2 ./src/ex3.o
 .debug_macro   0x00000000000017ad       0x70 ./src/ex3.o
 .debug_macro   0x000000000000181d       0x46 ./src/ex3.o
 .debug_macro   0x0000000000001863       0xd0 ./src/ex3.o
 .debug_macro   0x0000000000001933       0x40 ./src/ex3.o
 .debug_macro   0x0000000000001973      0x233 ./src/ex3.o
 .debug_macro   0x0000000000001ba6       0x16 ./src/ex3.o
 .debug_macro   0x0000000000001bbc       0x88 ./src/ex3.o
 .debug_macro   0x0000000000001c44       0x34 ./src/ex3.o
 .debug_macro   0x0000000000001c78       0x6a ./src/ex3.o
 .debug_macro   0x0000000000001ce2       0x40 ./src/ex3.o
 .debug_macro   0x0000000000001d22       0x1c ./src/ex3.o
 .debug_macro   0x0000000000001d3e       0x16 ./src/ex3.o
 .debug_macro   0x0000000000001d54      0x10c ./src/ex3.o
 .debug_macro   0x0000000000001e60      0x2a9 ./src/ex3.o
 .debug_macro   0x0000000000002109       0x76 ./src/ex3.o
 .debug_macro   0x000000000000217f       0x22 ./src/ex3.o
 .debug_macro   0x00000000000021a1      0x152 ./src/ex3.o
 .debug_macro   0x00000000000022f3       0x82 ./src/ex3.o
 .debug_macro   0x0000000000002375       0xe6 ./src/ex3.o
 .debug_macro   0x000000000000245b       0x3a ./src/ex3.o
 .debug_macro   0x0000000000002495       0x34 ./src/ex3.o
 .debug_macro   0x00000000000024c9       0x10 ./src/ex3.o
 .debug_macro   0x00000000000024d9       0x76 ./src/ex3.o
 .debug_macro   0x000000000000254f       0x58 ./src/ex3.o
 .debug_macro   0x00000000000025a7      0x2ca ./src/ex3.o
 .debug_macro   0x0000000000002871      0x22b ./src/ex3.o
 .debug_macro   0x0000000000002a9c       0x2e ./src/ex3.o
 .debug_macro   0x0000000000002aca       0x34 ./src/ex3.o
 .debug_macro   0x0000000000002afe       0x5e ./src/ex3.o
 .debug_macro   0x0000000000002b5c       0x16 ./src/ex3.o
 .debug_macro   0x0000000000002b72       0x97 ./src/ex3.o
 .debug_macro   0x0000000000002c09      0x104 ./src/ex3.o
 .debug_macro   0x0000000000002d0d       0x10 ./src/ex3.o
 .debug_macro   0x0000000000002d1d       0x10 ./src/ex3.o
 .debug_macro   0x0000000000002d2d       0x1c ./src/ex3.o
 .debug_macro   0x0000000000002d49       0x52 ./src/ex3.o
 .debug_macro   0x0000000000002d9b       0x40 ./src/ex3.o
 .debug_macro   0x0000000000002ddb       0x10 ./src/ex3.o
 .debug_macro   0x0000000000002deb       0x40 ./src/ex3.o
 .debug_macro   0x0000000000002e2b       0xd7 ./src/ex3.o
 .debug_macro   0x0000000000002f02       0x1c ./src/ex3.o
 .debug_macro   0x0000000000002f1e       0x3d ./src/ex3.o
 .debug_macro   0x0000000000002f5b       0x16 ./src/ex3.o
 .debug_macro   0x0000000000002f71      0x137 ./src/ex3.o
 .debug_macro   0x00000000000030a8       0x20 ./src/ex3.o
 .debug_macro   0x00000000000030c8       0x82 ./src/ex3.o
 .debug_macro   0x000000000000314a       0x46 ./src/ex3.o
 .debug_macro   0x0000000000003190       0x17 ./src/ex3.o
 .debug_macro   0x00000000000031a7       0x28 ./src/ex3.o
 .debug_macro   0x00000000000031cf       0x41 ./src/ex3.o
 .debug_macro   0x0000000000003210       0x12 ./src/ex3.o
 .debug_macro   0x0000000000003222      0x3dd ./src/sysinit.o
 .debug_macro   0x00000000000035ff       0x22 ./src/sysinit.o
 .debug_macro   0x0000000000003621      0xa7d ./src/sysinit.o
 .debug_macro   0x000000000000409e       0x34 ./src/sysinit.o
 .debug_macro   0x00000000000040d2       0x97 ./src/sysinit.o
 .debug_macro   0x0000000000004169      0x339 ./src/sysinit.o
 .debug_macro   0x00000000000044a2       0xfd ./src/sysinit.o
 .debug_macro   0x000000000000459f       0x43 ./src/sysinit.o
 .debug_macro   0x00000000000045e2      0x16f ./src/sysinit.o
 .debug_macro   0x0000000000004751      0x284 /Users/DucVoo/Documents/MCUXpressoIDE_11.0.0/workspace cpp/lpc_board_nxp_lpcxpresso_1549/Debug/liblpc_board_nxp_lpcxpresso_1549.a(board.o)
 .debug_macro   0x00000000000049d5      0xa9c /Users/DucVoo/Documents/MCUXpressoIDE_11.0.0/workspace cpp/lpc_board_nxp_lpcxpresso_1549/Debug/liblpc_board_nxp_lpcxpresso_1549.a(board.o)
 .debug_macro   0x0000000000005471       0x10 /Users/DucVoo/Documents/MCUXpressoIDE_11.0.0/workspace cpp/lpc_board_nxp_lpcxpresso_1549/Debug/liblpc_board_nxp_lpcxpresso_1549.a(board.o)
 .debug_macro   0x0000000000005481      0x12e /Users/DucVoo/Documents/MCUXpressoIDE_11.0.0/workspace cpp/lpc_board_nxp_lpcxpresso_1549/Debug/liblpc_board_nxp_lpcxpresso_1549.a(board.o)
 .debug_macro   0x00000000000055af      0x5b3 /Users/DucVoo/Documents/MCUXpressoIDE_11.0.0/workspace cpp/lpc_board_nxp_lpcxpresso_1549/Debug/liblpc_board_nxp_lpcxpresso_1549.a(board.o)
 .debug_macro   0x0000000000005b62       0x22 /Users/DucVoo/Documents/MCUXpressoIDE_11.0.0/workspace cpp/lpc_board_nxp_lpcxpresso_1549/Debug/liblpc_board_nxp_lpcxpresso_1549.a(board.o)
 .debug_macro   0x0000000000005b84       0x9a /Users/DucVoo/Documents/MCUXpressoIDE_11.0.0/workspace cpp/lpc_board_nxp_lpcxpresso_1549/Debug/liblpc_board_nxp_lpcxpresso_1549.a(board.o)
 .debug_macro   0x0000000000005c1e       0x12 /Users/DucVoo/Documents/MCUXpressoIDE_11.0.0/workspace cpp/lpc_board_nxp_lpcxpresso_1549/Debug/liblpc_board_nxp_lpcxpresso_1549.a(board.o)
 .debug_macro   0x0000000000005c30      0x288 /Users/DucVoo/Documents/MCUXpressoIDE_11.0.0/workspace cpp/lpc_board_nxp_lpcxpresso_1549/Debug/liblpc_board_nxp_lpcxpresso_1549.a(board_sysinit.o)
 .debug_macro   0x0000000000005eb8      0x239 /Users/DucVoo/Documents/MCUXpressoIDE_11.0.0/workspace cpp/lpc_chip_15xx/Debug/liblpc_chip_15xx.a(chip_15xx.o)
 .debug_macro   0x00000000000060f1      0x239 /Users/DucVoo/Documents/MCUXpressoIDE_11.0.0/workspace cpp/lpc_chip_15xx/Debug/liblpc_chip_15xx.a(clock_15xx.o)
 .debug_macro   0x000000000000632a      0x239 /Users/DucVoo/Documents/MCUXpressoIDE_11.0.0/workspace cpp/lpc_chip_15xx/Debug/liblpc_chip_15xx.a(gpio_15xx.o)
 .debug_macro   0x0000000000006563      0x239 /Users/DucVoo/Documents/MCUXpressoIDE_11.0.0/workspace cpp/lpc_chip_15xx/Debug/liblpc_chip_15xx.a(iocon_15xx.o)
 .debug_macro   0x000000000000679c      0x245 /Users/DucVoo/Documents/MCUXpressoIDE_11.0.0/workspace cpp/lpc_chip_15xx/Debug/liblpc_chip_15xx.a(swm_15xx.o)
 .debug_macro   0x00000000000069e1      0x251 /Users/DucVoo/Documents/MCUXpressoIDE_11.0.0/workspace cpp/lpc_chip_15xx/Debug/liblpc_chip_15xx.a(sysctl_15xx.o)
 .debug_macro   0x0000000000006c32      0x239 /Users/DucVoo/Documents/MCUXpressoIDE_11.0.0/workspace cpp/lpc_chip_15xx/Debug/liblpc_chip_15xx.a(sysinit_15xx.o)
 .debug_macro   0x0000000000006e6b      0x239 /Users/DucVoo/Documents/MCUXpressoIDE_11.0.0/workspace cpp/lpc_chip_15xx/Debug/liblpc_chip_15xx.a(uart_15xx.o)

.debug_line     0x0000000000000000     0x5a9d
 .debug_line    0x0000000000000000      0x172 ./src/cr_startup_lpc15xx.o
 .debug_line    0x0000000000000172      0xe82 ./src/ex3.o
 .debug_line    0x0000000000000ff4      0x7ab ./src/sysinit.o
 .debug_line    0x000000000000179f      0x86b /Users/DucVoo/Documents/MCUXpressoIDE_11.0.0/workspace cpp/lpc_board_nxp_lpcxpresso_1549/Debug/liblpc_board_nxp_lpcxpresso_1549.a(board.o)
 .debug_line    0x000000000000200a      0x6ab /Users/DucVoo/Documents/MCUXpressoIDE_11.0.0/workspace cpp/lpc_board_nxp_lpcxpresso_1549/Debug/liblpc_board_nxp_lpcxpresso_1549.a(board_sysinit.o)
 .debug_line    0x00000000000026b5      0x5a0 /Users/DucVoo/Documents/MCUXpressoIDE_11.0.0/workspace cpp/lpc_chip_15xx/Debug/liblpc_chip_15xx.a(chip_15xx.o)
 .debug_line    0x0000000000002c55      0x9c5 /Users/DucVoo/Documents/MCUXpressoIDE_11.0.0/workspace cpp/lpc_chip_15xx/Debug/liblpc_chip_15xx.a(clock_15xx.o)
 .debug_line    0x000000000000361a      0x616 /Users/DucVoo/Documents/MCUXpressoIDE_11.0.0/workspace cpp/lpc_chip_15xx/Debug/liblpc_chip_15xx.a(gpio_15xx.o)
 .debug_line    0x0000000000003c30      0x51d /Users/DucVoo/Documents/MCUXpressoIDE_11.0.0/workspace cpp/lpc_chip_15xx/Debug/liblpc_chip_15xx.a(iocon_15xx.o)
 .debug_line    0x000000000000414d      0x588 /Users/DucVoo/Documents/MCUXpressoIDE_11.0.0/workspace cpp/lpc_chip_15xx/Debug/liblpc_chip_15xx.a(swm_15xx.o)
 .debug_line    0x00000000000046d5      0x5dd /Users/DucVoo/Documents/MCUXpressoIDE_11.0.0/workspace cpp/lpc_chip_15xx/Debug/liblpc_chip_15xx.a(sysctl_15xx.o)
 .debug_line    0x0000000000004cb2      0x5e3 /Users/DucVoo/Documents/MCUXpressoIDE_11.0.0/workspace cpp/lpc_chip_15xx/Debug/liblpc_chip_15xx.a(sysinit_15xx.o)
 .debug_line    0x0000000000005295      0x808 /Users/DucVoo/Documents/MCUXpressoIDE_11.0.0/workspace cpp/lpc_chip_15xx/Debug/liblpc_chip_15xx.a(uart_15xx.o)

.debug_str      0x0000000000000000    0x1c1a1
 .debug_str     0x0000000000000000     0x33bf ./src/cr_startup_lpc15xx.o
                                       0x33e2 (size before relaxing)
 .debug_str     0x00000000000033bf    0x155e3 ./src/ex3.o
                                      0x18bad (size before relaxing)
 .debug_str     0x00000000000189a2      0x3ad ./src/sysinit.o
                                      0x13554 (size before relaxing)
 .debug_str     0x0000000000018d4f     0x1c91 /Users/DucVoo/Documents/MCUXpressoIDE_11.0.0/workspace cpp/lpc_board_nxp_lpcxpresso_1549/Debug/liblpc_board_nxp_lpcxpresso_1549.a(board.o)
                                      0x108c6 (size before relaxing)
 .debug_str     0x000000000001a9e0      0x56c /Users/DucVoo/Documents/MCUXpressoIDE_11.0.0/workspace cpp/lpc_board_nxp_lpcxpresso_1549/Debug/liblpc_board_nxp_lpcxpresso_1549.a(board_sysinit.o)
                                      0x10eb8 (size before relaxing)
 .debug_str     0x000000000001af4c       0xbb /Users/DucVoo/Documents/MCUXpressoIDE_11.0.0/workspace cpp/lpc_chip_15xx/Debug/liblpc_chip_15xx.a(chip_15xx.o)
                                      0x10565 (size before relaxing)
 .debug_str     0x000000000001b007      0x64c /Users/DucVoo/Documents/MCUXpressoIDE_11.0.0/workspace cpp/lpc_chip_15xx/Debug/liblpc_chip_15xx.a(clock_15xx.o)
                                      0x10975 (size before relaxing)
 .debug_str     0x000000000001b653       0xdf /Users/DucVoo/Documents/MCUXpressoIDE_11.0.0/workspace cpp/lpc_chip_15xx/Debug/liblpc_chip_15xx.a(gpio_15xx.o)
                                      0x10022 (size before relaxing)
 .debug_str     0x000000000001b732       0x41 /Users/DucVoo/Documents/MCUXpressoIDE_11.0.0/workspace cpp/lpc_chip_15xx/Debug/liblpc_chip_15xx.a(iocon_15xx.o)
                                       0xfb3f (size before relaxing)
 .debug_str     0x000000000001b773      0x55d /Users/DucVoo/Documents/MCUXpressoIDE_11.0.0/workspace cpp/lpc_chip_15xx/Debug/liblpc_chip_15xx.a(swm_15xx.o)
                                      0x10547 (size before relaxing)
 .debug_str     0x000000000001bcd0      0x183 /Users/DucVoo/Documents/MCUXpressoIDE_11.0.0/workspace cpp/lpc_chip_15xx/Debug/liblpc_chip_15xx.a(sysctl_15xx.o)
                                      0x1002c (size before relaxing)
 .debug_str     0x000000000001be53      0x13f /Users/DucVoo/Documents/MCUXpressoIDE_11.0.0/workspace cpp/lpc_chip_15xx/Debug/liblpc_chip_15xx.a(sysinit_15xx.o)
                                      0x1001b (size before relaxing)
 .debug_str     0x000000000001bf92      0x20f /Users/DucVoo/Documents/MCUXpressoIDE_11.0.0/workspace cpp/lpc_chip_15xx/Debug/liblpc_chip_15xx.a(uart_15xx.o)
                                      0x1017e (size before relaxing)

.comment        0x0000000000000000       0x75
 .comment       0x0000000000000000       0x75 ./src/cr_startup_lpc15xx.o
                                         0x76 (size before relaxing)
 .comment       0x0000000000000075       0x76 ./src/ex3.o
 .comment       0x0000000000000075       0x76 ./src/sysinit.o
 .comment       0x0000000000000075       0x76 /Users/DucVoo/Documents/MCUXpressoIDE_11.0.0/workspace cpp/lpc_board_nxp_lpcxpresso_1549/Debug/liblpc_board_nxp_lpcxpresso_1549.a(board.o)
 .comment       0x0000000000000075       0x76 /Users/DucVoo/Documents/MCUXpressoIDE_11.0.0/workspace cpp/lpc_board_nxp_lpcxpresso_1549/Debug/liblpc_board_nxp_lpcxpresso_1549.a(board_sysinit.o)
 .comment       0x0000000000000075       0x76 /Users/DucVoo/Documents/MCUXpressoIDE_11.0.0/workspace cpp/lpc_chip_15xx/Debug/liblpc_chip_15xx.a(chip_15xx.o)
 .comment       0x0000000000000075       0x76 /Users/DucVoo/Documents/MCUXpressoIDE_11.0.0/workspace cpp/lpc_chip_15xx/Debug/liblpc_chip_15xx.a(clock_15xx.o)
 .comment       0x0000000000000075       0x76 /Users/DucVoo/Documents/MCUXpressoIDE_11.0.0/workspace cpp/lpc_chip_15xx/Debug/liblpc_chip_15xx.a(gpio_15xx.o)
 .comment       0x0000000000000075       0x76 /Users/DucVoo/Documents/MCUXpressoIDE_11.0.0/workspace cpp/lpc_chip_15xx/Debug/liblpc_chip_15xx.a(iocon_15xx.o)
 .comment       0x0000000000000075       0x76 /Users/DucVoo/Documents/MCUXpressoIDE_11.0.0/workspace cpp/lpc_chip_15xx/Debug/liblpc_chip_15xx.a(swm_15xx.o)
 .comment       0x0000000000000075       0x76 /Users/DucVoo/Documents/MCUXpressoIDE_11.0.0/workspace cpp/lpc_chip_15xx/Debug/liblpc_chip_15xx.a(sysctl_15xx.o)
 .comment       0x0000000000000075       0x76 /Users/DucVoo/Documents/MCUXpressoIDE_11.0.0/workspace cpp/lpc_chip_15xx/Debug/liblpc_chip_15xx.a(sysinit_15xx.o)
 .comment       0x0000000000000075       0x76 /Users/DucVoo/Documents/MCUXpressoIDE_11.0.0/workspace cpp/lpc_chip_15xx/Debug/liblpc_chip_15xx.a(uart_15xx.o)

.ARM.attributes
                0x0000000000000000       0x2b
 .ARM.attributes
                0x0000000000000000       0x2d ./src/cr_startup_lpc15xx.o
 .ARM.attributes
                0x000000000000002d       0x2d ./src/ex3.o
 .ARM.attributes
                0x000000000000005a       0x2d ./src/sysinit.o
 .ARM.attributes
                0x0000000000000087       0x2d /Users/DucVoo/Documents/MCUXpressoIDE_11.0.0/workspace cpp/lpc_board_nxp_lpcxpresso_1549/Debug/liblpc_board_nxp_lpcxpresso_1549.a(board.o)
 .ARM.attributes
                0x00000000000000b4       0x2d /Users/DucVoo/Documents/MCUXpressoIDE_11.0.0/workspace cpp/lpc_board_nxp_lpcxpresso_1549/Debug/liblpc_board_nxp_lpcxpresso_1549.a(board_sysinit.o)
 .ARM.attributes
                0x00000000000000e1       0x2d /Users/DucVoo/Documents/MCUXpressoIDE_11.0.0/workspace cpp/lpc_chip_15xx/Debug/liblpc_chip_15xx.a(chip_15xx.o)
 .ARM.attributes
                0x000000000000010e       0x2d /Users/DucVoo/Documents/MCUXpressoIDE_11.0.0/workspace cpp/lpc_chip_15xx/Debug/liblpc_chip_15xx.a(clock_15xx.o)
 .ARM.attributes
                0x000000000000013b       0x2d /Users/DucVoo/Documents/MCUXpressoIDE_11.0.0/workspace cpp/lpc_chip_15xx/Debug/liblpc_chip_15xx.a(gpio_15xx.o)
 .ARM.attributes
                0x0000000000000168       0x2d /Users/DucVoo/Documents/MCUXpressoIDE_11.0.0/workspace cpp/lpc_chip_15xx/Debug/liblpc_chip_15xx.a(iocon_15xx.o)
 .ARM.attributes
                0x0000000000000195       0x2d /Users/DucVoo/Documents/MCUXpressoIDE_11.0.0/workspace cpp/lpc_chip_15xx/Debug/liblpc_chip_15xx.a(swm_15xx.o)
 .ARM.attributes
                0x00000000000001c2       0x2d /Users/DucVoo/Documents/MCUXpressoIDE_11.0.0/workspace cpp/lpc_chip_15xx/Debug/liblpc_chip_15xx.a(sysctl_15xx.o)
 .ARM.attributes
                0x00000000000001ef       0x2d /Users/DucVoo/Documents/MCUXpressoIDE_11.0.0/workspace cpp/lpc_chip_15xx/Debug/liblpc_chip_15xx.a(sysinit_15xx.o)
 .ARM.attributes
                0x000000000000021c       0x2d /Users/DucVoo/Documents/MCUXpressoIDE_11.0.0/workspace cpp/lpc_chip_15xx/Debug/liblpc_chip_15xx.a(uart_15xx.o)
 .ARM.attributes
                0x0000000000000249       0x1d /Applications/MCUXpressoIDE_11.0.0_2516/ide/plugins/com.nxp.mcuxpresso.tools.macosx_11.0.0.201905131304/tools/bin/../lib/gcc/arm-none-eabi/8.2.1/thumb/v7-m/nofp/libgcc.a(_aeabi_uldivmod.o)
 .ARM.attributes
                0x0000000000000266       0x2d /Applications/MCUXpressoIDE_11.0.0_2516/ide/plugins/com.nxp.mcuxpresso.tools.macosx_11.0.0.201905131304/tools/bin/../lib/gcc/arm-none-eabi/8.2.1/thumb/v7-m/nofp/libgcc.a(_udivmoddi4.o)
 .ARM.attributes
                0x0000000000000293       0x1d /Applications/MCUXpressoIDE_11.0.0_2516/ide/plugins/com.nxp.mcuxpresso.tools.macosx_11.0.0.201905131304/tools/bin/../lib/gcc/arm-none-eabi/8.2.1/thumb/v7-m/nofp/libgcc.a(_dvmd_tls.o)
 .ARM.attributes
                0x00000000000002b0       0x2d /Applications/MCUXpressoIDE_11.0.0_2516/ide/plugins/com.nxp.mcuxpresso.tools.macosx_11.0.0.201905131304/tools/bin/../lib/gcc/arm-none-eabi/8.2.1/../../../../arm-none-eabi/lib/thumb/v7-m/nofp/libc.a(lib_a-init.o)
 .ARM.attributes
                0x00000000000002dd       0x1d /Applications/MCUXpressoIDE_11.0.0_2516/ide/plugins/com.nxp.mcuxpresso.tools.macosx_11.0.0.201905131304/tools/bin/../lib/gcc/arm-none-eabi/8.2.1/thumb/v7-m/nofp/crti.o
 .ARM.attributes
                0x00000000000002fa       0x1d /Applications/MCUXpressoIDE_11.0.0_2516/ide/plugins/com.nxp.mcuxpresso.tools.macosx_11.0.0.201905131304/tools/bin/../lib/gcc/arm-none-eabi/8.2.1/thumb/v7-m/nofp/crtn.o
 .ARM.attributes
                0x0000000000000317       0x2d /Applications/MCUXpressoIDE_11.0.0_2516/ide/plugins/com.nxp.mcuxpresso.tools.macosx_11.0.0.201905131304/tools/bin/../lib/gcc/arm-none-eabi/8.2.1/thumb/v7-m/nofp/crtbegin.o

.debug_frame    0x0000000000000000     0x180c
 .debug_frame   0x0000000000000000      0x170 ./src/cr_startup_lpc15xx.o
 .debug_frame   0x0000000000000170      0x31c ./src/ex3.o
 .debug_frame   0x000000000000048c       0x2c ./src/sysinit.o
 .debug_frame   0x00000000000004b8      0x360 /Users/DucVoo/Documents/MCUXpressoIDE_11.0.0/workspace cpp/lpc_board_nxp_lpcxpresso_1549/Debug/liblpc_board_nxp_lpcxpresso_1549.a(board.o)
 .debug_frame   0x0000000000000818      0x14c /Users/DucVoo/Documents/MCUXpressoIDE_11.0.0/workspace cpp/lpc_board_nxp_lpcxpresso_1549/Debug/liblpc_board_nxp_lpcxpresso_1549.a(board_sysinit.o)
 .debug_frame   0x0000000000000964      0x104 /Users/DucVoo/Documents/MCUXpressoIDE_11.0.0/workspace cpp/lpc_chip_15xx/Debug/liblpc_chip_15xx.a(chip_15xx.o)
 .debug_frame   0x0000000000000a68      0x4b0 /Users/DucVoo/Documents/MCUXpressoIDE_11.0.0/workspace cpp/lpc_chip_15xx/Debug/liblpc_chip_15xx.a(clock_15xx.o)
 .debug_frame   0x0000000000000f18      0x1b4 /Users/DucVoo/Documents/MCUXpressoIDE_11.0.0/workspace cpp/lpc_chip_15xx/Debug/liblpc_chip_15xx.a(gpio_15xx.o)
 .debug_frame   0x00000000000010cc       0x5c /Users/DucVoo/Documents/MCUXpressoIDE_11.0.0/workspace cpp/lpc_chip_15xx/Debug/liblpc_chip_15xx.a(iocon_15xx.o)
 .debug_frame   0x0000000000001128       0xd4 /Users/DucVoo/Documents/MCUXpressoIDE_11.0.0/workspace cpp/lpc_chip_15xx/Debug/liblpc_chip_15xx.a(swm_15xx.o)
 .debug_frame   0x00000000000011fc      0x120 /Users/DucVoo/Documents/MCUXpressoIDE_11.0.0/workspace cpp/lpc_chip_15xx/Debug/liblpc_chip_15xx.a(sysctl_15xx.o)
 .debug_frame   0x000000000000131c      0x124 /Users/DucVoo/Documents/MCUXpressoIDE_11.0.0/workspace cpp/lpc_chip_15xx/Debug/liblpc_chip_15xx.a(sysinit_15xx.o)
 .debug_frame   0x0000000000001440      0x340 /Users/DucVoo/Documents/MCUXpressoIDE_11.0.0/workspace cpp/lpc_chip_15xx/Debug/liblpc_chip_15xx.a(uart_15xx.o)
 .debug_frame   0x0000000000001780       0x2c /Applications/MCUXpressoIDE_11.0.0_2516/ide/plugins/com.nxp.mcuxpresso.tools.macosx_11.0.0.201905131304/tools/bin/../lib/gcc/arm-none-eabi/8.2.1/thumb/v7-m/nofp/libgcc.a(_aeabi_uldivmod.o)
 .debug_frame   0x00000000000017ac       0x34 /Applications/MCUXpressoIDE_11.0.0_2516/ide/plugins/com.nxp.mcuxpresso.tools.macosx_11.0.0.201905131304/tools/bin/../lib/gcc/arm-none-eabi/8.2.1/thumb/v7-m/nofp/libgcc.a(_udivmoddi4.o)
 .debug_frame   0x00000000000017e0       0x2c /Applications/MCUXpressoIDE_11.0.0_2516/ide/plugins/com.nxp.mcuxpresso.tools.macosx_11.0.0.201905131304/tools/bin/../lib/gcc/arm-none-eabi/8.2.1/../../../../arm-none-eabi/lib/thumb/v7-m/nofp/libc.a(lib_a-init.o)

Cross Reference Table

Symbol                                            File
ACMP0_IRQHandler                                  ./src/cr_startup_lpc15xx.o
ACMP1_IRQHandler                                  ./src/cr_startup_lpc15xx.o
ACMP2_IRQHandler                                  ./src/cr_startup_lpc15xx.o
ACMP3_IRQHandler                                  ./src/cr_startup_lpc15xx.o
ADC0A_IRQHandler                                  ./src/cr_startup_lpc15xx.o
ADC0B_IRQHandler                                  ./src/cr_startup_lpc15xx.o
ADC0_OVR_IRQHandler                               ./src/cr_startup_lpc15xx.o
ADC0_THCMP_IRQHandler                             ./src/cr_startup_lpc15xx.o
ADC1A_IRQHandler                                  ./src/cr_startup_lpc15xx.o
ADC1B_IRQHandler                                  ./src/cr_startup_lpc15xx.o
ADC1_OVR_IRQHandler                               ./src/cr_startup_lpc15xx.o
ADC1_THCMP_IRQHandler                             ./src/cr_startup_lpc15xx.o
BOD_IRQHandler                                    ./src/cr_startup_lpc15xx.o
Board_Debug_Init                                  /Users/DucVoo/Documents/MCUXpressoIDE_11.0.0/workspace cpp/lpc_board_nxp_lpcxpresso_1549/Debug/liblpc_board_nxp_lpcxpresso_1549.a(board.o)
Board_Init                                        /Users/DucVoo/Documents/MCUXpressoIDE_11.0.0/workspace cpp/lpc_board_nxp_lpcxpresso_1549/Debug/liblpc_board_nxp_lpcxpresso_1549.a(board.o)
                                                  ./src/ex3.o
Board_Joystick_Init                               /Users/DucVoo/Documents/MCUXpressoIDE_11.0.0/workspace cpp/lpc_board_nxp_lpcxpresso_1549/Debug/liblpc_board_nxp_lpcxpresso_1549.a(board.o)
Board_LED_Set                                     /Users/DucVoo/Documents/MCUXpressoIDE_11.0.0/workspace cpp/lpc_board_nxp_lpcxpresso_1549/Debug/liblpc_board_nxp_lpcxpresso_1549.a(board.o)
Board_LED_Test                                    /Users/DucVoo/Documents/MCUXpressoIDE_11.0.0/workspace cpp/lpc_board_nxp_lpcxpresso_1549/Debug/liblpc_board_nxp_lpcxpresso_1549.a(board.o)
Board_LED_Toggle                                  /Users/DucVoo/Documents/MCUXpressoIDE_11.0.0/workspace cpp/lpc_board_nxp_lpcxpresso_1549/Debug/liblpc_board_nxp_lpcxpresso_1549.a(board.o)
Board_SetupClocking                               /Users/DucVoo/Documents/MCUXpressoIDE_11.0.0/workspace cpp/lpc_board_nxp_lpcxpresso_1549/Debug/liblpc_board_nxp_lpcxpresso_1549.a(board_sysinit.o)
Board_SetupMuxing                                 /Users/DucVoo/Documents/MCUXpressoIDE_11.0.0/workspace cpp/lpc_board_nxp_lpcxpresso_1549/Debug/liblpc_board_nxp_lpcxpresso_1549.a(board_sysinit.o)
Board_SystemInit                                  /Users/DucVoo/Documents/MCUXpressoIDE_11.0.0/workspace cpp/lpc_board_nxp_lpcxpresso_1549/Debug/liblpc_board_nxp_lpcxpresso_1549.a(board_sysinit.o)
                                                  ./src/sysinit.o
Board_UARTGetChar                                 /Users/DucVoo/Documents/MCUXpressoIDE_11.0.0/workspace cpp/lpc_board_nxp_lpcxpresso_1549/Debug/liblpc_board_nxp_lpcxpresso_1549.a(board.o)
Board_UARTPutChar                                 /Users/DucVoo/Documents/MCUXpressoIDE_11.0.0/workspace cpp/lpc_board_nxp_lpcxpresso_1549/Debug/liblpc_board_nxp_lpcxpresso_1549.a(board.o)
Board_UARTPutSTR                                  /Users/DucVoo/Documents/MCUXpressoIDE_11.0.0/workspace cpp/lpc_board_nxp_lpcxpresso_1549/Debug/liblpc_board_nxp_lpcxpresso_1549.a(board.o)
BusFault_Handler                                  ./src/cr_startup_lpc15xx.o
CAN_IRQHandler                                    ./src/cr_startup_lpc15xx.o
CRP_WORD                                          ./src/crp.o
Chip_Clock_DisablePeriphClock                     /Users/DucVoo/Documents/MCUXpressoIDE_11.0.0/workspace cpp/lpc_chip_15xx/Debug/liblpc_chip_15xx.a(clock_15xx.o)
                                                  /Users/DucVoo/Documents/MCUXpressoIDE_11.0.0/workspace cpp/lpc_chip_15xx/Debug/liblpc_chip_15xx.a(uart_15xx.o)
                                                  /Users/DucVoo/Documents/MCUXpressoIDE_11.0.0/workspace cpp/lpc_chip_15xx/Debug/liblpc_chip_15xx.a(gpio_15xx.o)
Chip_Clock_EnablePeriphClock                      /Users/DucVoo/Documents/MCUXpressoIDE_11.0.0/workspace cpp/lpc_chip_15xx/Debug/liblpc_chip_15xx.a(clock_15xx.o)
                                                  /Users/DucVoo/Documents/MCUXpressoIDE_11.0.0/workspace cpp/lpc_chip_15xx/Debug/liblpc_chip_15xx.a(uart_15xx.o)
                                                  /Users/DucVoo/Documents/MCUXpressoIDE_11.0.0/workspace cpp/lpc_chip_15xx/Debug/liblpc_chip_15xx.a(gpio_15xx.o)
                                                  /Users/DucVoo/Documents/MCUXpressoIDE_11.0.0/workspace cpp/lpc_chip_15xx/Debug/liblpc_chip_15xx.a(chip_15xx.o)
                                                  /Users/DucVoo/Documents/MCUXpressoIDE_11.0.0/workspace cpp/lpc_board_nxp_lpcxpresso_1549/Debug/liblpc_board_nxp_lpcxpresso_1549.a(board_sysinit.o)
Chip_Clock_GetADCASYNCRate                        /Users/DucVoo/Documents/MCUXpressoIDE_11.0.0/workspace cpp/lpc_chip_15xx/Debug/liblpc_chip_15xx.a(clock_15xx.o)
Chip_Clock_GetMainClockRate                       /Users/DucVoo/Documents/MCUXpressoIDE_11.0.0/workspace cpp/lpc_chip_15xx/Debug/liblpc_chip_15xx.a(clock_15xx.o)
                                                  /Users/DucVoo/Documents/MCUXpressoIDE_11.0.0/workspace cpp/lpc_board_nxp_lpcxpresso_1549/Debug/liblpc_board_nxp_lpcxpresso_1549.a(board.o)
Chip_Clock_GetMainClockSource                     /Users/DucVoo/Documents/MCUXpressoIDE_11.0.0/workspace cpp/lpc_chip_15xx/Debug/liblpc_chip_15xx.a(clock_15xx.o)
Chip_Clock_GetMain_A_ClockRate                    /Users/DucVoo/Documents/MCUXpressoIDE_11.0.0/workspace cpp/lpc_chip_15xx/Debug/liblpc_chip_15xx.a(clock_15xx.o)
Chip_Clock_GetMain_B_ClockRate                    /Users/DucVoo/Documents/MCUXpressoIDE_11.0.0/workspace cpp/lpc_chip_15xx/Debug/liblpc_chip_15xx.a(clock_15xx.o)
Chip_Clock_GetSCTPLLInClockRate                   /Users/DucVoo/Documents/MCUXpressoIDE_11.0.0/workspace cpp/lpc_chip_15xx/Debug/liblpc_chip_15xx.a(clock_15xx.o)
Chip_Clock_GetSCTPLLOutClockRate                  /Users/DucVoo/Documents/MCUXpressoIDE_11.0.0/workspace cpp/lpc_chip_15xx/Debug/liblpc_chip_15xx.a(clock_15xx.o)
Chip_Clock_GetSysTickClockRate                    /Users/DucVoo/Documents/MCUXpressoIDE_11.0.0/workspace cpp/lpc_chip_15xx/Debug/liblpc_chip_15xx.a(clock_15xx.o)
                                                  ./src/ex3.o
Chip_Clock_GetSystemClockRate                     /Users/DucVoo/Documents/MCUXpressoIDE_11.0.0/workspace cpp/lpc_chip_15xx/Debug/liblpc_chip_15xx.a(clock_15xx.o)
                                                  /Users/DucVoo/Documents/MCUXpressoIDE_11.0.0/workspace cpp/lpc_chip_15xx/Debug/liblpc_chip_15xx.a(chip_15xx.o)
Chip_Clock_GetSystemPLLInClockRate                /Users/DucVoo/Documents/MCUXpressoIDE_11.0.0/workspace cpp/lpc_chip_15xx/Debug/liblpc_chip_15xx.a(clock_15xx.o)
Chip_Clock_GetSystemPLLOutClockRate               /Users/DucVoo/Documents/MCUXpressoIDE_11.0.0/workspace cpp/lpc_chip_15xx/Debug/liblpc_chip_15xx.a(clock_15xx.o)
Chip_Clock_GetUARTBaseClockRate                   /Users/DucVoo/Documents/MCUXpressoIDE_11.0.0/workspace cpp/lpc_chip_15xx/Debug/liblpc_chip_15xx.a(clock_15xx.o)
                                                  /Users/DucVoo/Documents/MCUXpressoIDE_11.0.0/workspace cpp/lpc_chip_15xx/Debug/liblpc_chip_15xx.a(uart_15xx.o)
Chip_Clock_GetUSBPLLInClockRate                   /Users/DucVoo/Documents/MCUXpressoIDE_11.0.0/workspace cpp/lpc_chip_15xx/Debug/liblpc_chip_15xx.a(clock_15xx.o)
Chip_Clock_GetUSBPLLOutClockRate                  /Users/DucVoo/Documents/MCUXpressoIDE_11.0.0/workspace cpp/lpc_chip_15xx/Debug/liblpc_chip_15xx.a(clock_15xx.o)
Chip_Clock_SetCLKOUTSource                        /Users/DucVoo/Documents/MCUXpressoIDE_11.0.0/workspace cpp/lpc_chip_15xx/Debug/liblpc_chip_15xx.a(clock_15xx.o)
Chip_Clock_SetMainClockSource                     /Users/DucVoo/Documents/MCUXpressoIDE_11.0.0/workspace cpp/lpc_chip_15xx/Debug/liblpc_chip_15xx.a(clock_15xx.o)
                                                  /Users/DucVoo/Documents/MCUXpressoIDE_11.0.0/workspace cpp/lpc_chip_15xx/Debug/liblpc_chip_15xx.a(sysinit_15xx.o)
Chip_Clock_SetPLLBypass                           /Users/DucVoo/Documents/MCUXpressoIDE_11.0.0/workspace cpp/lpc_chip_15xx/Debug/liblpc_chip_15xx.a(clock_15xx.o)
Chip_Clock_SetUARTBaseClockRate                   /Users/DucVoo/Documents/MCUXpressoIDE_11.0.0/workspace cpp/lpc_chip_15xx/Debug/liblpc_chip_15xx.a(clock_15xx.o)
                                                  /Users/DucVoo/Documents/MCUXpressoIDE_11.0.0/workspace cpp/lpc_board_nxp_lpcxpresso_1549/Debug/liblpc_board_nxp_lpcxpresso_1549.a(board.o)
Chip_GPIO_DeInit                                  /Users/DucVoo/Documents/MCUXpressoIDE_11.0.0/workspace cpp/lpc_chip_15xx/Debug/liblpc_chip_15xx.a(gpio_15xx.o)
Chip_GPIO_Init                                    /Users/DucVoo/Documents/MCUXpressoIDE_11.0.0/workspace cpp/lpc_chip_15xx/Debug/liblpc_chip_15xx.a(gpio_15xx.o)
                                                  /Users/DucVoo/Documents/MCUXpressoIDE_11.0.0/workspace cpp/lpc_board_nxp_lpcxpresso_1549/Debug/liblpc_board_nxp_lpcxpresso_1549.a(board.o)
Chip_GPIO_SetDir                                  /Users/DucVoo/Documents/MCUXpressoIDE_11.0.0/workspace cpp/lpc_chip_15xx/Debug/liblpc_chip_15xx.a(gpio_15xx.o)
Chip_GPIO_SetPinDIR                               /Users/DucVoo/Documents/MCUXpressoIDE_11.0.0/workspace cpp/lpc_chip_15xx/Debug/liblpc_chip_15xx.a(gpio_15xx.o)
Chip_GPIO_SetPortDIR                              /Users/DucVoo/Documents/MCUXpressoIDE_11.0.0/workspace cpp/lpc_chip_15xx/Debug/liblpc_chip_15xx.a(gpio_15xx.o)
Chip_GPIO_WriteDirBit                             /Users/DucVoo/Documents/MCUXpressoIDE_11.0.0/workspace cpp/lpc_chip_15xx/Debug/liblpc_chip_15xx.a(gpio_15xx.o)
Chip_IOCON_SetPinMuxing                           /Users/DucVoo/Documents/MCUXpressoIDE_11.0.0/workspace cpp/lpc_chip_15xx/Debug/liblpc_chip_15xx.a(iocon_15xx.o)
                                                  /Users/DucVoo/Documents/MCUXpressoIDE_11.0.0/workspace cpp/lpc_board_nxp_lpcxpresso_1549/Debug/liblpc_board_nxp_lpcxpresso_1549.a(board_sysinit.o)
Chip_SWM_DisableFixedPin                          /Users/DucVoo/Documents/MCUXpressoIDE_11.0.0/workspace cpp/lpc_chip_15xx/Debug/liblpc_chip_15xx.a(swm_15xx.o)
Chip_SWM_EnableFixedPin                           /Users/DucVoo/Documents/MCUXpressoIDE_11.0.0/workspace cpp/lpc_chip_15xx/Debug/liblpc_chip_15xx.a(swm_15xx.o)
Chip_SWM_FixedPinEnable                           /Users/DucVoo/Documents/MCUXpressoIDE_11.0.0/workspace cpp/lpc_chip_15xx/Debug/liblpc_chip_15xx.a(swm_15xx.o)
Chip_SWM_IsFixedPinEnabled                        /Users/DucVoo/Documents/MCUXpressoIDE_11.0.0/workspace cpp/lpc_chip_15xx/Debug/liblpc_chip_15xx.a(swm_15xx.o)
Chip_SWM_MovablePinAssign                         /Users/DucVoo/Documents/MCUXpressoIDE_11.0.0/workspace cpp/lpc_chip_15xx/Debug/liblpc_chip_15xx.a(swm_15xx.o)
                                                  /Users/DucVoo/Documents/MCUXpressoIDE_11.0.0/workspace cpp/lpc_board_nxp_lpcxpresso_1549/Debug/liblpc_board_nxp_lpcxpresso_1549.a(board_sysinit.o)
                                                  /Users/DucVoo/Documents/MCUXpressoIDE_11.0.0/workspace cpp/lpc_board_nxp_lpcxpresso_1549/Debug/liblpc_board_nxp_lpcxpresso_1549.a(board.o)
Chip_SYSCTL_AssertPeriphReset                     /Users/DucVoo/Documents/MCUXpressoIDE_11.0.0/workspace cpp/lpc_chip_15xx/Debug/liblpc_chip_15xx.a(sysctl_15xx.o)
                                                  /Users/DucVoo/Documents/MCUXpressoIDE_11.0.0/workspace cpp/lpc_chip_15xx/Debug/liblpc_chip_15xx.a(uart_15xx.o)
                                                  /Users/DucVoo/Documents/MCUXpressoIDE_11.0.0/workspace cpp/lpc_chip_15xx/Debug/liblpc_chip_15xx.a(gpio_15xx.o)
                                                  /Users/DucVoo/Documents/MCUXpressoIDE_11.0.0/workspace cpp/lpc_chip_15xx/Debug/liblpc_chip_15xx.a(chip_15xx.o)
                                                  /Users/DucVoo/Documents/MCUXpressoIDE_11.0.0/workspace cpp/lpc_board_nxp_lpcxpresso_1549/Debug/liblpc_board_nxp_lpcxpresso_1549.a(board_sysinit.o)
Chip_SYSCTL_DeassertPeriphReset                   /Users/DucVoo/Documents/MCUXpressoIDE_11.0.0/workspace cpp/lpc_chip_15xx/Debug/liblpc_chip_15xx.a(sysctl_15xx.o)
                                                  /Users/DucVoo/Documents/MCUXpressoIDE_11.0.0/workspace cpp/lpc_chip_15xx/Debug/liblpc_chip_15xx.a(uart_15xx.o)
                                                  /Users/DucVoo/Documents/MCUXpressoIDE_11.0.0/workspace cpp/lpc_chip_15xx/Debug/liblpc_chip_15xx.a(gpio_15xx.o)
                                                  /Users/DucVoo/Documents/MCUXpressoIDE_11.0.0/workspace cpp/lpc_chip_15xx/Debug/liblpc_chip_15xx.a(chip_15xx.o)
                                                  /Users/DucVoo/Documents/MCUXpressoIDE_11.0.0/workspace cpp/lpc_board_nxp_lpcxpresso_1549/Debug/liblpc_board_nxp_lpcxpresso_1549.a(board_sysinit.o)
Chip_SYSCTL_GetCompFreqMeas                       /Users/DucVoo/Documents/MCUXpressoIDE_11.0.0/workspace cpp/lpc_chip_15xx/Debug/liblpc_chip_15xx.a(sysctl_15xx.o)
Chip_SYSCTL_PowerDown                             /Users/DucVoo/Documents/MCUXpressoIDE_11.0.0/workspace cpp/lpc_chip_15xx/Debug/liblpc_chip_15xx.a(sysctl_15xx.o)
                                                  /Users/DucVoo/Documents/MCUXpressoIDE_11.0.0/workspace cpp/lpc_chip_15xx/Debug/liblpc_chip_15xx.a(sysinit_15xx.o)
Chip_SYSCTL_PowerUp                               /Users/DucVoo/Documents/MCUXpressoIDE_11.0.0/workspace cpp/lpc_chip_15xx/Debug/liblpc_chip_15xx.a(sysctl_15xx.o)
                                                  /Users/DucVoo/Documents/MCUXpressoIDE_11.0.0/workspace cpp/lpc_chip_15xx/Debug/liblpc_chip_15xx.a(sysinit_15xx.o)
                                                  /Users/DucVoo/Documents/MCUXpressoIDE_11.0.0/workspace cpp/lpc_chip_15xx/Debug/liblpc_chip_15xx.a(chip_15xx.o)
                                                  /Users/DucVoo/Documents/MCUXpressoIDE_11.0.0/workspace cpp/lpc_board_nxp_lpcxpresso_1549/Debug/liblpc_board_nxp_lpcxpresso_1549.a(board_sysinit.o)
Chip_SYSCTL_SetWakeup                             /Users/DucVoo/Documents/MCUXpressoIDE_11.0.0/workspace cpp/lpc_chip_15xx/Debug/liblpc_chip_15xx.a(sysctl_15xx.o)
Chip_SetupIrcClocking                             /Users/DucVoo/Documents/MCUXpressoIDE_11.0.0/workspace cpp/lpc_chip_15xx/Debug/liblpc_chip_15xx.a(sysinit_15xx.o)
Chip_SetupXtalClocking                            /Users/DucVoo/Documents/MCUXpressoIDE_11.0.0/workspace cpp/lpc_chip_15xx/Debug/liblpc_chip_15xx.a(sysinit_15xx.o)
                                                  /Users/DucVoo/Documents/MCUXpressoIDE_11.0.0/workspace cpp/lpc_board_nxp_lpcxpresso_1549/Debug/liblpc_board_nxp_lpcxpresso_1549.a(board_sysinit.o)
Chip_SystemInit                                   /Users/DucVoo/Documents/MCUXpressoIDE_11.0.0/workspace cpp/lpc_chip_15xx/Debug/liblpc_chip_15xx.a(sysinit_15xx.o)
Chip_UART_DeInit                                  /Users/DucVoo/Documents/MCUXpressoIDE_11.0.0/workspace cpp/lpc_chip_15xx/Debug/liblpc_chip_15xx.a(uart_15xx.o)
Chip_UART_IRQRBHandler                            /Users/DucVoo/Documents/MCUXpressoIDE_11.0.0/workspace cpp/lpc_chip_15xx/Debug/liblpc_chip_15xx.a(uart_15xx.o)
Chip_UART_Init                                    /Users/DucVoo/Documents/MCUXpressoIDE_11.0.0/workspace cpp/lpc_chip_15xx/Debug/liblpc_chip_15xx.a(uart_15xx.o)
                                                  /Users/DucVoo/Documents/MCUXpressoIDE_11.0.0/workspace cpp/lpc_board_nxp_lpcxpresso_1549/Debug/liblpc_board_nxp_lpcxpresso_1549.a(board.o)
Chip_UART_RXIntHandlerRB                          /Users/DucVoo/Documents/MCUXpressoIDE_11.0.0/workspace cpp/lpc_chip_15xx/Debug/liblpc_chip_15xx.a(uart_15xx.o)
Chip_UART_Read                                    /Users/DucVoo/Documents/MCUXpressoIDE_11.0.0/workspace cpp/lpc_chip_15xx/Debug/liblpc_chip_15xx.a(uart_15xx.o)
                                                  /Users/DucVoo/Documents/MCUXpressoIDE_11.0.0/workspace cpp/lpc_board_nxp_lpcxpresso_1549/Debug/liblpc_board_nxp_lpcxpresso_1549.a(board.o)
Chip_UART_ReadBlocking                            /Users/DucVoo/Documents/MCUXpressoIDE_11.0.0/workspace cpp/lpc_chip_15xx/Debug/liblpc_chip_15xx.a(uart_15xx.o)
Chip_UART_ReadRB                                  /Users/DucVoo/Documents/MCUXpressoIDE_11.0.0/workspace cpp/lpc_chip_15xx/Debug/liblpc_chip_15xx.a(uart_15xx.o)
Chip_UART_Send                                    /Users/DucVoo/Documents/MCUXpressoIDE_11.0.0/workspace cpp/lpc_chip_15xx/Debug/liblpc_chip_15xx.a(uart_15xx.o)
Chip_UART_SendBlocking                            /Users/DucVoo/Documents/MCUXpressoIDE_11.0.0/workspace cpp/lpc_chip_15xx/Debug/liblpc_chip_15xx.a(uart_15xx.o)
                                                  /Users/DucVoo/Documents/MCUXpressoIDE_11.0.0/workspace cpp/lpc_board_nxp_lpcxpresso_1549/Debug/liblpc_board_nxp_lpcxpresso_1549.a(board.o)
Chip_UART_SendRB                                  /Users/DucVoo/Documents/MCUXpressoIDE_11.0.0/workspace cpp/lpc_chip_15xx/Debug/liblpc_chip_15xx.a(uart_15xx.o)
Chip_UART_SetBaud                                 /Users/DucVoo/Documents/MCUXpressoIDE_11.0.0/workspace cpp/lpc_chip_15xx/Debug/liblpc_chip_15xx.a(uart_15xx.o)
                                                  /Users/DucVoo/Documents/MCUXpressoIDE_11.0.0/workspace cpp/lpc_board_nxp_lpcxpresso_1549/Debug/liblpc_board_nxp_lpcxpresso_1549.a(board.o)
Chip_UART_SetBaudWithRTC32K                       /Users/DucVoo/Documents/MCUXpressoIDE_11.0.0/workspace cpp/lpc_chip_15xx/Debug/liblpc_chip_15xx.a(uart_15xx.o)
Chip_UART_TXIntHandlerRB                          /Users/DucVoo/Documents/MCUXpressoIDE_11.0.0/workspace cpp/lpc_chip_15xx/Debug/liblpc_chip_15xx.a(uart_15xx.o)
Chip_USB_Init                                     /Users/DucVoo/Documents/MCUXpressoIDE_11.0.0/workspace cpp/lpc_chip_15xx/Debug/liblpc_chip_15xx.a(chip_15xx.o)
DAC_IRQHandler                                    ./src/cr_startup_lpc15xx.o
DMA_IRQHandler                                    ./src/cr_startup_lpc15xx.o
DebugMon_Handler                                  ./src/cr_startup_lpc15xx.o
Dice::Dice()                                      ./src/ex3.o
Dice::Dice()                                      ./src/ex3.o
Dice::Show(int)                                   ./src/ex3.o
EEPROM_IRQHandler                                 ./src/cr_startup_lpc15xx.o
FMC_IRQHandler                                    ./src/cr_startup_lpc15xx.o
GINT0_IRQHandler                                  ./src/cr_startup_lpc15xx.o
GINT1_IRQHandler                                  ./src/cr_startup_lpc15xx.o
HardFault_Handler                                 ./src/cr_startup_lpc15xx.o
I2C0_IRQHandler                                   ./src/cr_startup_lpc15xx.o
IntDefaultHandler                                 ./src/cr_startup_lpc15xx.o
Joystick_GetStatus                                /Users/DucVoo/Documents/MCUXpressoIDE_11.0.0/workspace cpp/lpc_board_nxp_lpcxpresso_1549/Debug/liblpc_board_nxp_lpcxpresso_1549.a(board.o)
MRT_IRQHandler                                    ./src/cr_startup_lpc15xx.o
MemManage_Handler                                 ./src/cr_startup_lpc15xx.o
NMI_Handler                                       ./src/cr_startup_lpc15xx.o
OscRateIn                                         /Users/DucVoo/Documents/MCUXpressoIDE_11.0.0/workspace cpp/lpc_board_nxp_lpcxpresso_1549/Debug/liblpc_board_nxp_lpcxpresso_1549.a(board.o)
                                                  /Users/DucVoo/Documents/MCUXpressoIDE_11.0.0/workspace cpp/lpc_chip_15xx/Debug/liblpc_chip_15xx.a(clock_15xx.o)
PIN_INT0_IRQHandler                               ./src/cr_startup_lpc15xx.o
PIN_INT1_IRQHandler                               ./src/cr_startup_lpc15xx.o
PIN_INT2_IRQHandler                               ./src/cr_startup_lpc15xx.o
PIN_INT3_IRQHandler                               ./src/cr_startup_lpc15xx.o
PIN_INT4_IRQHandler                               ./src/cr_startup_lpc15xx.o
PIN_INT5_IRQHandler                               ./src/cr_startup_lpc15xx.o
PIN_INT6_IRQHandler                               ./src/cr_startup_lpc15xx.o
PIN_INT7_IRQHandler                               ./src/cr_startup_lpc15xx.o
PendSV_Handler                                    ./src/cr_startup_lpc15xx.o
QEI_IRQHandler                                    ./src/cr_startup_lpc15xx.o
RIT_IRQHandler                                    ./src/cr_startup_lpc15xx.o
RTCOscRateIn                                      /Users/DucVoo/Documents/MCUXpressoIDE_11.0.0/workspace cpp/lpc_board_nxp_lpcxpresso_1549/Debug/liblpc_board_nxp_lpcxpresso_1549.a(board.o)
                                                  /Users/DucVoo/Documents/MCUXpressoIDE_11.0.0/workspace cpp/lpc_chip_15xx/Debug/liblpc_chip_15xx.a(uart_15xx.o)
                                                  /Users/DucVoo/Documents/MCUXpressoIDE_11.0.0/workspace cpp/lpc_chip_15xx/Debug/liblpc_chip_15xx.a(clock_15xx.o)
RTC_ALARM_IRQHandler                              ./src/cr_startup_lpc15xx.o
RTC_WAKE_IRQHandler                               ./src/cr_startup_lpc15xx.o
ResetISR                                          ./src/cr_startup_lpc15xx.o
RingBuffer_Init                                   /Users/DucVoo/Documents/MCUXpressoIDE_11.0.0/workspace cpp/lpc_chip_15xx/Debug/liblpc_chip_15xx.a(ring_buffer.o)
RingBuffer_Insert                                 /Users/DucVoo/Documents/MCUXpressoIDE_11.0.0/workspace cpp/lpc_chip_15xx/Debug/liblpc_chip_15xx.a(ring_buffer.o)
                                                  /Users/DucVoo/Documents/MCUXpressoIDE_11.0.0/workspace cpp/lpc_chip_15xx/Debug/liblpc_chip_15xx.a(uart_15xx.o)
RingBuffer_InsertMult                             /Users/DucVoo/Documents/MCUXpressoIDE_11.0.0/workspace cpp/lpc_chip_15xx/Debug/liblpc_chip_15xx.a(ring_buffer.o)
                                                  /Users/DucVoo/Documents/MCUXpressoIDE_11.0.0/workspace cpp/lpc_chip_15xx/Debug/liblpc_chip_15xx.a(uart_15xx.o)
RingBuffer_Pop                                    /Users/DucVoo/Documents/MCUXpressoIDE_11.0.0/workspace cpp/lpc_chip_15xx/Debug/liblpc_chip_15xx.a(ring_buffer.o)
                                                  /Users/DucVoo/Documents/MCUXpressoIDE_11.0.0/workspace cpp/lpc_chip_15xx/Debug/liblpc_chip_15xx.a(uart_15xx.o)
RingBuffer_PopMult                                /Users/DucVoo/Documents/MCUXpressoIDE_11.0.0/workspace cpp/lpc_chip_15xx/Debug/liblpc_chip_15xx.a(ring_buffer.o)
                                                  /Users/DucVoo/Documents/MCUXpressoIDE_11.0.0/workspace cpp/lpc_chip_15xx/Debug/liblpc_chip_15xx.a(uart_15xx.o)
SCT0_IRQHandler                                   ./src/cr_startup_lpc15xx.o
SCT1_IRQHandler                                   ./src/cr_startup_lpc15xx.o
SCT2_IRQHandler                                   ./src/cr_startup_lpc15xx.o
SCT3_IRQHandler                                   ./src/cr_startup_lpc15xx.o
SPI0_IRQHandler                                   ./src/cr_startup_lpc15xx.o
SPI1_IRQHandler                                   ./src/cr_startup_lpc15xx.o
SVC_Handler                                       ./src/cr_startup_lpc15xx.o
Sleep(int)                                        ./src/ex3.o
SysTick_Handler                                   ./src/ex3.o
                                                  ./src/cr_startup_lpc15xx.o
SystemCoreClock                                   /Users/DucVoo/Documents/MCUXpressoIDE_11.0.0/workspace cpp/lpc_chip_15xx/Debug/liblpc_chip_15xx.a(chip_15xx.o)
SystemCoreClockUpdate                             /Users/DucVoo/Documents/MCUXpressoIDE_11.0.0/workspace cpp/lpc_chip_15xx/Debug/liblpc_chip_15xx.a(chip_15xx.o)
                                                  ./src/ex3.o
SystemInit                                        ./src/sysinit.o
                                                  ./src/cr_startup_lpc15xx.o
UART0_IRQHandler                                  ./src/cr_startup_lpc15xx.o
UART1_IRQHandler                                  ./src/cr_startup_lpc15xx.o
UART2_IRQHandler                                  ./src/cr_startup_lpc15xx.o
USBWakeup_IRQHandler                              ./src/cr_startup_lpc15xx.o
USB_FIQHandler                                    ./src/cr_startup_lpc15xx.o
USB_IRQHandler                                    ./src/cr_startup_lpc15xx.o
UsageFault_Handler                                ./src/cr_startup_lpc15xx.o
WDT_IRQHandler                                    ./src/cr_startup_lpc15xx.o
__aeabi_atexit                                    ./src/cr_cpp_config.o
__aeabi_idiv0                                     /Applications/MCUXpressoIDE_11.0.0_2516/ide/plugins/com.nxp.mcuxpresso.tools.macosx_11.0.0.201905131304/tools/bin/../lib/gcc/arm-none-eabi/8.2.1/thumb/v7-m/nofp/libgcc.a(_dvmd_tls.o)
__aeabi_ldiv0                                     /Applications/MCUXpressoIDE_11.0.0_2516/ide/plugins/com.nxp.mcuxpresso.tools.macosx_11.0.0.201905131304/tools/bin/../lib/gcc/arm-none-eabi/8.2.1/thumb/v7-m/nofp/libgcc.a(_dvmd_tls.o)
                                                  /Applications/MCUXpressoIDE_11.0.0_2516/ide/plugins/com.nxp.mcuxpresso.tools.macosx_11.0.0.201905131304/tools/bin/../lib/gcc/arm-none-eabi/8.2.1/thumb/v7-m/nofp/libgcc.a(_aeabi_uldivmod.o)
__aeabi_uldivmod                                  /Applications/MCUXpressoIDE_11.0.0_2516/ide/plugins/com.nxp.mcuxpresso.tools.macosx_11.0.0.201905131304/tools/bin/../lib/gcc/arm-none-eabi/8.2.1/thumb/v7-m/nofp/libgcc.a(_aeabi_uldivmod.o)
                                                  /Users/DucVoo/Documents/MCUXpressoIDE_11.0.0/workspace cpp/lpc_chip_15xx/Debug/liblpc_chip_15xx.a(clock_15xx.o)
__bss_section_table_end                           ./src/cr_startup_lpc15xx.o
__check_heap_overflow                             /Applications/MCUXpressoIDE_11.0.0_2516/ide/plugins/com.nxp.mcuxpresso.tools.macosx_11.0.0.201905131304/tools/bin/../lib/gcc/arm-none-eabi/8.2.1/../../../../arm-none-eabi/lib/thumb/v7-m/nofp/libcr_newlib_nohost.a(_cr_check_heap.o)
                                                  /Applications/MCUXpressoIDE_11.0.0_2516/ide/plugins/com.nxp.mcuxpresso.tools.macosx_11.0.0.201905131304/tools/bin/../lib/gcc/arm-none-eabi/8.2.1/../../../../arm-none-eabi/lib/thumb/v7-m/nofp/libcr_newlib_nohost.a(_cr_sbrk.o)
__data_section_table                              ./src/cr_startup_lpc15xx.o
__data_section_table_end                          ./src/cr_startup_lpc15xx.o