iocon_15xx.h:95:20:void Chip_IOCON_PinMuxSet(LPC_IOCON_T*, uint8_t, uint8_t, uint32_t)	24	static
gpio_15xx.h:121:20:bool Chip_GPIO_GetPinState(LPC_GPIO_T*, uint8_t, uint8_t)	16	static
gpio_15xx.h:146:20:void Chip_GPIO_SetPinDIROutput(LPC_GPIO_T*, uint8_t, uint8_t)	16	static
gpio_15xx.h:158:20:void Chip_GPIO_SetPinDIRInput(LPC_GPIO_T*, uint8_t, uint8_t)	16	static
atomic_base.h:80:3:constexpr std::memory_order std::operator&(std::memory_order, std::__memory_order_modifier)	16	static
DigitalIoPin.cpp:27:6:void SysTick_Handler()	8	static
DigitalIoPin.cpp:34:6:void Sleep(int)	16	static
DigitalIoPin.cpp:40:1:DigitalIoPin::DigitalIoPin(int, int, bool, bool, bool)	24	static
DigitalIoPin.cpp:53:5:int DigitalIoPin::measure_press()	24	static
DigitalIoPin.cpp:62:6:bool DigitalIoPin::read()	16	static
atomic_base.h:261:7:std::__atomic_base<_IntTp>::operator std::__atomic_base<_IntTp>::__int_type() const volatile [with _ITp = int]	24	static
atomic_base.h:291:7:std::__atomic_base<_IntTp>::__int_type std::__atomic_base<_IntTp>::operator--(int) volatile [with _ITp = int]	32	static
atomic_base.h:272:7:std::__atomic_base<_IntTp>::__int_type std::__atomic_base<_IntTp>::operator=(std::__atomic_base<_IntTp>::__int_type) volatile [with _ITp = int]	32	static
DigitalIoPin.cpp:64:1:void __static_initialization_and_destruction_0(int, int)	16	static
DigitalIoPin.cpp:64:1:cpp)	8	static
