core_cm3.h:1405:22:void NVIC_SetPriority(IRQn_Type, uint32_t)	16	static
core_cm3.h:1532:26:uint32_t SysTick_Config(uint32_t)	16	static
clock_15xx.h:500:20:void Chip_Clock_SetSysTickClockDiv(uint32_t)	16	static
iocon_15xx.h:95:20:void Chip_IOCON_PinMuxSet(LPC_IOCON_T*, uint8_t, uint8_t, uint32_t)	24	static
gpio_15xx.h:121:20:bool Chip_GPIO_GetPinState(LPC_GPIO_T*, uint8_t, uint8_t)	16	static
gpio_15xx.h:146:20:void Chip_GPIO_SetPinDIROutput(LPC_GPIO_T*, uint8_t, uint8_t)	16	static
gpio_15xx.h:158:20:void Chip_GPIO_SetPinDIRInput(LPC_GPIO_T*, uint8_t, uint8_t)	16	static
atomic_base.h:80:3:constexpr std::memory_order std::operator&(std::memory_order, std::__memory_order_modifier)	16	static
lab02.cpp:26:10:void SysTick_Handler()	8	static
lab02.cpp:33:6:void Sleep(int)	16	static
lab02.cpp:55:1:DigitalIoPin::DigitalIoPin(int, int, bool, bool, bool)	24	static
lab02.cpp:73:5:int DigitalIoPin::measure_press()	24	static
lab02.cpp:82:6:bool DigitalIoPin::read()	16	static
lab02.cpp:93:1:Printer::Printer()	16	static
lab02.cpp:97:6:)	284	static
lab02.cpp:107:5:int main()	64	static
atomic_base.h:261:7:std::__atomic_base<_IntTp>::operator std::__atomic_base<_IntTp>::__int_type() const volatile [with _ITp = int]	24	static
atomic_base.h:291:7:std::__atomic_base<_IntTp>::__int_type std::__atomic_base<_IntTp>::operator--(int) volatile [with _ITp = int]	32	static
atomic_base.h:272:7:std::__atomic_base<_IntTp>::__int_type std::__atomic_base<_IntTp>::operator=(std::__atomic_base<_IntTp>::__int_type) volatile [with _ITp = int]	32	static
lab02.cpp:136:1:void __static_initialization_and_destruction_0(int, int)	16	static
lab02.cpp:136:1:cpp)	8	static
